Archive member included to satisfy reference by file (symbol)

d:/programs/atollic truestudio/truestudio for stm32 9.3.0/armtools/bin/../lib/gcc/arm-atollic-eabi/6.3.1/../../../../arm-atollic-eabi/lib/armv7-m\libstdc++_nano.a(si_class_type_info.o)
                              Core\Src\Filters.o (vtable for __cxxabiv1::__si_class_type_info)
d:/programs/atollic truestudio/truestudio for stm32 9.3.0/armtools/bin/../lib/gcc/arm-atollic-eabi/6.3.1/../../../../arm-atollic-eabi/lib/armv7-m\libstdc++_nano.a(del_op.o)
                              Core\Src\AllTasks.o (operator delete(void*))
d:/programs/atollic truestudio/truestudio for stm32 9.3.0/armtools/bin/../lib/gcc/arm-atollic-eabi/6.3.1/../../../../arm-atollic-eabi/lib/armv7-m\libstdc++_nano.a(atexit_arm.o)
                              Core\Src\AllTasks.o (__aeabi_atexit)
d:/programs/atollic truestudio/truestudio for stm32 9.3.0/armtools/bin/../lib/gcc/arm-atollic-eabi/6.3.1/../../../../arm-atollic-eabi/lib/armv7-m\libstdc++_nano.a(pure.o)
                              Core\Src\Filters.o (__cxa_pure_virtual)
d:/programs/atollic truestudio/truestudio for stm32 9.3.0/armtools/bin/../lib/gcc/arm-atollic-eabi/6.3.1/../../../../arm-atollic-eabi/lib/armv7-m\libstdc++_nano.a(eh_terminate.o)
                              d:/programs/atollic truestudio/truestudio for stm32 9.3.0/armtools/bin/../lib/gcc/arm-atollic-eabi/6.3.1/../../../../arm-atollic-eabi/lib/armv7-m\libstdc++_nano.a(pure.o) (std::terminate())
d:/programs/atollic truestudio/truestudio for stm32 9.3.0/armtools/bin/../lib/gcc/arm-atollic-eabi/6.3.1/../../../../arm-atollic-eabi/lib/armv7-m\libstdc++_nano.a(new_op.o)
                              Core\Src\Futaba.o (operator new(unsigned int))
d:/programs/atollic truestudio/truestudio for stm32 9.3.0/armtools/bin/../lib/gcc/arm-atollic-eabi/6.3.1/../../../../arm-atollic-eabi/lib/armv7-m\libstdc++_nano.a(eh_arm.o)
                              Core\Src\Filters.o (__cxa_end_cleanup)
d:/programs/atollic truestudio/truestudio for stm32 9.3.0/armtools/bin/../lib/gcc/arm-atollic-eabi/6.3.1/../../../../arm-atollic-eabi/lib/armv7-m\libstdc++_nano.a(eh_personality.o)
                              Core\Src\Filters.o (__gxx_personality_v0)
d:/programs/atollic truestudio/truestudio for stm32 9.3.0/armtools/bin/../lib/gcc/arm-atollic-eabi/6.3.1/../../../../arm-atollic-eabi/lib/armv7-m\libstdc++_nano.a(eh_term_handler.o)
                              d:/programs/atollic truestudio/truestudio for stm32 9.3.0/armtools/bin/../lib/gcc/arm-atollic-eabi/6.3.1/../../../../arm-atollic-eabi/lib/armv7-m\libstdc++_nano.a(eh_terminate.o) (__cxxabiv1::__terminate_handler)
d:/programs/atollic truestudio/truestudio for stm32 9.3.0/armtools/bin/../lib/gcc/arm-atollic-eabi/6.3.1/../../../../arm-atollic-eabi/lib/armv7-m\libstdc++_nano.a(del_ops.o)
                              d:/programs/atollic truestudio/truestudio for stm32 9.3.0/armtools/bin/../lib/gcc/arm-atollic-eabi/6.3.1/../../../../arm-atollic-eabi/lib/armv7-m\libstdc++_nano.a(si_class_type_info.o) (operator delete(void*, unsigned int))
d:/programs/atollic truestudio/truestudio for stm32 9.3.0/armtools/bin/../lib/gcc/arm-atollic-eabi/6.3.1/../../../../arm-atollic-eabi/lib/armv7-m\libstdc++_nano.a(new_handler.o)
                              d:/programs/atollic truestudio/truestudio for stm32 9.3.0/armtools/bin/../lib/gcc/arm-atollic-eabi/6.3.1/../../../../arm-atollic-eabi/lib/armv7-m\libstdc++_nano.a(new_op.o) (std::get_new_handler())
d:/programs/atollic truestudio/truestudio for stm32 9.3.0/armtools/bin/../lib/gcc/arm-atollic-eabi/6.3.1/../../../../arm-atollic-eabi/lib/armv7-m\libstdc++_nano.a(class_type_info.o)
                              d:/programs/atollic truestudio/truestudio for stm32 9.3.0/armtools/bin/../lib/gcc/arm-atollic-eabi/6.3.1/../../../../arm-atollic-eabi/lib/armv7-m\libstdc++_nano.a(si_class_type_info.o) (__cxxabiv1::__class_type_info::__do_upcast(__cxxabiv1::__class_type_info const*, void**) const)
d:/programs/atollic truestudio/truestudio for stm32 9.3.0/armtools/bin/../lib/gcc/arm-atollic-eabi/6.3.1/../../../../arm-atollic-eabi/lib/armv7-m\libstdc++_nano.a(eh_unex_handler.o)
                              d:/programs/atollic truestudio/truestudio for stm32 9.3.0/armtools/bin/../lib/gcc/arm-atollic-eabi/6.3.1/../../../../arm-atollic-eabi/lib/armv7-m\libstdc++_nano.a(eh_terminate.o) (__cxxabiv1::__unexpected_handler)
d:/programs/atollic truestudio/truestudio for stm32 9.3.0/armtools/bin/../lib/gcc/arm-atollic-eabi/6.3.1/../../../../arm-atollic-eabi/lib/armv7-m\libstdc++_nano.a(tinfo.o)
                              d:/programs/atollic truestudio/truestudio for stm32 9.3.0/armtools/bin/../lib/gcc/arm-atollic-eabi/6.3.1/../../../../arm-atollic-eabi/lib/armv7-m\libstdc++_nano.a(class_type_info.o) (std::type_info::~type_info())
d:/programs/atollic truestudio/truestudio for stm32 9.3.0/armtools/bin/../lib/gcc/arm-atollic-eabi/6.3.1/../../../../arm-atollic-eabi/lib/armv7-m\libstdc++_nano.a(eh_exception.o)
[...]
Memory Configuration

Name             Origin             Length             Attributes
RAM              0x20000000         0x00005000         xrw
FLASH            0x08000000         0x00020000         xr
*default*        0x00000000         0xffffffff

Linker script and memory map

LOAD d:/programs/atollic truestudio/truestudio for stm32 9.3.0/armtools/bin/../lib/gcc/arm-atollic-eabi/6.3.1/armv7-m/crti.o
LOAD d:/programs/atollic truestudio/truestudio for stm32 9.3.0/armtools/bin/../lib/gcc/arm-atollic-eabi/6.3.1/armv7-m/crtbegin.o
LOAD Core\Src\AllTasks.o
LOAD Core\Src\CanSendManager.o
LOAD Core\Src\Filters.o
LOAD Core\Src\Futaba.o
LOAD Core\Src\Mathematics.o
LOAD Core\Src\ModeManager.o
LOAD Core\Src\MotorManager.o
LOAD Core\Src\Tools.o
LOAD Core\Src\bitoperations.o
LOAD Core\Src\can.o
LOAD Core\Src\gpio.o
LOAD Core\Src\main.o
LOAD Core\Src\stm32f1xx_hal_msp.o
LOAD Core\Src\stm32f1xx_it.o
LOAD Core\Src\syscalls.o
LOAD Core\Src\system_stm32f1xx.o
LOAD Core\Src\tim.o
LOAD Core\Src\usart.o
LOAD Drivers\STM32F1xx_HAL_Driver\Src\stm32f1xx_hal.o
LOAD Drivers\STM32F1xx_HAL_Driver\Src\stm32f1xx_hal_can.o
LOAD Drivers\STM32F1xx_HAL_Driver\Src\stm32f1xx_hal_cortex.o
LOAD Drivers\STM32F1xx_HAL_Driver\Src\stm32f1xx_hal_dma.o
LOAD Drivers\STM32F1xx_HAL_Driver\Src\stm32f1xx_hal_exti.o
LOAD Drivers\STM32F1xx_HAL_Driver\Src\stm32f1xx_hal_flash.o
LOAD Drivers\STM32F1xx_HAL_Driver\Src\stm32f1xx_hal_flash_ex.o
LOAD Drivers\STM32F1xx_HAL_Driver\Src\stm32f1xx_hal_gpio.o
LOAD Drivers\STM32F1xx_HAL_Driver\Src\stm32f1xx_hal_gpio_ex.o
LOAD Drivers\STM32F1xx_HAL_Driver\Src\stm32f1xx_hal_pwr.o
LOAD Drivers\STM32F1xx_HAL_Driver\Src\stm32f1xx_hal_rcc.o
LOAD Drivers\STM32F1xx_HAL_Driver\Src\stm32f1xx_hal_rcc_ex.o
LOAD Drivers\STM32F1xx_HAL_Driver\Src\stm32f1xx_hal_tim.o
LOAD Drivers\STM32F1xx_HAL_Driver\Src\stm32f1xx_hal_tim_ex.o
LOAD Drivers\STM32F1xx_HAL_Driver\Src\stm32f1xx_hal_uart.o
LOAD startup\startup_stm32f103xb.o
                0x00001000                malloc_getpagesize_P = 0x1000
START GROUP
LOAD d:/programs/atollic truestudio/truestudio for stm32 9.3.0/armtools/bin/../lib/gcc/arm-atollic-eabi/6.3.1/../../../../arm-atollic-eabi/lib/armv7-m\libstdc++_nano.a
LOAD d:/programs/atollic truestudio/truestudio for stm32 9.3.0/armtools/bin/../lib/gcc/arm-atollic-eabi/6.3.1/../../../../arm-atollic-eabi/lib/armv7-m\libsupc++_nano.a
END GROUP
LOAD d:/programs/atollic truestudio/truestudio for stm32 9.3.0/armtools/bin/../lib/gcc/arm-atollic-eabi/6.3.1/../../../../arm-atollic-eabi/lib/armv7-m\libstdc++_nano.a
LOAD d:/programs/atollic truestudio/truestudio for stm32 9.3.0/armtools/bin/../lib/gcc/arm-atollic-eabi/6.3.1/../../../../arm-atollic-eabi/lib/armv7-m\libm.a
LOAD d:/programs/atollic truestudio/truestudio for stm32 9.3.0/armtools/bin/../lib/gcc/arm-atollic-eabi/6.3.1/../../../../arm-atollic-eabi/lib/armv7-m\libc_nano.a
START GROUP
LOAD d:/programs/atollic truestudio/truestudio for stm32 9.3.0/armtools/bin/../lib/gcc/arm-atollic-eabi/6.3.1/armv7-m\libgcc.a
LOAD d:/programs/atollic truestudio/truestudio for stm32 9.3.0/armtools/bin/../lib/gcc/arm-atollic-eabi/6.3.1/../../../../arm-atollic-eabi/lib/armv7-m\libc_nano.a
END GROUP
START GROUP
LOAD d:/programs/atollic truestudio/truestudio for stm32 9.3.0/armtools/bin/../lib/gcc/arm-atollic-eabi/6.3.1/armv7-m\libgcc.a
LOAD d:/programs/atollic truestudio/truestudio for stm32 9.3.0/armtools/bin/../lib/gcc/arm-atollic-eabi/6.3.1/../../../../arm-atollic-eabi/lib/armv7-m\libc_nano.a
LOAD d:/programs/atollic truestudio/truestudio for stm32 9.3.0/armtools/bin/../lib/gcc/arm-atollic-eabi/6.3.1/../../../../arm-atollic-eabi/lib/armv7-m\libnosys.a
END GROUP
START GROUP
LOAD d:/programs/atollic truestudio/truestudio for stm32 9.3.0/armtools/bin/../lib/gcc/arm-atollic-eabi/6.3.1/armv7-m\libgcc.a
LOAD d:/programs/atollic truestudio/truestudio for stm32 9.3.0/armtools/bin/../lib/gcc/arm-atollic-eabi/6.3.1/../../../../arm-atollic-eabi/lib/armv7-m\libc_nano.a
LOAD d:/programs/atollic truestudio/truestudio for stm32 9.3.0/armtools/bin/../lib/gcc/arm-atollic-eabi/6.3.1/../../../../arm-atollic-eabi/lib/armv7-m\libnosys.a
END GROUP
LOAD d:/programs/atollic truestudio/truestudio for stm32 9.3.0/armtools/bin/../lib/gcc/arm-atollic-eabi/6.3.1/armv7-m/crtend.o
LOAD d:/programs/atollic truestudio/truestudio for stm32 9.3.0/armtools/bin/../lib/gcc/arm-atollic-eabi/6.3.1/armv7-m/crtn.o
                0x20005000                _estack = 0x20005000
                0x00000200                _Min_Heap_Size = 0x200
                0x00000400                _Min_Stack_Size = 0x400

.isr_vector     0x08000000      0x10c
                0x08000000                . = ALIGN (0x4)
 *(.isr_vector)
 .isr_vector    0x08000000      0x10c startup\startup_stm32f103xb.o
                0x08000000                g_pfnVectors
                0x0800010c                . = ALIGN (0x4)

.text           0x08000110     0x6aec
                0x08000110                . = ALIGN (0x4)
 *(.text)
 .text          0x08000110       0x40 d:/programs/atollic truestudio/truestudio for stm32 9.3.0/armtools/bin/../lib/gcc/arm-atollic-eabi/6.3.1/armv7-m/crtbegin.o
 .text          0x08000150       0x14 d:/programs/atollic truestudio/truestudio for stm32 9.3.0/armtools/bin/../lib/gcc/arm-atollic-eabi/6.3.1/../../../../arm-atollic-eabi/lib/armv7-m\libc_nano.a(lib_a-strcmp.o)
                0x08000150                strcmp
 .text          0x08000164      0x370 d:/programs/atollic truestudio/truestudio for stm32 9.3.0/armtools/bin/../lib/gcc/arm-atollic-eabi/6.3.1/armv7-m\libgcc.a(_arm_addsubdf3.o)
                0x08000164                __aeabi_drsub
                0x0800016c                __aeabi_dsub
                0x0800016c                __subdf3
                0x08000170                __aeabi_dadd
                0x08000170                __adddf3
                0x080003e8                __floatunsidf
                0x080003e8                __aeabi_ui2d
                0x08000408                __floatsidf
                0x08000408                __aeabi_i2d
                0x0800042c                __aeabi_f2d
                0x0800042c                __extendsfdf2
                0x08000468                __floatundidf
                0x08000468                __aeabi_ul2d
                0x08000478                __floatdidf
                0x08000478                __aeabi_l2d
 .text          0x080004d4      0x424 d:/programs/atollic truestudio/truestudio for stm32 9.3.0/armtools/bin/../lib/gcc/arm-atollic-eabi/6.3.1/armv7-m\libgcc.a(_arm_muldivdf3.o)
                0x080004d4                __aeabi_dmul
                0x080004d4                __muldf3
                0x08000728                __divdf3
                0x08000728                __aeabi_ddiv
 .text          0x080008f8      0x110 d:/programs/atollic truestudio/truestudio for stm32 9.3.0/armtools/bin/../lib/gcc/arm-atollic-eabi/6.3.1/armv7-m\libgcc.a(_arm_cmpdf2.o)
                0x080008f8                __gtdf2
                0x080008f8                __gedf2
                0x08000900                __ltdf2
                0x08000900                __ledf2
                0x08000908                __nedf2
                0x08000908                __eqdf2
                0x08000908                __cmpdf2
                0x08000984                __aeabi_cdrcmple
                0x08000994                __aeabi_cdcmpeq
                0x08000994                __aeabi_cdcmple
                0x080009a4                __aeabi_dcmpeq
                0x080009b8                __aeabi_dcmplt
                0x080009cc                __aeabi_dcmple
                0x080009e0                __aeabi_dcmpge
                0x080009f4                __aeabi_dcmpgt
 .text          0x08000a08       0x2c d:/programs/atollic truestudio/truestudio for stm32 9.3.0/armtools/bin/../lib/gcc/arm-atollic-eabi/6.3.1/armv7-m\libgcc.a(_arm_unorddf2.o)
                0x08000a08                __unorddf2
                0x08000a08                __aeabi_dcmpun
 .text          0x08000a34       0x50 d:/programs/atollic truestudio/truestudio for stm32 9.3.0/armtools/bin/../lib/gcc/arm-atollic-eabi/6.3.1/armv7-m\libgcc.a(_arm_fixdfsi.o)
                0x08000a34                __aeabi_d2iz
                0x08000a34                __fixdfsi
 .text          0x08000a84       0x40 d:/programs/atollic truestudio/truestudio for stm32 9.3.0/armtools/bin/../lib/gcc/arm-atollic-eabi/6.3.1/armv7-m\libgcc.a(_arm_fixunsdfsi.o)
                0x08000a84                __aeabi_d2uiz
                0x08000a84                __fixunsdfsi
 .text          0x08000ac4      0x21c d:/programs/atollic truestudio/truestudio for stm32 9.3.0/armtools/bin/../lib/gcc/arm-atollic-eabi/6.3.1/armv7-m\libgcc.a(_arm_addsubsf3.o)
                0x08000ac4                __aeabi_frsub
                0x08000acc                __subsf3
                0x08000acc                __aeabi_fsub
                0x08000ad0                __aeabi_fadd
                0x08000ad0                __addsf3
                0x08000c30                __aeabi_ui2f
                0x08000c30                __floatunsisf
                0x08000c38                __aeabi_i2f
                0x08000c38                __floatsisf
                0x08000c54                __aeabi_ul2f
                0x08000c54                __floatundisf
                0x08000c64                __aeabi_l2f
                0x08000c64                __floatdisf
 .text          0x08000ce0      0x2a0 d:/programs/atollic truestudio/truestudio for stm32 9.3.0/armtools/bin/../lib/gcc/arm-atollic-eabi/6.3.1/armv7-m\libgcc.a(_arm_muldivsf3.o)
                0x08000ce0                __mulsf3
                0x08000ce0                __aeabi_fmul
                0x08000e48                __aeabi_fdiv
                0x08000e48                __divsf3
 .text          0x08000f80       0xec d:/programs/atollic truestudio/truestudio for stm32 9.3.0/armtools/bin/../lib/gcc/arm-atollic-eabi/6.3.1/armv7-m\libgcc.a(_arm_cmpsf2.o)
                0x08000f80                __gesf2
                0x08000f80                __gtsf2
                0x08000f88                __lesf2
                0x08000f88                __ltsf2
                0x08000f90                __nesf2
                0x08000f90                __eqsf2
                0x08000f90                __cmpsf2
                0x08000ff0                __aeabi_cfrcmple
                0x08000ff8                __aeabi_cfcmpeq
                0x08000ff8                __aeabi_cfcmple
                0x08001008                __aeabi_fcmpeq
                0x0800101c                __aeabi_fcmplt
                0x08001030                __aeabi_fcmple
                0x08001044                __aeabi_fcmpge
                0x08001058                __aeabi_fcmpgt
 .text          0x0800106c       0x40 d:/programs/atollic truestudio/truestudio for stm32 9.3.0/armtools/bin/../lib/gcc/arm-atollic-eabi/6.3.1/armv7-m\libgcc.a(_arm_fixunssfsi.o)
                0x0800106c                __fixunssfsi
                0x0800106c                __aeabi_f2uiz
 .text          0x080010ac      0x9dc d:/programs/atollic truestudio/truestudio for stm32 9.3.0/armtools/bin/../lib/gcc/arm-atollic-eabi/6.3.1/armv7-m\libgcc.a(unwind-arm.o)
                0x08001370                _Unwind_GetCFA
                0x08001374                __gnu_Unwind_RaiseException
                0x080013d4                __gnu_Unwind_ForcedUnwind
                0x080013e8                __gnu_Unwind_Resume
                0x0800142c                __gnu_Unwind_Resume_or_Rethrow
                0x08001440                _Unwind_Complete
                0x08001444                _Unwind_DeleteException
                0x08001450                _Unwind_VRS_Get
                0x0800149c                _Unwind_VRS_Set
                0x080014ec                __gnu_Unwind_Backtrace
                0x08001830                __aeabi_unwind_cpp_pr0
                0x08001834                __aeabi_unwind_cpp_pr1
                0x08001838                __aeabi_unwind_cpp_pr2
                0x0800183c                _Unwind_VRS_Pop
 .text          0x08001a88      0x1ac d:/programs/atollic truestudio/truestudio for stm32 9.3.0/armtools/bin/../lib/gcc/arm-atollic-eabi/6.3.1/armv7-m\libgcc.a(libunwind.o)
                0x08001a88                __restore_core_regs
                0x08001a88                restore_core_regs
                0x08001aa0                __gnu_Unwind_Restore_VFP
                0x08001aa8                __gnu_Unwind_Save_VFP
                0x08001ab0                __gnu_Unwind_Restore_VFP_D
                0x08001ab8                __gnu_Unwind_Save_VFP_D
                0x08001ac0                __gnu_Unwind_Restore_VFP_D_16_to_31
                0x08001ac8                __gnu_Unwind_Save_VFP_D_16_to_31
                0x08001ad0                __gnu_Unwind_Restore_WMMXD
                0x08001b14                __gnu_Unwind_Save_WMMXD
                0x08001b58                __gnu_Unwind_Restore_WMMXC
                0x08001b6c                __gnu_Unwind_Save_WMMXC
                0x08001b80                ___Unwind_RaiseException
                0x08001b80                _Unwind_RaiseException
                0x08001ba4                _Unwind_Resume
                0x08001ba4                ___Unwind_Resume
                0x08001bc8                _Unwind_Resume_or_Rethrow
                0x08001bc8                ___Unwind_Resume_or_Rethrow
                0x08001bec                _Unwind_ForcedUnwind
                0x08001bec                ___Unwind_ForcedUnwind
                0x08001c10                ___Unwind_Backtrace
                0x08001c10                _Unwind_Backtrace
 .text          0x08001c34      0x384 d:/programs/atollic truestudio/truestudio for stm32 9.3.0/armtools/bin/../lib/gcc/arm-atollic-eabi/6.3.1/armv7-m\libgcc.a(pr-support.o)
                0x08001c8c                __gnu_unwind_execute
                0x08001f5c                __gnu_unwind_frame
                0x08001f88                _Unwind_GetRegionStart
                0x08001f94                _Unwind_GetLanguageSpecificData
                0x08001fa8                _Unwind_GetTextRelBase
                0x08001fb0                _Unwind_GetDataRelBase
 *(.text*)
 .text._ZN8AllTasksC2Ev
                0x08001fb8       0x20 Core\Src\AllTasks.o
                0x08001fb8                AllTasks::AllTasks()
                0x08001fb8                AllTasks::AllTasks()
 .text._ZN8AllTasks7processEv
                0x08001fd8       0x24 Core\Src\AllTasks.o
                0x08001fd8                AllTasks::process()
 .text._ZN8AllTasksD2Ev
                0x08001ffc       0x20 Core\Src\AllTasks.o
                0x08001ffc                AllTasks::~AllTasks()
                0x08001ffc                AllTasks::~AllTasks()
 .text._ZN8AllTasksD0Ev
                0x0800201c       0x1e Core\Src\AllTasks.o
                0x0800201c                AllTasks::~AllTasks()
 *fill*         0x0800203a        0x2 
 .text._Z41__static_initialization_and_destruction_0ii
                0x0800203c       0x40 Core\Src\AllTasks.o
 .text._GLOBAL__sub_I_allTasks
                0x0800207c       0x10 Core\Src\AllTasks.o
 .text._ZN14CanSendManager7sendMsgENS_9SEND_MODEEPh
                0x0800208c       0x18 Core\Src\CanSendManager.o
                0x0800208c                CanSendManager::sendMsg(CanSendManager::SEND_MODE, unsigned char*)
 .text._ZN14CanSendManager7getSignEf
                0x080020a4       0x28 Core\Src\CanSendManager.o
                0x080020a4                CanSendManager::getSign(float)
 .text._ZN14CanSendManager21convertFloatToUint16tEf
                0x080020cc       0x7a Core\Src\CanSendManager.o
                0x080020cc                CanSendManager::convertFloatToUint16t(float)
 .text._ZN14CanSendManager14convertToFrameEht
                0x08002146       0x42 Core\Src\CanSendManager.o
                0x08002146                CanSendManager::convertToFrame(unsigned char, unsigned short)
 .text._ZN14CanSendManager23encode_frame_big_endianEPhh
                0x08002188       0x58 Core\Src\CanSendManager.o
                0x08002188                CanSendManager::encode_frame_big_endian(unsigned char*, unsigned char)
 .text._ZN14CanSendManager7processEffNS_9SEND_MODEE
                0x080021e0       0x5e Core\Src\CanSendManager.o
                0x080021e0                CanSendManager::process(float, float, CanSendManager::SEND_MODE)
 .text._ZN14CanSendManager11setVelocityEff
                0x0800223e       0x20 Core\Src\CanSendManager.o
                0x0800223e                CanSendManager::setVelocity(float, float)
 .text._ZN14CanSendManager7setTurnEff
                0x0800225e       0x20 Core\Src\CanSendManager.o
                0x0800225e                CanSendManager::setTurn(float, float)
 .text._ZN14CanSendManager9setStatusEN11ModeManager7RC_MODEENS0_10DRIVE_MODEE
                0x0800227e       0x82 Core\Src\CanSendManager.o
                0x0800227e                CanSendManager::setStatus(ModeManager::RC_MODE, ModeManager::DRIVE_MODE)
 .text._ZN14CanSendManagerC2Ev
                0x08002300       0x20 Core\Src\CanSendManager.o
                0x08002300                CanSendManager::CanSendManager()
                0x08002300                CanSendManager::CanSendManager()
 .text._ZN14CanSendManagerD2Ev
                0x08002320       0x20 Core\Src\CanSendManager.o
                0x08002320                CanSendManager::~CanSendManager()
                0x08002320                CanSendManager::~CanSendManager()
 .text._ZN14CanSendManagerD0Ev
                0x08002340       0x1e Core\Src\CanSendManager.o
                0x08002340                CanSendManager::~CanSendManager()
 .text._ZSt3powIiiEN9__gnu_cxx11__promote_2IT_T0_NS0_9__promoteIS2_XsrSt12__is_integerIS2_E7__valueEE6__typeENS4_IS3_XsrS5_IS3_E7__valueEE6__typeEE6__typeES2_S3_
                0x0800235e       0x34 Core\Src\CanSendManager.o
                0x0800235e                __gnu_cxx::__promote_2<int, int, __gnu_cxx::__promote<int, std::__is_integer<int>::__value>::__type, __gnu_cxx::__promote<int, std::__is_integer<int>::__value>::__type>::__type std::pow<int, int>(int, int)
 *fill*         0x08002392        0x2 
 .text._Z41__static_initialization_and_destruction_0ii
                0x08002394       0x40 Core\Src\CanSendManager.o
 .text._GLOBAL__sub_I_canSendManager
                0x080023d4       0x10 Core\Src\CanSendManager.o
 .text._ZN6Futaba15sbusDataReceiveEh
                0x080023e4       0xac Core\Src\Futaba.o
                0x080023e4                Futaba::sbusDataReceive(unsigned char)
 .text._ZN6Futaba15sbusFrameStatusEv
                0x08002490       0x66 Core\Src\Futaba.o
                0x08002490                Futaba::sbusFrameStatus()
 .text._ZN6Futaba18sbusChannelsDecodeEv
                0x080024f6      0x1c6 Core\Src\Futaba.o
                0x080024f6                Futaba::sbusChannelsDecode()
 .text._ZN6Futaba16sbusChannelsInitEv
                0x080026bc       0xac Core\Src\Futaba.o
                0x080026bc                Futaba::sbusChannelsInit()
 .text._ZN6Futaba4InitEv
                0x08002768       0x38 Core\Src\Futaba.o
                0x08002768                Futaba::Init()
 .text._ZN6Futaba11Get_RCStateEv
                0x080027a0       0x1a Core\Src\Futaba.o
                0x080027a0                Futaba::Get_RCState()
 *fill*         0x080027ba        0x2 
 .text._ZN6Futaba7ProcessEv
                0x080027bc       0xc4 Core\Src\Futaba.o
                0x080027bc                Futaba::Process()
 .text._ZN6Futaba16ProcessSmoothingEv
                0x08002880       0x38 Core\Src\Futaba.o
                0x08002880                Futaba::ProcessSmoothing()
 .text._ZN6Futaba11ConversionsEv
                0x080028b8      0x1f0 Core\Src\Futaba.o
                0x080028b8                Futaba::Conversions()
 .text._ZN6Futaba10RCCommandsEv
                0x08002aa8      0x2f0 Core\Src\Futaba.o
                0x08002aa8                Futaba::RCCommands()
 .text._ZN6Futaba10RxCallbackEv
                0x08002d98       0x16 Core\Src\Futaba.o
                0x08002d98                Futaba::RxCallback()
 *fill*         0x08002dae        0x2 
 .text._ZN6FutabaC2Ev
                0x08002db0       0x90 Core\Src\Futaba.o
                0x08002db0                Futaba::Futaba()
                0x08002db0                Futaba::Futaba()
 .text._ZN6FutabaD2Ev
                0x08002e40       0x20 Core\Src\Futaba.o
                0x08002e40                Futaba::~Futaba()
                0x08002e40                Futaba::~Futaba()
 .text._ZN6FutabaD0Ev
                0x08002e60       0x1e Core\Src\Futaba.o
                0x08002e60                Futaba::~Futaba()
 .text._ZSt3absImEN9__gnu_cxx11__enable_ifIXsrSt12__is_integerIT_E7__valueEdE6__typeES3_
                0x08002e7e       0x1c Core\Src\Futaba.o
                0x08002e7e                __gnu_cxx::__enable_if<std::__is_integer<unsigned long>::__value, double>::__type std::abs<unsigned long>(unsigned long)
 *fill*         0x08002e9a        0x2 
 .text._Z41__static_initialization_and_destruction_0ii
                0x08002e9c       0x40 Core\Src\Futaba.o
 .text._GLOBAL__sub_I_futaba
                0x08002edc       0x10 Core\Src\Futaba.o
 .text._ZN11ModeManager8proccessEv
                0x08002eec       0x40 Core\Src\ModeManager.o
                0x08002eec                ModeManager::proccess()
 .text._ZN11ModeManager8setModesEv
                0x08002f2c       0x8c Core\Src\ModeManager.o
                0x08002f2c                ModeManager::setModes()
 .text._ZN11ModeManager13checkRideModeEv
                0x08002fb8       0x38 Core\Src\ModeManager.o
                0x08002fb8                ModeManager::checkRideMode()
 .text._ZN11ModeManager21checkUnlockDriveTimerEv
                0x08002ff0       0x4e Core\Src\ModeManager.o
                0x08002ff0                ModeManager::checkUnlockDriveTimer()
 .text._ZN11ModeManager21startUnlockDriveTimerEv
                0x0800303e       0x18 Core\Src\ModeManager.o
                0x0800303e                ModeManager::startUnlockDriveTimer()
 .text._ZN11ModeManager21breakUnlockDriveTimerEv
                0x08003056       0x18 Core\Src\ModeManager.o
                0x08003056                ModeManager::breakUnlockDriveTimer()
 .text._ZN11ModeManager9getRCmodeEv
                0x0800306e       0x16 Core\Src\ModeManager.o
                0x0800306e                ModeManager::getRCmode()
 .text._ZN11ModeManager12getDriveModeEv
                0x08003084       0x16 Core\Src\ModeManager.o
                0x08003084                ModeManager::getDriveMode()
 .text._ZN11ModeManager11getRideModeEv
                0x0800309a       0x16 Core\Src\ModeManager.o
                0x0800309a                ModeManager::getRideMode()
 .text._ZN11ModeManagerC2Ev
                0x080030b0       0x48 Core\Src\ModeManager.o
                0x080030b0                ModeManager::ModeManager()
                0x080030b0                ModeManager::ModeManager()
 .text._ZN11ModeManagerD2Ev
                0x080030f8       0x20 Core\Src\ModeManager.o
                0x080030f8                ModeManager::~ModeManager()
                0x080030f8                ModeManager::~ModeManager()
 .text._ZN11ModeManagerD0Ev
                0x08003118       0x1e Core\Src\ModeManager.o
                0x08003118                ModeManager::~ModeManager()
 *fill*         0x08003136        0x2 
 .text._Z41__static_initialization_and_destruction_0ii
                0x08003138       0x40 Core\Src\ModeManager.o
 .text._GLOBAL__sub_I_mode_manager
                0x08003178       0x10 Core\Src\ModeManager.o
 .text._ZN12MotorManager7processEv
                0x08003188       0x22 Core\Src\MotorManager.o
                0x08003188                MotorManager::process()
 *fill*         0x080031aa        0x2 
 .text._ZN12MotorManager14DriveModeCheckEv
                0x080031ac       0x24 Core\Src\MotorManager.o
                0x080031ac                MotorManager::DriveModeCheck()
 .text._ZN12MotorManager11RCModeCheckEv
                0x080031d0      0x148 Core\Src\MotorManager.o
                0x080031d0                MotorManager::RCModeCheck()
 .text._ZN12MotorManager14setMaxVelocityEv
                0x08003318       0x78 Core\Src\MotorManager.o
                0x08003318                MotorManager::setMaxVelocity()
 .text._ZN12MotorManager14getMaxVelocityEv
                0x08003390       0x16 Core\Src\MotorManager.o
                0x08003390                MotorManager::getMaxVelocity()
 *fill*         0x080033a6        0x2 
 .text._ZN12MotorManagerC2Ev
                0x080033a8       0x24 Core\Src\MotorManager.o
                0x080033a8                MotorManager::MotorManager()
                0x080033a8                MotorManager::MotorManager()
 .text._ZN12MotorManagerD2Ev
                0x080033cc       0x20 Core\Src\MotorManager.o
                0x080033cc                MotorManager::~MotorManager()
                0x080033cc                MotorManager::~MotorManager()
 .text._ZN12MotorManagerD0Ev
                0x080033ec       0x1e Core\Src\MotorManager.o
                0x080033ec                MotorManager::~MotorManager()
 *fill*         0x0800340a        0x2 
 .text._Z41__static_initialization_and_destruction_0ii
                0x0800340c       0x40 Core\Src\MotorManager.o
 .text._GLOBAL__sub_I_motor_manager
                0x0800344c       0x10 Core\Src\MotorManager.o
 .text._ZN5Tools9GetMicrosEv
                0x0800345c       0x18 Core\Src\Tools.o
                0x0800345c                Tools::GetMicros()
 .text._ZN5Tools4InitEv
                0x08003474       0x34 Core\Src\Tools.o
                0x08003474                Tools::Init()
 .text._ZN5ToolsC2Ev
                0x080034a8       0x24 Core\Src\Tools.o
                0x080034a8                Tools::Tools()
                0x080034a8                Tools::Tools()
 .text._ZN5ToolsD2Ev
                0x080034cc       0x20 Core\Src\Tools.o
                0x080034cc                Tools::~Tools()
                0x080034cc                Tools::~Tools()
 .text._ZN5ToolsD0Ev
                0x080034ec       0x1e Core\Src\Tools.o
                0x080034ec                Tools::~Tools()
 *fill*         0x0800350a        0x2 
 .text._Z41__static_initialization_and_destruction_0ii
                0x0800350c       0x40 Core\Src\Tools.o
 .text._GLOBAL__sub_I_tools
                0x0800354c       0x10 Core\Src\Tools.o
 .text.MX_CAN_Init
                0x0800355c       0x48 Core\Src\can.o
                0x0800355c                MX_CAN_Init
 .text.HAL_CAN_MspInit
                0x080035a4       0xa0 Core\Src\can.o
                0x080035a4                HAL_CAN_MspInit
 .text.hal_can_filter_init
                0x08003644       0x2c Core\Src\can.o
                0x08003644                hal_can_filter_init
 .text.hal_can_send
                0x08003670       0x44 Core\Src\can.o
                0x08003670                hal_can_send
 .text.HAL_CAN_RxFifo0MsgPendingCallback
                0x080036b4       0x24 Core\Src\can.o
                0x080036b4                HAL_CAN_RxFifo0MsgPendingCallback
 .text.MX_GPIO_Init
                0x080036d8      0x120 Core\Src\gpio.o
                0x080036d8                MX_GPIO_Init
 .text.HAL_TIM_PeriodElapsedCallback
                0x080037f8       0x28 Core\Src\main.o
                0x080037f8                HAL_TIM_PeriodElapsedCallback
 .text.HAL_UART_RxCpltCallback
                0x08003820       0x28 Core\Src\main.o
                0x08003820                HAL_UART_RxCpltCallback
 .text.main     0x08003848       0x78 Core\Src\main.o
                0x08003848                main
 .text._Z18SystemClock_Configv
                0x080038c0       0x8a Core\Src\main.o
                0x080038c0                SystemClock_Config()
 .text.Error_Handler
                0x0800394a        0xc Core\Src\main.o
                0x0800394a                Error_Handler
 *fill*         0x08003956        0x2 
 .text.HAL_MspInit
                0x08003958       0x44 Core\Src\stm32f1xx_hal_msp.o
                0x08003958                HAL_MspInit
 .text.NMI_Handler
                0x0800399c        0x2 Core\Src\stm32f1xx_it.o
                0x0800399c                NMI_Handler
 .text.HardFault_Handler
                0x0800399e        0x2 Core\Src\stm32f1xx_it.o
                0x0800399e                HardFault_Handler
 .text.MemManage_Handler
                0x080039a0        0x2 Core\Src\stm32f1xx_it.o
                0x080039a0                MemManage_Handler
 .text.BusFault_Handler
                0x080039a2        0x2 Core\Src\stm32f1xx_it.o
                0x080039a2                BusFault_Handler
 .text.UsageFault_Handler
                0x080039a4        0x2 Core\Src\stm32f1xx_it.o
                0x080039a4                UsageFault_Handler
 .text.SVC_Handler
                0x080039a6        0x2 Core\Src\stm32f1xx_it.o
                0x080039a6                SVC_Handler
 .text.DebugMon_Handler
                0x080039a8        0x2 Core\Src\stm32f1xx_it.o
                0x080039a8                DebugMon_Handler
 .text.PendSV_Handler
                0x080039aa        0x2 Core\Src\stm32f1xx_it.o
                0x080039aa                PendSV_Handler
 .text.SysTick_Handler
                0x080039ac        0x4 Core\Src\stm32f1xx_it.o
                0x080039ac                SysTick_Handler
 .text.EXTI1_IRQHandler
                0x080039b0        0x6 Core\Src\stm32f1xx_it.o
                0x080039b0                EXTI1_IRQHandler
 *fill*         0x080039b6        0x2 
 .text.CAN1_RX1_IRQHandler
                0x080039b8        0xc Core\Src\stm32f1xx_it.o
                0x080039b8                CAN1_RX1_IRQHandler
 .text.USB_LP_CAN1_RX0_IRQHandler
                0x080039c4        0x4 Core\Src\stm32f1xx_it.o
                0x080039c4                USB_LP_CAN1_RX0_IRQHandler
 .text.USB_HP_CAN1_TX_IRQHandler
                0x080039c8        0x4 Core\Src\stm32f1xx_it.o
                0x080039c8                USB_HP_CAN1_TX_IRQHandler
 .text.TIM3_IRQHandler
                0x080039cc        0xc Core\Src\stm32f1xx_it.o
                0x080039cc                TIM3_IRQHandler
 .text.USART2_IRQHandler
                0x080039d8        0xc Core\Src\stm32f1xx_it.o
                0x080039d8                USART2_IRQHandler
 .text._getpid  0x080039e4        0x4 Core\Src\syscalls.o
                0x080039e4                _getpid
 .text._kill    0x080039e8       0x10 Core\Src\syscalls.o
                0x080039e8                _kill
 .text._exit    0x080039f8        0xc Core\Src\syscalls.o
                0x080039f8                _exit
 .text._sbrk    0x08003a04       0x34 Core\Src\syscalls.o
                0x08003a04                _sbrk
 .text.SystemInit
                0x08003a38        0x2 Core\Src\system_stm32f1xx.o
                0x08003a38                SystemInit
 *fill*         0x08003a3a        0x2 
 .text.MX_TIM2_Init
                0x08003a3c       0x68 Core\Src\tim.o
                0x08003a3c                MX_TIM2_Init
 .text.MX_TIM3_Init
                0x08003aa4       0x6c Core\Src\tim.o
                0x08003aa4                MX_TIM3_Init
 .text.HAL_TIM_Base_MspInit
                0x08003b10       0x5c Core\Src\tim.o
                0x08003b10                HAL_TIM_Base_MspInit
 .text.MX_USART2_UART_Init
                0x08003b6c       0x40 Core\Src\usart.o
                0x08003b6c                MX_USART2_UART_Init
 .text.HAL_UART_MspInit
                0x08003bac       0x84 Core\Src\usart.o
                0x08003bac                HAL_UART_MspInit
 .text.HAL_UART_MspDeInit
                0x08003c30       0x34 Core\Src\usart.o
                0x08003c30                HAL_UART_MspDeInit
 .text.HAL_InitTick
                0x08003c64       0x48 Drivers\STM32F1xx_HAL_Driver\Src\stm32f1xx_hal.o
                0x08003c64                HAL_InitTick
 .text.HAL_Init
                0x08003cac       0x24 Drivers\STM32F1xx_HAL_Driver\Src\stm32f1xx_hal.o
                0x08003cac                HAL_Init
 .text.HAL_IncTick
                0x08003cd0       0x18 Drivers\STM32F1xx_HAL_Driver\Src\stm32f1xx_hal.o
                0x08003cd0                HAL_IncTick
 .text.HAL_GetTick
                0x08003ce8        0xc Drivers\STM32F1xx_HAL_Driver\Src\stm32f1xx_hal.o
                0x08003ce8                HAL_GetTick
 .text.HAL_CAN_Init
                0x08003cf4       0xf6 Drivers\STM32F1xx_HAL_Driver\Src\stm32f1xx_hal_can.o
                0x08003cf4                HAL_CAN_Init
 .text.HAL_CAN_ConfigFilter
                0x08003dea       0xd8 Drivers\STM32F1xx_HAL_Driver\Src\stm32f1xx_hal_can.o
                0x08003dea                HAL_CAN_ConfigFilter
 .text.HAL_CAN_Start
                0x08003ec2       0x56 Drivers\STM32F1xx_HAL_Driver\Src\stm32f1xx_hal_can.o
                0x08003ec2                HAL_CAN_Start
 .text.HAL_CAN_AddTxMessage
                0x08003f18       0x9c Drivers\STM32F1xx_HAL_Driver\Src\stm32f1xx_hal_can.o
                0x08003f18                HAL_CAN_AddTxMessage
 .text.HAL_CAN_GetRxMessage
                0x08003fb4       0xec Drivers\STM32F1xx_HAL_Driver\Src\stm32f1xx_hal_can.o
                0x08003fb4                HAL_CAN_GetRxMessage
 .text.HAL_CAN_ActivateNotification
                0x080040a0       0x22 Drivers\STM32F1xx_HAL_Driver\Src\stm32f1xx_hal_can.o
                0x080040a0                HAL_CAN_ActivateNotification
 .text.HAL_CAN_TxMailbox0CompleteCallback
                0x080040c2        0x2 Drivers\STM32F1xx_HAL_Driver\Src\stm32f1xx_hal_can.o
                0x080040c2                HAL_CAN_TxMailbox0CompleteCallback
 .text.HAL_CAN_TxMailbox1CompleteCallback
                0x080040c4        0x2 Drivers\STM32F1xx_HAL_Driver\Src\stm32f1xx_hal_can.o
                0x080040c4                HAL_CAN_TxMailbox1CompleteCallback
 .text.HAL_CAN_TxMailbox2CompleteCallback
                0x080040c6        0x2 Drivers\STM32F1xx_HAL_Driver\Src\stm32f1xx_hal_can.o
                0x080040c6                HAL_CAN_TxMailbox2CompleteCallback
 .text.HAL_CAN_TxMailbox0AbortCallback
                0x080040c8        0x2 Drivers\STM32F1xx_HAL_Driver\Src\stm32f1xx_hal_can.o
                0x080040c8                HAL_CAN_TxMailbox0AbortCallback
 .text.HAL_CAN_TxMailbox1AbortCallback
                0x080040ca        0x2 Drivers\STM32F1xx_HAL_Driver\Src\stm32f1xx_hal_can.o
                0x080040ca                HAL_CAN_TxMailbox1AbortCallback
 .text.HAL_CAN_TxMailbox2AbortCallback
                0x080040cc        0x2 Drivers\STM32F1xx_HAL_Driver\Src\stm32f1xx_hal_can.o
                0x080040cc                HAL_CAN_TxMailbox2AbortCallback
 .text.HAL_CAN_RxFifo0FullCallback
                0x080040ce        0x2 Drivers\STM32F1xx_HAL_Driver\Src\stm32f1xx_hal_can.o
                0x080040ce                HAL_CAN_RxFifo0FullCallback
 .text.HAL_CAN_RxFifo1MsgPendingCallback
                0x080040d0        0x2 Drivers\STM32F1xx_HAL_Driver\Src\stm32f1xx_hal_can.o
                0x080040d0                HAL_CAN_RxFifo1MsgPendingCallback
 .text.HAL_CAN_RxFifo1FullCallback
                0x080040d2        0x2 Drivers\STM32F1xx_HAL_Driver\Src\stm32f1xx_hal_can.o
                0x080040d2                HAL_CAN_RxFifo1FullCallback
 .text.HAL_CAN_SleepCallback
                0x080040d4        0x2 Drivers\STM32F1xx_HAL_Driver\Src\stm32f1xx_hal_can.o
                0x080040d4                HAL_CAN_SleepCallback
 .text.HAL_CAN_WakeUpFromRxMsgCallback
                0x080040d6        0x2 Drivers\STM32F1xx_HAL_Driver\Src\stm32f1xx_hal_can.o
                0x080040d6                HAL_CAN_WakeUpFromRxMsgCallback
 .text.HAL_CAN_ErrorCallback
                0x080040d8        0x2 Drivers\STM32F1xx_HAL_Driver\Src\stm32f1xx_hal_can.o
                0x080040d8                HAL_CAN_ErrorCallback
 .text.HAL_CAN_IRQHandler
                0x080040da      0x1fc Drivers\STM32F1xx_HAL_Driver\Src\stm32f1xx_hal_can.o
                0x080040da                HAL_CAN_IRQHandler
 *fill*         0x080042d6        0x2 
 .text.HAL_NVIC_SetPriorityGrouping
                0x080042d8       0x24 Drivers\STM32F1xx_HAL_Driver\Src\stm32f1xx_hal_cortex.o
                0x080042d8                HAL_NVIC_SetPriorityGrouping
 .text.HAL_NVIC_SetPriority
                0x080042fc       0x68 Drivers\STM32F1xx_HAL_Driver\Src\stm32f1xx_hal_cortex.o
                0x080042fc                HAL_NVIC_SetPriority
 .text.HAL_NVIC_EnableIRQ
                0x08004364       0x1c Drivers\STM32F1xx_HAL_Driver\Src\stm32f1xx_hal_cortex.o
                0x08004364                HAL_NVIC_EnableIRQ
 .text.HAL_NVIC_DisableIRQ
                0x08004380       0x28 Drivers\STM32F1xx_HAL_Driver\Src\stm32f1xx_hal_cortex.o
                0x08004380                HAL_NVIC_DisableIRQ
 .text.HAL_SYSTICK_Config
                0x080043a8       0x2c Drivers\STM32F1xx_HAL_Driver\Src\stm32f1xx_hal_cortex.o
                0x080043a8                HAL_SYSTICK_Config
 .text.HAL_DMA_Abort_IT
                0x080043d4       0x90 Drivers\STM32F1xx_HAL_Driver\Src\stm32f1xx_hal_dma.o
                0x080043d4                HAL_DMA_Abort_IT
 .text.HAL_GPIO_Init
                0x08004464      0x1c4 Drivers\STM32F1xx_HAL_Driver\Src\stm32f1xx_hal_gpio.o
                0x08004464                HAL_GPIO_Init
 .text.HAL_GPIO_DeInit
                0x08004628       0xdc Drivers\STM32F1xx_HAL_Driver\Src\stm32f1xx_hal_gpio.o
                0x08004628                HAL_GPIO_DeInit
 .text.HAL_GPIO_WritePin
                0x08004704        0xa Drivers\STM32F1xx_HAL_Driver\Src\stm32f1xx_hal_gpio.o
                0x08004704                HAL_GPIO_WritePin
 .text.HAL_GPIO_TogglePin
                0x0800470e       0x12 Drivers\STM32F1xx_HAL_Driver\Src\stm32f1xx_hal_gpio.o
                0x0800470e                HAL_GPIO_TogglePin
 .text.HAL_GPIO_EXTI_Callback
                0x08004720        0x2 Drivers\STM32F1xx_HAL_Driver\Src\stm32f1xx_hal_gpio.o
                0x08004720                HAL_GPIO_EXTI_Callback
 *fill*         0x08004722        0x2 
 .text.HAL_GPIO_EXTI_IRQHandler
                0x08004724       0x18 Drivers\STM32F1xx_HAL_Driver\Src\stm32f1xx_hal_gpio.o
                0x08004724                HAL_GPIO_EXTI_IRQHandler
 .text.HAL_RCC_OscConfig
                0x0800473c      0x33c Drivers\STM32F1xx_HAL_Driver\Src\stm32f1xx_hal_rcc.o
                0x0800473c                HAL_RCC_OscConfig
 .text.HAL_RCC_GetSysClockFreq
                0x08004a78       0x78 Drivers\STM32F1xx_HAL_Driver\Src\stm32f1xx_hal_rcc.o
                0x08004a78                HAL_RCC_GetSysClockFreq
 .text.HAL_RCC_ClockConfig
                0x08004af0      0x13c Drivers\STM32F1xx_HAL_Driver\Src\stm32f1xx_hal_rcc.o
                0x08004af0                HAL_RCC_ClockConfig
 .text.HAL_RCC_GetPCLK1Freq
                0x08004c2c       0x20 Drivers\STM32F1xx_HAL_Driver\Src\stm32f1xx_hal_rcc.o
                0x08004c2c                HAL_RCC_GetPCLK1Freq
 .text.HAL_RCC_GetPCLK2Freq
                0x08004c4c       0x20 Drivers\STM32F1xx_HAL_Driver\Src\stm32f1xx_hal_rcc.o
                0x08004c4c                HAL_RCC_GetPCLK2Freq
 .text.HAL_TIM_Base_Start
                0x08004c6c       0x4c Drivers\STM32F1xx_HAL_Driver\Src\stm32f1xx_hal_tim.o
                0x08004c6c                HAL_TIM_Base_Start
 .text.HAL_TIM_Base_Start_IT
                0x08004cb8       0x54 Drivers\STM32F1xx_HAL_Driver\Src\stm32f1xx_hal_tim.o
                0x08004cb8                HAL_TIM_Base_Start_IT
 .text.HAL_TIM_OC_DelayElapsedCallback
                0x08004d0c        0x2 Drivers\STM32F1xx_HAL_Driver\Src\stm32f1xx_hal_tim.o
                0x08004d0c                HAL_TIM_OC_DelayElapsedCallback
 .text.HAL_TIM_IC_CaptureCallback
                0x08004d0e        0x2 Drivers\STM32F1xx_HAL_Driver\Src\stm32f1xx_hal_tim.o
                0x08004d0e                HAL_TIM_IC_CaptureCallback
 .text.HAL_TIM_PWM_PulseFinishedCallback
                0x08004d10        0x2 Drivers\STM32F1xx_HAL_Driver\Src\stm32f1xx_hal_tim.o
                0x08004d10                HAL_TIM_PWM_PulseFinishedCallback
 .text.HAL_TIM_TriggerCallback
                0x08004d12        0x2 Drivers\STM32F1xx_HAL_Driver\Src\stm32f1xx_hal_tim.o
                0x08004d12                HAL_TIM_TriggerCallback
 .text.HAL_TIM_IRQHandler
                0x08004d14      0x144 Drivers\STM32F1xx_HAL_Driver\Src\stm32f1xx_hal_tim.o
                0x08004d14                HAL_TIM_IRQHandler
 .text.TIM_Base_SetConfig
                0x08004e58       0x70 Drivers\STM32F1xx_HAL_Driver\Src\stm32f1xx_hal_tim.o
                0x08004e58                TIM_Base_SetConfig
 .text.HAL_TIM_Base_Init
                0x08004ec8       0x58 Drivers\STM32F1xx_HAL_Driver\Src\stm32f1xx_hal_tim.o
                0x08004ec8                HAL_TIM_Base_Init
 .text.TIM_ETR_SetConfig
                0x08004f20       0x14 Drivers\STM32F1xx_HAL_Driver\Src\stm32f1xx_hal_tim.o
                0x08004f20                TIM_ETR_SetConfig
 .text.HAL_TIM_ConfigClockSource
                0x08004f34      0x128 Drivers\STM32F1xx_HAL_Driver\Src\stm32f1xx_hal_tim.o
                0x08004f34                HAL_TIM_ConfigClockSource
 .text.HAL_TIMEx_MasterConfigSynchronization
                0x0800505c       0x64 Drivers\STM32F1xx_HAL_Driver\Src\stm32f1xx_hal_tim_ex.o
                0x0800505c                HAL_TIMEx_MasterConfigSynchronization
 .text.HAL_TIMEx_CommutCallback
                0x080050c0        0x2 Drivers\STM32F1xx_HAL_Driver\Src\stm32f1xx_hal_tim_ex.o
                0x080050c0                HAL_TIMEx_CommutCallback
 .text.HAL_TIMEx_BreakCallback
                0x080050c2        0x2 Drivers\STM32F1xx_HAL_Driver\Src\stm32f1xx_hal_tim_ex.o
                0x080050c2                HAL_TIMEx_BreakCallback
 .text.UART_EndRxTransfer
                0x080050c4       0x1a Drivers\STM32F1xx_HAL_Driver\Src\stm32f1xx_hal_uart.o
 *fill*         0x080050de        0x2 
 .text.UART_SetConfig
                0x080050e0       0x74 Drivers\STM32F1xx_HAL_Driver\Src\stm32f1xx_hal_uart.o
 .text.HAL_UART_Init
                0x08005154       0x5c Drivers\STM32F1xx_HAL_Driver\Src\stm32f1xx_hal_uart.o
                0x08005154                HAL_UART_Init
 .text.HAL_UART_DeInit
                0x080051b0       0x30 Drivers\STM32F1xx_HAL_Driver\Src\stm32f1xx_hal_uart.o
                0x080051b0                HAL_UART_DeInit
 .text.HAL_UART_Receive_IT
                0x080051e0       0x4e Drivers\STM32F1xx_HAL_Driver\Src\stm32f1xx_hal_uart.o
                0x080051e0                HAL_UART_Receive_IT
 .text.HAL_UART_TxCpltCallback
                0x0800522e        0x2 Drivers\STM32F1xx_HAL_Driver\Src\stm32f1xx_hal_uart.o
                0x0800522e                HAL_UART_TxCpltCallback
 .text.UART_Receive_IT
                0x08005230       0x74 Drivers\STM32F1xx_HAL_Driver\Src\stm32f1xx_hal_uart.o
 .text.HAL_UART_ErrorCallback
                0x080052a4        0x2 Drivers\STM32F1xx_HAL_Driver\Src\stm32f1xx_hal_uart.o
                0x080052a4                HAL_UART_ErrorCallback
 *fill*         0x080052a6        0x2 
 .text.HAL_UART_IRQHandler
                0x080052a8      0x140 Drivers\STM32F1xx_HAL_Driver\Src\stm32f1xx_hal_uart.o
                0x080052a8                HAL_UART_IRQHandler
 .text.UART_DMAAbortOnError
                0x080053e8       0x10 Drivers\STM32F1xx_HAL_Driver\Src\stm32f1xx_hal_uart.o
 .text.Reset_Handler
                0x080053f8       0x48 startup\startup_stm32f103xb.o
                0x080053f8                Reset_Handler
 .text.Default_Handler
                0x08005440        0x2 startup\startup_stm32f103xb.o
                0x08005440                RTC_Alarm_IRQHandler
                0x08005440                EXTI2_IRQHandler
                0x08005440                TIM1_CC_IRQHandler
                0x08005440                PVD_IRQHandler
                0x08005440                EXTI3_IRQHandler
                0x08005440                EXTI0_IRQHandler
                0x08005440                I2C2_EV_IRQHandler
                0x08005440                ADC1_2_IRQHandler
                0x08005440                SPI1_IRQHandler
                0x08005440                TAMPER_IRQHandler
                0x08005440                DMA1_Channel4_IRQHandler
                0x08005440                USART3_IRQHandler
                0x08005440                RTC_IRQHandler
                0x08005440                DMA1_Channel7_IRQHandler
                0x08005440                TIM4_IRQHandler
                0x08005440                I2C1_EV_IRQHandler
                0x08005440                DMA1_Channel6_IRQHandler
                0x08005440                RCC_IRQHandler
                0x08005440                TIM1_TRG_COM_IRQHandler
                0x08005440                DMA1_Channel1_IRQHandler
                0x08005440                Default_Handler
                0x08005440                EXTI15_10_IRQHandler
                0x08005440                EXTI9_5_IRQHandler
                0x08005440                SPI2_IRQHandler
                0x08005440                DMA1_Channel5_IRQHandler
                0x08005440                EXTI4_IRQHandler
                0x08005440                DMA1_Channel3_IRQHandler
                0x08005440                TIM1_UP_IRQHandler
                0x08005440                WWDG_IRQHandler
                0x08005440                TIM2_IRQHandler
                0x08005440                TIM1_BRK_IRQHandler
                0x08005440                I2C2_ER_IRQHandler
                0x08005440                DMA1_Channel2_IRQHandler
                0x08005440                CAN1_SCE_IRQHandler
                0x08005440                FLASH_IRQHandler
                0x08005440                USART1_IRQHandler
                0x08005440                I2C1_ER_IRQHandler
                0x08005440                USBWakeUp_IRQHandler
 *fill*         0x08005442        0x2 
 .text._ZN10__cxxabiv120__si_class_type_infoD2Ev
                0x08005444       0x14 d:/programs/atollic truestudio/truestudio for stm32 9.3.0/armtools/bin/../lib/gcc/arm-atollic-eabi/6.3.1/../../../../arm-atollic-eabi/lib/armv7-m\libstdc++_nano.a(si_class_type_info.o)
                0x08005444                __cxxabiv1::__si_class_type_info::~__si_class_type_info()
                0x08005444                __cxxabiv1::__si_class_type_info::~__si_class_type_info()
 .text._ZN10__cxxabiv120__si_class_type_infoD0Ev
                0x08005458       0x14 d:/programs/atollic truestudio/truestudio for stm32 9.3.0/armtools/bin/../lib/gcc/arm-atollic-eabi/6.3.1/../../../../arm-atollic-eabi/lib/armv7-m\libstdc++_nano.a(si_class_type_info.o)
                0x08005458                __cxxabiv1::__si_class_type_info::~__si_class_type_info()
 .text._ZNK10__cxxabiv120__si_class_type_info20__do_find_public_srcEiPKvPKNS_17__class_type_infoES2_
                0x0800546c       0x38 d:/programs/atollic truestudio/truestudio for stm32 9.3.0/armtools/bin/../lib/gcc/arm-atollic-eabi/6.3.1/../../../../arm-atollic-eabi/lib/armv7-m\libstdc++_nano.a(si_class_type_info.o)
                0x0800546c                __cxxabiv1::__si_class_type_info::__do_find_public_src(int, void const*, __cxxabiv1::__class_type_info const*, void const*) const
 .text._ZNK10__cxxabiv120__si_class_type_info12__do_dyncastEiNS_17__class_type_info10__sub_kindEPKS1_PKvS4_S6_RNS1_16__dyncast_resultE
                0x080054a4       0x7c d:/programs/atollic truestudio/truestudio for stm32 9.3.0/armtools/bin/../lib/gcc/arm-atollic-eabi/6.3.1/../../../../arm-atollic-eabi/lib/armv7-m\libstdc++_nano.a(si_class_type_info.o)
                0x080054a4                __cxxabiv1::__si_class_type_info::__do_dyncast(int, __cxxabiv1::__class_type_info::__sub_kind, __cxxabiv1::__class_type_info const*, void const*, __cxxabiv1::__class_type_info const*, void const*, __cxxabiv1::__class_type_info::__dyncast_result&) const
 .text._ZNK10__cxxabiv120__si_class_type_info11__do_upcastEPKNS_17__class_type_infoEPKvRNS1_15__upcast_resultE
                0x08005520       0x2a d:/programs/atollic truestudio/truestudio for stm32 9.3.0/armtools/bin/../lib/gcc/arm-atollic-eabi/6.3.1/../../../../arm-atollic-eabi/lib/armv7-m\libstdc++_nano.a(si_class_type_info.o)
                0x08005520                __cxxabiv1::__si_class_type_info::__do_upcast(__cxxabiv1::__class_type_info const*, void const*, __cxxabiv1::__class_type_info::__upcast_result&) const
 .text._ZdlPv   0x0800554a        0x4 d:/programs/atollic truestudio/truestudio for stm32 9.3.0/armtools/bin/../lib/gcc/arm-atollic-eabi/6.3.1/../../../../arm-atollic-eabi/lib/armv7-m\libstdc++_nano.a(del_op.o)
                0x0800554a                operator delete(void*)
 .text.__aeabi_atexit
                0x0800554e        0xa d:/programs/atollic truestudio/truestudio for stm32 9.3.0/armtools/bin/../lib/gcc/arm-atollic-eabi/6.3.1/../../../../arm-atollic-eabi/lib/armv7-m\libstdc++_nano.a(atexit_arm.o)
                0x0800554e                __aeabi_atexit
 .text._ZN10__cxxabiv111__terminateEPFvvE
                0x08005558        0x8 d:/programs/atollic truestudio/truestudio for stm32 9.3.0/armtools/bin/../lib/gcc/arm-atollic-eabi/6.3.1/../../../../arm-atollic-eabi/lib/armv7-m\libstdc++_nano.a(eh_terminate.o)
                0x08005558                __cxxabiv1::__terminate(void (*)())
 .text._ZSt13get_terminatev
                0x08005560       0x10 d:/programs/atollic truestudio/truestudio for stm32 9.3.0/armtools/bin/../lib/gcc/arm-atollic-eabi/6.3.1/../../../../arm-atollic-eabi/lib/armv7-m\libstdc++_nano.a(eh_terminate.o)
                0x08005560                std::get_terminate()
 .text._ZSt9terminatev
                0x08005570        0xa d:/programs/atollic truestudio/truestudio for stm32 9.3.0/armtools/bin/../lib/gcc/arm-atollic-eabi/6.3.1/../../../../arm-atollic-eabi/lib/armv7-m\libstdc++_nano.a(eh_terminate.o)
                0x08005570                std::terminate()
 .text._ZN10__cxxabiv112__unexpectedEPFvvE
                0x0800557a        0x8 d:/programs/atollic truestudio/truestudio for stm32 9.3.0/armtools/bin/../lib/gcc/arm-atollic-eabi/6.3.1/../../../../arm-atollic-eabi/lib/armv7-m\libstdc++_nano.a(eh_terminate.o)
                0x0800557a                __cxxabiv1::__unexpected(void (*)())
 *fill*         0x08005582        0x2 
 .text._ZSt14get_unexpectedv
                0x08005584       0x10 d:/programs/atollic truestudio/truestudio for stm32 9.3.0/armtools/bin/../lib/gcc/arm-atollic-eabi/6.3.1/../../../../arm-atollic-eabi/lib/armv7-m\libstdc++_nano.a(eh_terminate.o)
                0x08005584                std::get_unexpected()
 .text._ZSt10unexpectedv
                0x08005594        0xa d:/programs/atollic truestudio/truestudio for stm32 9.3.0/armtools/bin/../lib/gcc/arm-atollic-eabi/6.3.1/../../../../arm-atollic-eabi/lib/armv7-m\libstdc++_nano.a(eh_terminate.o)
                0x08005594                std::unexpected()
 .text._ZN10__cxxabiv1L24__is_gxx_exception_classEPc
                0x0800559e       0x3a d:/programs/atollic truestudio/truestudio for stm32 9.3.0/armtools/bin/../lib/gcc/arm-atollic-eabi/6.3.1/../../../../arm-atollic-eabi/lib/armv7-m\libstdc++_nano.a(eh_arm.o)
 .text.__cxa_type_match
                0x080055d8       0xbc d:/programs/atollic truestudio/truestudio for stm32 9.3.0/armtools/bin/../lib/gcc/arm-atollic-eabi/6.3.1/../../../../arm-atollic-eabi/lib/armv7-m\libstdc++_nano.a(eh_arm.o)
                0x080055d8                __cxa_type_match
 .text.__cxa_begin_cleanup
                0x08005694       0x3a d:/programs/atollic truestudio/truestudio for stm32 9.3.0/armtools/bin/../lib/gcc/arm-atollic-eabi/6.3.1/../../../../arm-atollic-eabi/lib/armv7-m\libstdc++_nano.a(eh_arm.o)
                0x08005694                __cxa_begin_cleanup
 .text._ZdlPvj  0x080056ce        0x4 d:/programs/atollic truestudio/truestudio for stm32 9.3.0/armtools/bin/../lib/gcc/arm-atollic-eabi/6.3.1/../../../../arm-atollic-eabi/lib/armv7-m\libstdc++_nano.a(del_ops.o)
                0x080056ce                operator delete(void*, unsigned int)
 .text._ZNK10__cxxabiv117__class_type_info11__do_upcastEPKS0_PPv
                0x080056d2       0x34 d:/programs/atollic truestudio/truestudio for stm32 9.3.0/armtools/bin/../lib/gcc/arm-atollic-eabi/6.3.1/../../../../arm-atollic-eabi/lib/armv7-m\libstdc++_nano.a(class_type_info.o)
                0x080056d2                __cxxabiv1::__class_type_info::__do_upcast(__cxxabiv1::__class_type_info const*, void**) const
 .text._ZNK10__cxxabiv117__class_type_info20__do_find_public_srcEiPKvPKS0_S2_
                0x08005706        0xc d:/programs/atollic truestudio/truestudio for stm32 9.3.0/armtools/bin/../lib/gcc/arm-atollic-eabi/6.3.1/../../../../arm-atollic-eabi/lib/armv7-m\libstdc++_nano.a(class_type_info.o)
                0x08005706                __cxxabiv1::__class_type_info::__do_find_public_src(int, void const*, __cxxabiv1::__class_type_info const*, void const*) const
 *fill*         0x08005712        0x2 
 .text._ZN10__cxxabiv117__class_type_infoD2Ev
                0x08005714       0x14 d:/programs/atollic truestudio/truestudio for stm32 9.3.0/armtools/bin/../lib/gcc/arm-atollic-eabi/6.3.1/../../../../arm-atollic-eabi/lib/armv7-m\libstdc++_nano.a(class_type_info.o)
                0x08005714                __cxxabiv1::__class_type_info::~__class_type_info()
                0x08005714                __cxxabiv1::__class_type_info::~__class_type_info()
 .text._ZN10__cxxabiv117__class_type_infoD0Ev
                0x08005728       0x14 d:/programs/atollic truestudio/truestudio for stm32 9.3.0/armtools/bin/../lib/gcc/arm-atollic-eabi/6.3.1/../../../../arm-atollic-eabi/lib/armv7-m\libstdc++_nano.a(class_type_info.o)
                0x08005728                __cxxabiv1::__class_type_info::~__class_type_info()
 .text._ZNK10__cxxabiv117__class_type_info11__do_upcastEPKS0_PKvRNS0_15__upcast_resultE
                0x0800573c       0x18 d:/programs/atollic truestudio/truestudio for stm32 9.3.0/armtools/bin/../lib/gcc/arm-atollic-eabi/6.3.1/../../../../arm-atollic-eabi/lib/armv7-m\libstdc++_nano.a(class_type_info.o)
                0x0800573c                __cxxabiv1::__class_type_info::__do_upcast(__cxxabiv1::__class_type_info const*, void const*, __cxxabiv1::__class_type_info::__upcast_result&) const
 .text._ZNK10__cxxabiv117__class_type_info10__do_catchEPKSt9type_infoPPvj
                0x08005754       0x2a d:/programs/atollic truestudio/truestudio for stm32 9.3.0/armtools/bin/../lib/gcc/arm-atollic-eabi/6.3.1/../../../../arm-atollic-eabi/lib/armv7-m\libstdc++_nano.a(class_type_info.o)
                0x08005754                __cxxabiv1::__class_type_info::__do_catch(std::type_info const*, void**, unsigned int) const
 .text._ZNK10__cxxabiv117__class_type_info12__do_dyncastEiNS0_10__sub_kindEPKS0_PKvS3_S5_RNS0_16__dyncast_resultE
                0x0800577e       0x38 d:/programs/atollic truestudio/truestudio for stm32 9.3.0/armtools/bin/../lib/gcc/arm-atollic-eabi/6.3.1/../../../../arm-atollic-eabi/lib/armv7-m\libstdc++_nano.a(class_type_info.o)
                0x0800577e                __cxxabiv1::__class_type_info::__do_dyncast(int, __cxxabiv1::__class_type_info::__sub_kind, __cxxabiv1::__class_type_info const*, void const*, __cxxabiv1::__class_type_info const*, void const*, __cxxabiv1::__class_type_info::__dyncast_result&) const
 .text._ZNSt9type_infoD2Ev
                0x080057b6        0x2 d:/programs/atollic truestudio/truestudio for stm32 9.3.0/armtools/bin/../lib/gcc/arm-atollic-eabi/6.3.1/../../../../arm-atollic-eabi/lib/armv7-m\libstdc++_nano.a(tinfo.o)
                0x080057b6                std::type_info::~type_info()
                0x080057b6                std::type_info::~type_info()
 .text._ZNKSt9type_info15__is_function_pEv
                0x080057b8        0x4 d:/programs/atollic truestudio/truestudio for stm32 9.3.0/armtools/bin/../lib/gcc/arm-atollic-eabi/6.3.1/../../../../arm-atollic-eabi/lib/armv7-m\libstdc++_nano.a(tinfo.o)
                0x080057b8                std::type_info::__is_pointer_p() const
                0x080057b8                std::type_info::__is_function_p() const
 .text._ZNKSt9type_infoeqERKS_
                0x080057bc       0x2c d:/programs/atollic truestudio/truestudio for stm32 9.3.0/armtools/bin/../lib/gcc/arm-atollic-eabi/6.3.1/../../../../arm-atollic-eabi/lib/armv7-m\libstdc++_nano.a(tinfo.o)
                0x080057bc                std::type_info::operator==(std::type_info const&) const
 .text._ZN10__cxxabiv1L24__is_gxx_exception_classEPc
                0x080057e8       0x3a d:/programs/atollic truestudio/truestudio for stm32 9.3.0/armtools/bin/../lib/gcc/arm-atollic-eabi/6.3.1/../../../../arm-atollic-eabi/lib/armv7-m\libstdc++_nano.a(eh_call.o)
 .text.__cxa_call_unexpected
                0x08005822       0x28 d:/programs/atollic truestudio/truestudio for stm32 9.3.0/armtools/bin/../lib/gcc/arm-atollic-eabi/6.3.1/../../../../arm-atollic-eabi/lib/armv7-m\libstdc++_nano.a(eh_call.o)
                0x08005822                __cxa_call_unexpected
 .text._ZN10__cxxabiv1L24__is_gxx_exception_classEPc
                0x0800584a       0x3a d:/programs/atollic truestudio/truestudio for stm32 9.3.0/armtools/bin/../lib/gcc/arm-atollic-eabi/6.3.1/../../../../arm-atollic-eabi/lib/armv7-m\libstdc++_nano.a(eh_catch.o)
 .text.__cxa_begin_catch
                0x08005884       0x54 d:/programs/atollic truestudio/truestudio for stm32 9.3.0/armtools/bin/../lib/gcc/arm-atollic-eabi/6.3.1/../../../../arm-atollic-eabi/lib/armv7-m\libstdc++_nano.a(eh_catch.o)
                0x08005884                __cxa_begin_catch
 .text.__cxa_get_globals
                0x080058d8        0x8 d:/programs/atollic truestudio/truestudio for stm32 9.3.0/armtools/bin/../lib/gcc/arm-atollic-eabi/6.3.1/../../../../arm-atollic-eabi/lib/armv7-m\libstdc++_nano.a(eh_globals.o)
                0x080058d8                __cxa_get_globals
 .text.pow      0x080058e0      0x2c8 d:/programs/atollic truestudio/truestudio for stm32 9.3.0/armtools/bin/../lib/gcc/arm-atollic-eabi/6.3.1/../../../../arm-atollic-eabi/lib/armv7-m\libm.a(lib_a-w_pow.o)
                0x080058e0                pow
 .text.__ieee754_pow
                0x08005ba8      0x9e4 d:/programs/atollic truestudio/truestudio for stm32 9.3.0/armtools/bin/../lib/gcc/arm-atollic-eabi/6.3.1/../../../../arm-atollic-eabi/lib/armv7-m\libm.a(lib_a-e_pow.o)
                0x08005ba8                __ieee754_pow
 .text.__ieee754_sqrt
                0x0800658c      0x158 d:/programs/atollic truestudio/truestudio for stm32 9.3.0/armtools/bin/../lib/gcc/arm-atollic-eabi/6.3.1/../../../../arm-atollic-eabi/lib/armv7-m\libm.a(lib_a-e_sqrt.o)
                0x0800658c                __ieee754_sqrt
 .text.fabs     0x080066e4        0x6 d:/programs/atollic truestudio/truestudio for stm32 9.3.0/armtools/bin/../lib/gcc/arm-atollic-eabi/6.3.1/../../../../arm-atollic-eabi/lib/armv7-m\libm.a(lib_a-s_fabs.o)
                0x080066e4                fabs
 .text.finite   0x080066ea        0xc d:/programs/atollic truestudio/truestudio for stm32 9.3.0/armtools/bin/../lib/gcc/arm-atollic-eabi/6.3.1/../../../../arm-atollic-eabi/lib/armv7-m\libm.a(lib_a-s_finite.o)
                0x080066ea                finite
 .text.matherr  0x080066f6        0x4 d:/programs/atollic truestudio/truestudio for stm32 9.3.0/armtools/bin/../lib/gcc/arm-atollic-eabi/6.3.1/../../../../arm-atollic-eabi/lib/armv7-m\libm.a(lib_a-s_matherr.o)
                0x080066f6                matherr
 *fill*         0x080066fa        0x2 
 .text.nan      0x080066fc        0xc d:/programs/atollic truestudio/truestudio for stm32 9.3.0/armtools/bin/../lib/gcc/arm-atollic-eabi/6.3.1/../../../../arm-atollic-eabi/lib/armv7-m\libm.a(lib_a-s_nan.o)
                0x080066fc                nan
 .text.rint     0x08006708      0x110 d:/programs/atollic truestudio/truestudio for stm32 9.3.0/armtools/bin/../lib/gcc/arm-atollic-eabi/6.3.1/../../../../arm-atollic-eabi/lib/armv7-m\libm.a(lib_a-s_rint.o)
                0x08006708                rint
 .text.scalbn   0x08006818       0xdc d:/programs/atollic truestudio/truestudio for stm32 9.3.0/armtools/bin/../lib/gcc/arm-atollic-eabi/6.3.1/../../../../arm-atollic-eabi/lib/armv7-m\libm.a(lib_a-s_scalbn.o)
                0x08006818                scalbn
 .text.copysign
                0x080068f4        0xe d:/programs/atollic truestudio/truestudio for stm32 9.3.0/armtools/bin/../lib/gcc/arm-atollic-eabi/6.3.1/../../../../arm-atollic-eabi/lib/armv7-m\libm.a(lib_a-s_copysign.o)
                0x080068f4                copysign
 .text.abort    0x08006902        0xe d:/programs/atollic truestudio/truestudio for stm32 9.3.0/armtools/bin/../lib/gcc/arm-atollic-eabi/6.3.1/../../../../arm-atollic-eabi/lib/armv7-m\libc_nano.a(lib_a-abort.o)
                0x08006902                abort
 .text.calloc   0x08006910       0x10 d:/programs/atollic truestudio/truestudio for stm32 9.3.0/armtools/bin/../lib/gcc/arm-atollic-eabi/6.3.1/../../../../arm-atollic-eabi/lib/armv7-m\libc_nano.a(lib_a-calloc.o)
                0x08006910                calloc
 .text.__cxa_atexit
                0x08006920       0x1c d:/programs/atollic truestudio/truestudio for stm32 9.3.0/armtools/bin/../lib/gcc/arm-atollic-eabi/6.3.1/../../../../arm-atollic-eabi/lib/armv7-m\libc_nano.a(lib_a-cxa_atexit.o)
                0x08006920                __cxa_atexit
 .text.__errno  0x0800693c        0xc d:/programs/atollic truestudio/truestudio for stm32 9.3.0/armtools/bin/../lib/gcc/arm-atollic-eabi/6.3.1/../../../../arm-atollic-eabi/lib/armv7-m\libc_nano.a(lib_a-errno.o)
                0x0800693c                __errno
 .text.__libc_init_array
                0x08006948       0x48 d:/programs/atollic truestudio/truestudio for stm32 9.3.0/armtools/bin/../lib/gcc/arm-atollic-eabi/6.3.1/../../../../arm-atollic-eabi/lib/armv7-m\libc_nano.a(lib_a-init.o)
                0x08006948                __libc_init_array
 .text.free     0x08006990       0x10 d:/programs/atollic truestudio/truestudio for stm32 9.3.0/armtools/bin/../lib/gcc/arm-atollic-eabi/6.3.1/../../../../arm-atollic-eabi/lib/armv7-m\libc_nano.a(lib_a-malloc.o)
                0x08006990                free
 .text.memset   0x080069a0       0x10 d:/programs/atollic truestudio/truestudio for stm32 9.3.0/armtools/bin/../lib/gcc/arm-atollic-eabi/6.3.1/../../../../arm-atollic-eabi/lib/armv7-m\libc_nano.a(lib_a-memset.o)
                0x080069a0                memset
 .text._calloc_r
                0x080069b0       0x1c d:/programs/atollic truestudio/truestudio for stm32 9.3.0/armtools/bin/../lib/gcc/arm-atollic-eabi/6.3.1/../../../../arm-atollic-eabi/lib/armv7-m\libc_nano.a(lib_a-nano-callocr.o)
                0x080069b0                _calloc_r
 .text._free_r  0x080069cc       0x98 d:/programs/atollic truestudio/truestudio for stm32 9.3.0/armtools/bin/../lib/gcc/arm-atollic-eabi/6.3.1/../../../../arm-atollic-eabi/lib/armv7-m\libc_nano.a(lib_a-nano-freer.o)
                0x080069cc                _free_r
 .text._malloc_r
                0x08006a64       0xbc d:/programs/atollic truestudio/truestudio for stm32 9.3.0/armtools/bin/../lib/gcc/arm-atollic-eabi/6.3.1/../../../../arm-atollic-eabi/lib/armv7-m\libc_nano.a(lib_a-nano-mallocr.o)
                0x08006a64                _malloc_r
 .text._sbrk_r  0x08006b20       0x20 d:/programs/atollic truestudio/truestudio for stm32 9.3.0/armtools/bin/../lib/gcc/arm-atollic-eabi/6.3.1/../../../../arm-atollic-eabi/lib/armv7-m\libc_nano.a(lib_a-sbrkr.o)
                0x08006b20                _sbrk_r
 .text._raise_r
                0x08006b40       0x50 d:/programs/atollic truestudio/truestudio for stm32 9.3.0/armtools/bin/../lib/gcc/arm-atollic-eabi/6.3.1/../../../../arm-atollic-eabi/lib/armv7-m\libc_nano.a(lib_a-signal.o)
                0x08006b40                _raise_r
 .text.raise    0x08006b90       0x10 d:/programs/atollic truestudio/truestudio for stm32 9.3.0/armtools/bin/../lib/gcc/arm-atollic-eabi/6.3.1/../../../../arm-atollic-eabi/lib/armv7-m\libc_nano.a(lib_a-signal.o)
                0x08006b90                raise
 .text._kill_r  0x08006ba0       0x24 d:/programs/atollic truestudio/truestudio for stm32 9.3.0/armtools/bin/../lib/gcc/arm-atollic-eabi/6.3.1/../../../../arm-atollic-eabi/lib/armv7-m\libc_nano.a(lib_a-signalr.o)
                0x08006ba0                _kill_r
 .text._getpid_r
                0x08006bc4        0x4 d:/programs/atollic truestudio/truestudio for stm32 9.3.0/armtools/bin/../lib/gcc/arm-atollic-eabi/6.3.1/../../../../arm-atollic-eabi/lib/armv7-m\libc_nano.a(lib_a-signalr.o)
                0x08006bc4                _getpid_r
 .text.__malloc_lock
                0x08006bc8        0x2 d:/programs/atollic truestudio/truestudio for stm32 9.3.0/armtools/bin/../lib/gcc/arm-atollic-eabi/6.3.1/../../../../arm-atollic-eabi/lib/armv7-m\libc_nano.a(lib_a-mlock.o)
                0x08006bc8                __malloc_lock
 .text.__malloc_unlock
                0x08006bca        0x2 d:/programs/atollic truestudio/truestudio for stm32 9.3.0/armtools/bin/../lib/gcc/arm-atollic-eabi/6.3.1/../../../../arm-atollic-eabi/lib/armv7-m\libc_nano.a(lib_a-mlock.o)
                0x08006bca                __malloc_unlock
 .text.memcpy   0x08006bcc       0x16 d:/programs/atollic truestudio/truestudio for stm32 9.3.0/armtools/bin/../lib/gcc/arm-atollic-eabi/6.3.1/../../../../arm-atollic-eabi/lib/armv7-m\libc_nano.a(lib_a-memcpy-stub.o)
                0x08006bcc                memcpy
 *(.glue_7)
 .glue_7        0x08006be2        0x0 linker stubs
 *(.glue_7t)
 .glue_7t       0x08006be2        0x0 linker stubs
 *(.eh_frame)
 *fill*         0x08006be2        0x2 
 .eh_frame      0x08006be4        0x0 d:/programs/atollic truestudio/truestudio for stm32 9.3.0/armtools/bin/../lib/gcc/arm-atollic-eabi/6.3.1/armv7-m/crtbegin.o
 *(.init)
 .init          0x08006be4        0x4 d:/programs/atollic truestudio/truestudio for stm32 9.3.0/armtools/bin/../lib/gcc/arm-atollic-eabi/6.3.1/armv7-m/crti.o
                0x08006be4                _init
 .init          0x08006be8        0x8 d:/programs/atollic truestudio/truestudio for stm32 9.3.0/armtools/bin/../lib/gcc/arm-atollic-eabi/6.3.1/armv7-m/crtn.o
 *(.fini)
 .fini          0x08006bf0        0x4 d:/programs/atollic truestudio/truestudio for stm32 9.3.0/armtools/bin/../lib/gcc/arm-atollic-eabi/6.3.1/armv7-m/crti.o
                0x08006bf0                _fini
 .fini          0x08006bf4        0x8 d:/programs/atollic truestudio/truestudio for stm32 9.3.0/armtools/bin/../lib/gcc/arm-atollic-eabi/6.3.1/armv7-m/crtn.o
                0x08006bfc                . = ALIGN (0x4)
                0x08006bfc                _etext = .

.vfp11_veneer   0x08006bfc        0x0
 .vfp11_veneer  0x08006bfc        0x0 linker stubs

.v4_bx          0x08006bfc        0x0
 .v4_bx         0x08006bfc        0x0 linker stubs

.iplt           0x08006bfc        0x0
 .iplt          0x08006bfc        0x0 d:/programs/atollic truestudio/truestudio for stm32 9.3.0/armtools/bin/../lib/gcc/arm-atollic-eabi/6.3.1/armv7-m/crtbegin.o

.rodata         0x08006c00      0x278
                0x08006c00                . = ALIGN (0x4)
 *(.rodata)
 .rodata        0x08006c00       0x22 Core\Src\AllTasks.o
                0x08006c00                vtable for AllTasks
                0x08006c10                typeinfo for AllTasks
                0x08006c18                typeinfo name for AllTasks
 *fill*         0x08006c22        0x2 
 .rodata        0x08006c24       0x29 Core\Src\CanSendManager.o
                0x08006c24                vtable for CanSendManager
                0x08006c34                typeinfo for CanSendManager
                0x08006c3c                typeinfo name for CanSendManager
 *fill*         0x08006c4d        0x3 
 .rodata        0x08006c50       0x20 Core\Src\Futaba.o
                0x08006c50                vtable for Futaba
                0x08006c60                typeinfo for Futaba
                0x08006c68                typeinfo name for Futaba
 .rodata        0x08006c70       0x26 Core\Src\ModeManager.o
                0x08006c70                vtable for ModeManager
                0x08006c80                typeinfo for ModeManager
                0x08006c88                typeinfo name for ModeManager
 *fill*         0x08006c96        0x2 
 .rodata        0x08006c98       0x27 Core\Src\MotorManager.o
                0x08006c98                vtable for MotorManager
                0x08006ca8                typeinfo for MotorManager
                0x08006cb0                typeinfo name for MotorManager
 *fill*         0x08006cbf        0x1 
 .rodata        0x08006cc0       0x1f Core\Src\Tools.o
                0x08006cc0                vtable for Tools
                0x08006cd0                typeinfo for Tools
                0x08006cd8                typeinfo name for Tools
 .rodata        0x08006cdf       0x10 Drivers\STM32F1xx_HAL_Driver\Src\stm32f1xx_hal_rcc.o
 *(.rodata*)
 .rodata.AHBPrescTable
                0x08006cef       0x10 Core\Src\system_stm32f1xx.o
                0x08006cef                AHBPrescTable
 .rodata.APBPrescTable
                0x08006cff        0x8 Core\Src\system_stm32f1xx.o
                0x08006cff                APBPrescTable
 *fill*         0x08006d07        0x1 
 .rodata._ZTIN10__cxxabiv120__si_class_type_infoE
                0x08006d08        0xc d:/programs/atollic truestudio/truestudio for stm32 9.3.0/armtools/bin/../lib/gcc/arm-atollic-eabi/6.3.1/../../../../arm-atollic-eabi/lib/armv7-m\libstdc++_nano.a(si_class_type_info.o)
                0x08006d08                typeinfo for __cxxabiv1::__si_class_type_info
 .rodata._ZTSN10__cxxabiv120__si_class_type_infoE
                0x08006d14       0x25 d:/programs/atollic truestudio/truestudio for stm32 9.3.0/armtools/bin/../lib/gcc/arm-atollic-eabi/6.3.1/../../../../arm-atollic-eabi/lib/armv7-m\libstdc++_nano.a(si_class_type_info.o)
                0x08006d14                typeinfo name for __cxxabiv1::__si_class_type_info
 *fill*         0x08006d39        0x3 
 .rodata._ZTVN10__cxxabiv120__si_class_type_infoE
                0x08006d3c       0x2c d:/programs/atollic truestudio/truestudio for stm32 9.3.0/armtools/bin/../lib/gcc/arm-atollic-eabi/6.3.1/../../../../arm-atollic-eabi/lib/armv7-m\libstdc++_nano.a(si_class_type_info.o)
                0x08006d3c                vtable for __cxxabiv1::__si_class_type_info
 .rodata._ZTIN10__cxxabiv117__class_type_infoE
                0x08006d68        0xc d:/programs/atollic truestudio/truestudio for stm32 9.3.0/armtools/bin/../lib/gcc/arm-atollic-eabi/6.3.1/../../../../arm-atollic-eabi/lib/armv7-m\libstdc++_nano.a(class_type_info.o)
                0x08006d68                typeinfo for __cxxabiv1::__class_type_info
 .rodata._ZTSN10__cxxabiv117__class_type_infoE
                0x08006d74       0x22 d:/programs/atollic truestudio/truestudio for stm32 9.3.0/armtools/bin/../lib/gcc/arm-atollic-eabi/6.3.1/../../../../arm-atollic-eabi/lib/armv7-m\libstdc++_nano.a(class_type_info.o)
                0x08006d74                typeinfo name for __cxxabiv1::__class_type_info
 *fill*         0x08006d96        0x2 
 .rodata._ZTVN10__cxxabiv117__class_type_infoE
                0x08006d98       0x2c d:/programs/atollic truestudio/truestudio for stm32 9.3.0/armtools/bin/../lib/gcc/arm-atollic-eabi/6.3.1/../../../../arm-atollic-eabi/lib/armv7-m\libstdc++_nano.a(class_type_info.o)
                0x08006d98                vtable for __cxxabiv1::__class_type_info
 .rodata._ZTISt9type_info
                0x08006dc4        0x8 d:/programs/atollic truestudio/truestudio for stm32 9.3.0/armtools/bin/../lib/gcc/arm-atollic-eabi/6.3.1/../../../../arm-atollic-eabi/lib/armv7-m\libstdc++_nano.a(tinfo.o)
                0x08006dc4                typeinfo for std::type_info
 .rodata._ZTSSt9type_info
                0x08006dcc        0xd d:/programs/atollic truestudio/truestudio for stm32 9.3.0/armtools/bin/../lib/gcc/arm-atollic-eabi/6.3.1/../../../../arm-atollic-eabi/lib/armv7-m\libstdc++_nano.a(tinfo.o)
                0x08006dcc                typeinfo name for std::type_info
 *fill*         0x08006dd9        0x3 
 .rodata._ZTIN10__cxxabiv115__forced_unwindE
                0x08006ddc        0x8 d:/programs/atollic truestudio/truestudio for stm32 9.3.0/armtools/bin/../lib/gcc/arm-atollic-eabi/6.3.1/../../../../arm-atollic-eabi/lib/armv7-m\libstdc++_nano.a(eh_exception.o)
                0x08006ddc                typeinfo for __cxxabiv1::__forced_unwind
 .rodata._ZTIN10__cxxabiv119__foreign_exceptionE
                0x08006de4        0x8 d:/programs/atollic truestudio/truestudio for stm32 9.3.0/armtools/bin/../lib/gcc/arm-atollic-eabi/6.3.1/../../../../arm-atollic-eabi/lib/armv7-m\libstdc++_nano.a(eh_exception.o)
                0x08006de4                typeinfo for __cxxabiv1::__foreign_exception
 .rodata._ZTSN10__cxxabiv115__forced_unwindE
                0x08006dec       0x20 d:/programs/atollic truestudio/truestudio for stm32 9.3.0/armtools/bin/../lib/gcc/arm-atollic-eabi/6.3.1/../../../../arm-atollic-eabi/lib/armv7-m\libstdc++_nano.a(eh_exception.o)
                0x08006dec                typeinfo name for __cxxabiv1::__forced_unwind
 .rodata._ZTSN10__cxxabiv119__foreign_exceptionE
                0x08006e0c       0x24 d:/programs/atollic truestudio/truestudio for stm32 9.3.0/armtools/bin/../lib/gcc/arm-atollic-eabi/6.3.1/../../../../arm-atollic-eabi/lib/armv7-m\libstdc++_nano.a(eh_exception.o)
                0x08006e0c                typeinfo name for __cxxabiv1::__foreign_exception
 .rodata.pow.str1.1
                0x08006e30        0x4 d:/programs/atollic truestudio/truestudio for stm32 9.3.0/armtools/bin/../lib/gcc/arm-atollic-eabi/6.3.1/../../../../arm-atollic-eabi/lib/armv7-m\libm.a(lib_a-w_pow.o)
 .rodata.__ieee754_pow.str1.1
                0x08006e34        0x4 d:/programs/atollic truestudio/truestudio for stm32 9.3.0/armtools/bin/../lib/gcc/arm-atollic-eabi/6.3.1/../../../../arm-atollic-eabi/lib/armv7-m\libm.a(lib_a-e_pow.o)
                                  0x1 (size before relaxing)
 *fill*         0x08006e34        0x4 
 .rodata.bp     0x08006e38       0x10 d:/programs/atollic truestudio/truestudio for stm32 9.3.0/armtools/bin/../lib/gcc/arm-atollic-eabi/6.3.1/../../../../arm-atollic-eabi/lib/armv7-m\libm.a(lib_a-e_pow.o)
 .rodata.dp_h   0x08006e48       0x10 d:/programs/atollic truestudio/truestudio for stm32 9.3.0/armtools/bin/../lib/gcc/arm-atollic-eabi/6.3.1/../../../../arm-atollic-eabi/lib/armv7-m\libm.a(lib_a-e_pow.o)
 .rodata.dp_l   0x08006e58       0x10 d:/programs/atollic truestudio/truestudio for stm32 9.3.0/armtools/bin/../lib/gcc/arm-atollic-eabi/6.3.1/../../../../arm-atollic-eabi/lib/armv7-m\libm.a(lib_a-e_pow.o)
 .rodata.TWO52  0x08006e68       0x10 d:/programs/atollic truestudio/truestudio for stm32 9.3.0/armtools/bin/../lib/gcc/arm-atollic-eabi/6.3.1/../../../../arm-atollic-eabi/lib/armv7-m\libm.a(lib_a-s_rint.o)
                0x08006e78                . = ALIGN (0x4)

.ARM.extab      0x08006e78       0xe4
 *(.ARM.extab* .gnu.linkonce.armextab.*)
 .ARM.extab.text._ZN8AllTasks7processEv
                0x08006e78        0xc Core\Src\AllTasks.o
 .ARM.extab.text._ZSt3powIiiEN9__gnu_cxx11__promote_2IT_T0_NS0_9__promoteIS2_XsrSt12__is_integerIS2_E7__valueEE6__typeENS4_IS3_XsrS5_IS3_E7__valueEE6__typeEE6__typeES2_S3_
                0x08006e84        0x0 Core\Src\CanSendManager.o
 .ARM.extab.text._ZN6Futaba15sbusDataReceiveEh
                0x08006e84        0xc Core\Src\Futaba.o
 .ARM.extab.text._ZN6Futaba4InitEv
                0x08006e90        0xc Core\Src\Futaba.o
 .ARM.extab.text._ZN6Futaba7ProcessEv
                0x08006e9c        0xc Core\Src\Futaba.o
 .ARM.extab.text._ZN6Futaba10RxCallbackEv
                0x08006ea8        0xc Core\Src\Futaba.o
 .ARM.extab.text._ZSt3absImEN9__gnu_cxx11__enable_ifIXsrSt12__is_integerIT_E7__valueEdE6__typeES3_
                0x08006eb4        0x0 Core\Src\Futaba.o
 .ARM.extab.text._ZN11ModeManager8proccessEv
                0x08006eb4        0xc Core\Src\ModeManager.o
 .ARM.extab.text._ZN11ModeManager8setModesEv
                0x08006ec0        0xc Core\Src\ModeManager.o
 .ARM.extab.text._ZN11ModeManager13checkRideModeEv
                0x08006ecc        0xc Core\Src\ModeManager.o
 .ARM.extab.text._ZN12MotorManager7processEv
                0x08006ed8        0xc Core\Src\MotorManager.o
 .ARM.extab.text._ZN12MotorManager14DriveModeCheckEv
                0x08006ee4        0xc Core\Src\MotorManager.o
 .ARM.extab.text._ZN12MotorManager11RCModeCheckEv
                0x08006ef0        0xc Core\Src\MotorManager.o
 .ARM.extab.text._ZN12MotorManager14setMaxVelocityEv
                0x08006efc        0xc Core\Src\MotorManager.o
 .ARM.extab.text._ZN5Tools4InitEv
                0x08006f08        0xc Core\Src\Tools.o
 .ARM.extab.text.HAL_TIM_PeriodElapsedCallback
                0x08006f14        0xc Core\Src\main.o
 .ARM.extab.text.HAL_UART_RxCpltCallback
                0x08006f20        0xc Core\Src\main.o
 .ARM.extab.text.main
                0x08006f2c        0xc Core\Src\main.o
 .ARM.extab.text._Z18SystemClock_Configv
                0x08006f38        0xc Core\Src\main.o
 .ARM.extab     0x08006f44       0x18 d:/programs/atollic truestudio/truestudio for stm32 9.3.0/armtools/bin/../lib/gcc/arm-atollic-eabi/6.3.1/armv7-m\libgcc.a(pr-support.o)

.ARM            0x08006f5c      0x188
                0x08006f5c                __exidx_start = .
 *(.ARM.exidx*)
 .ARM.exidx.text._ZN8AllTasksC2Ev
                0x08007014        0x0 Core\Src\AllTasks.o
                                  0x8 (size before relaxing)
 .ARM.exidx.text._ZN8AllTasks7processEv
                0x08007014        0x8 Core\Src\AllTasks.o
 .ARM.exidx.text._ZN8AllTasksD2Ev
                0x0800701c        0x8 Core\Src\AllTasks.o
 .ARM.exidx.text._ZN8AllTasksD0Ev
                0x08007024        0x0 Core\Src\AllTasks.o
                                  0x8 (size before relaxing)
 .ARM.exidx.text._Z41__static_initialization_and_destruction_0ii
                0x08007024        0x0 Core\Src\AllTasks.o
                                  0x8 (size before relaxing)
 .ARM.exidx.text._GLOBAL__sub_I_allTasks
                0x08007024        0x0 Core\Src\AllTasks.o
                                  0x8 (size before relaxing)
 .ARM.exidx.text._ZN14CanSendManager7sendMsgENS_9SEND_MODEEPh
                0x08007024        0x0 Core\Src\CanSendManager.o
                                  0x8 (size before relaxing)
 .ARM.exidx.text._ZN14CanSendManager7getSignEf
                0x08007024        0x0 Core\Src\CanSendManager.o
                                  0x8 (size before relaxing)
 .ARM.exidx.text._ZN14CanSendManager21convertFloatToUint16tEf
                0x08007024        0x0 Core\Src\CanSendManager.o
                                  0x8 (size before relaxing)
 .ARM.exidx.text._ZN14CanSendManager14convertToFrameEht
                0x08007024        0x0 Core\Src\CanSendManager.o
                                  0x8 (size before relaxing)
 .ARM.exidx.text._ZN14CanSendManager23encode_frame_big_endianEPhh
                0x08007024        0x0 Core\Src\CanSendManager.o
                                  0x8 (size before relaxing)
 .ARM.exidx.text._ZN14CanSendManager7processEffNS_9SEND_MODEE
                0x08007024        0x0 Core\Src\CanSendManager.o
                                  0x8 (size before relaxing)
 .ARM.exidx.text._ZN14CanSendManager11setVelocityEff
                0x08007024        0x0 Core\Src\CanSendManager.o
                                  0x8 (size before relaxing)
 .ARM.exidx.text._ZN14CanSendManager7setTurnEff
                0x08007024        0x0 Core\Src\CanSendManager.o
                                  0x8 (size before relaxing)
 .ARM.exidx.text._ZN14CanSendManager9setStatusEN11ModeManager7RC_MODEENS0_10DRIVE_MODEE
                0x08007024        0x0 Core\Src\CanSendManager.o
                                  0x8 (size before relaxing)
 .ARM.exidx.text._ZN14CanSendManagerC2Ev
                0x08007024        0x0 Core\Src\CanSendManager.o
                                  0x8 (size before relaxing)
 .ARM.exidx.text._ZN14CanSendManagerD2Ev
                0x08007024        0x0 Core\Src\CanSendManager.o
                                  0x8 (size before relaxing)
 .ARM.exidx.text._ZN14CanSendManagerD0Ev
                0x08007024        0x0 Core\Src\CanSendManager.o
                                  0x8 (size before relaxing)
 .ARM.exidx.text._ZSt3powIiiEN9__gnu_cxx11__promote_2IT_T0_NS0_9__promoteIS2_XsrSt12__is_integerIS2_E7__valueEE6__typeENS4_IS3_XsrS5_IS3_E7__valueEE6__typeEE6__typeES2_S3_
                0x08007024        0x0 Core\Src\CanSendManager.o
                                  0x8 (size before relaxing)
 .ARM.exidx.text._Z41__static_initialization_and_destruction_0ii
                0x08007024        0x0 Core\Src\CanSendManager.o
                                  0x8 (size before relaxing)
 .ARM.exidx.text._GLOBAL__sub_I_canSendManager
                0x08007024        0x0 Core\Src\CanSendManager.o
                                  0x8 (size before relaxing)
 .ARM.exidx.text._ZN6Futaba15sbusDataReceiveEh
                0x08007024        0x8 Core\Src\Futaba.o
 .ARM.exidx.text._ZN6Futaba15sbusFrameStatusEv
                0x0800702c        0x8 Core\Src\Futaba.o
 .ARM.exidx.text._ZN6Futaba18sbusChannelsDecodeEv
                0x08007034        0x0 Core\Src\Futaba.o
                                  0x8 (size before relaxing)
 .ARM.exidx.text._ZN6Futaba16sbusChannelsInitEv
                0x08007034        0x0 Core\Src\Futaba.o
                                  0x8 (size before relaxing)
 .ARM.exidx.text._ZN6Futaba4InitEv
                0x08007034        0x8 Core\Src\Futaba.o
 .ARM.exidx.text._ZN6Futaba11Get_RCStateEv
                0x0800703c        0x8 Core\Src\Futaba.o
 .ARM.exidx.text._ZN6Futaba7ProcessEv
                0x08007044        0x8 Core\Src\Futaba.o
 .ARM.exidx.text._ZN6Futaba16ProcessSmoothingEv
                0x0800704c        0x8 Core\Src\Futaba.o
 .ARM.exidx.text._ZN6Futaba11ConversionsEv
                0x08007054        0x0 Core\Src\Futaba.o
                                  0x8 (size before relaxing)
 .ARM.exidx.text._ZN6Futaba10RCCommandsEv
                0x08007054        0x0 Core\Src\Futaba.o
                                  0x8 (size before relaxing)
 .ARM.exidx.text._ZN6Futaba10RxCallbackEv
                0x08007054        0x8 Core\Src\Futaba.o
 .ARM.exidx.text._ZN6FutabaC2Ev
                0x0800705c        0x8 Core\Src\Futaba.o
 .ARM.exidx.text._ZN6FutabaD2Ev
                0x08007064        0x0 Core\Src\Futaba.o
                                  0x8 (size before relaxing)
 .ARM.exidx.text._ZN6FutabaD0Ev
                0x08007064        0x0 Core\Src\Futaba.o
                                  0x8 (size before relaxing)
 .ARM.exidx.text._ZSt3absImEN9__gnu_cxx11__enable_ifIXsrSt12__is_integerIT_E7__valueEdE6__typeES3_
                0x08007064        0x0 Core\Src\Futaba.o
                                  0x8 (size before relaxing)
 .ARM.exidx.text._Z41__static_initialization_and_destruction_0ii
                0x08007064        0x0 Core\Src\Futaba.o
                                  0x8 (size before relaxing)
 .ARM.exidx.text._GLOBAL__sub_I_futaba
                0x08007064        0x0 Core\Src\Futaba.o
                                  0x8 (size before relaxing)
 .ARM.exidx.text._ZN11ModeManager8proccessEv
                0x08007064        0x8 Core\Src\ModeManager.o
 .ARM.exidx.text._ZN11ModeManager8setModesEv
                0x0800706c        0x8 Core\Src\ModeManager.o
 .ARM.exidx.text._ZN11ModeManager13checkRideModeEv
                0x08007074        0x8 Core\Src\ModeManager.o
 .ARM.exidx.text._ZN11ModeManager21checkUnlockDriveTimerEv
                0x0800707c        0x8 Core\Src\ModeManager.o
 .ARM.exidx.text._ZN11ModeManager21startUnlockDriveTimerEv
                0x08007084        0x0 Core\Src\ModeManager.o
                                  0x8 (size before relaxing)
 .ARM.exidx.text._ZN11ModeManager21breakUnlockDriveTimerEv
                0x08007084        0x0 Core\Src\ModeManager.o
                                  0x8 (size before relaxing)
 .ARM.exidx.text._ZN11ModeManager9getRCmodeEv
                0x08007084        0x0 Core\Src\ModeManager.o
                                  0x8 (size before relaxing)
 .ARM.exidx.text._ZN11ModeManager12getDriveModeEv
                0x08007084        0x0 Core\Src\ModeManager.o
                                  0x8 (size before relaxing)
 .ARM.exidx.text._ZN11ModeManager11getRideModeEv
                0x08007084        0x0 Core\Src\ModeManager.o
                                  0x8 (size before relaxing)
 .ARM.exidx.text._ZN11ModeManagerC2Ev
                0x08007084        0x0 Core\Src\ModeManager.o
                                  0x8 (size before relaxing)
 .ARM.exidx.text._ZN11ModeManagerD2Ev
                0x08007084        0x0 Core\Src\ModeManager.o
                                  0x8 (size before relaxing)
 .ARM.exidx.text._ZN11ModeManagerD0Ev
                0x08007084        0x0 Core\Src\ModeManager.o
                                  0x8 (size before relaxing)
 .ARM.exidx.text._Z41__static_initialization_and_destruction_0ii
                0x08007084        0x0 Core\Src\ModeManager.o
                                  0x8 (size before relaxing)
 .ARM.exidx.text._GLOBAL__sub_I_mode_manager
                0x08007084        0x0 Core\Src\ModeManager.o
                                  0x8 (size before relaxing)
 .ARM.exidx.text._ZN12MotorManager7processEv
                0x08007084        0x8 Core\Src\MotorManager.o
 .ARM.exidx.text._ZN12MotorManager14DriveModeCheckEv
                0x0800708c        0x8 Core\Src\MotorManager.o
 .ARM.exidx.text._ZN12MotorManager11RCModeCheckEv
                0x08007094        0x8 Core\Src\MotorManager.o
 .ARM.exidx.text._ZN12MotorManager14setMaxVelocityEv
                0x0800709c        0x8 Core\Src\MotorManager.o
 .ARM.exidx.text._ZN12MotorManager14getMaxVelocityEv
                0x080070a4        0x8 Core\Src\MotorManager.o
 .ARM.exidx.text._ZN12MotorManagerC2Ev
                0x080070ac        0x0 Core\Src\MotorManager.o
                                  0x8 (size before relaxing)
 .ARM.exidx.text._ZN12MotorManagerD2Ev
                0x080070ac        0x0 Core\Src\MotorManager.o
                                  0x8 (size before relaxing)
 .ARM.exidx.text._ZN12MotorManagerD0Ev
                0x080070ac        0x0 Core\Src\MotorManager.o
                                  0x8 (size before relaxing)
 .ARM.exidx.text._Z41__static_initialization_and_destruction_0ii
                0x080070ac        0x0 Core\Src\MotorManager.o
                                  0x8 (size before relaxing)
 .ARM.exidx.text._GLOBAL__sub_I_motor_manager
                0x080070ac        0x0 Core\Src\MotorManager.o
                                  0x8 (size before relaxing)
 .ARM.exidx.text._ZN5Tools9GetMicrosEv
                0x080070ac        0x0 Core\Src\Tools.o
                                  0x8 (size before relaxing)
 .ARM.exidx.text._ZN5Tools4InitEv
                0x080070ac        0x8 Core\Src\Tools.o
 .ARM.exidx.text._ZN5ToolsC2Ev
                0x080070b4        0x8 Core\Src\Tools.o
 .ARM.exidx.text._ZN5ToolsD2Ev
                0x080070bc        0x0 Core\Src\Tools.o
                                  0x8 (size before relaxing)
 .ARM.exidx.text._ZN5ToolsD0Ev
                0x080070bc        0x0 Core\Src\Tools.o
                                  0x8 (size before relaxing)
 .ARM.exidx.text._Z41__static_initialization_and_destruction_0ii
                0x080070bc        0x0 Core\Src\Tools.o
                                  0x8 (size before relaxing)
 .ARM.exidx.text._GLOBAL__sub_I_tools
                0x080070bc        0x0 Core\Src\Tools.o
                                  0x8 (size before relaxing)
 .ARM.exidx.text.HAL_TIM_PeriodElapsedCallback
                0x080070bc        0x8 Core\Src\main.o
 .ARM.exidx.text.HAL_UART_RxCpltCallback
                0x080070c4        0x8 Core\Src\main.o
 .ARM.exidx.text.main
                0x080070cc        0x8 Core\Src\main.o
 .ARM.exidx.text._Z18SystemClock_Configv
                0x080070d4        0x8 Core\Src\main.o
 .ARM.exidx.text.Error_Handler
                0x080070dc        0x8 Core\Src\main.o
 .ARM.exidx     0x08006f5c       0x80 d:/programs/atollic truestudio/truestudio for stm32 9.3.0/armtools/bin/../lib/gcc/arm-atollic-eabi/6.3.1/armv7-m\libgcc.a(unwind-arm.o)
                                 0xd8 (size before relaxing)
 .ARM.exidx     0x08006fdc       0x38 d:/programs/atollic truestudio/truestudio for stm32 9.3.0/armtools/bin/../lib/gcc/arm-atollic-eabi/6.3.1/armv7-m\libgcc.a(pr-support.o)
                                 0x48 (size before relaxing)
                0x080070e4                __exidx_end = .

.rel.dyn        0x080070e4        0x0
 .rel.iplt      0x080070e4        0x0 d:/programs/atollic truestudio/truestudio for stm32 9.3.0/armtools/bin/../lib/gcc/arm-atollic-eabi/6.3.1/armv7-m/crtbegin.o

.preinit_array  0x080070e4        0x0
                0x080070e4                PROVIDE (__preinit_array_start, .)
 *(.preinit_array*)
                0x080070e4                PROVIDE (__preinit_array_end, .)

.init_array     0x080070e4       0x1c
                0x080070e4                PROVIDE (__init_array_start, .)
 *(SORT(.init_array.*))
 *(.init_array*)
 .init_array    0x080070e4        0x4 d:/programs/atollic truestudio/truestudio for stm32 9.3.0/armtools/bin/../lib/gcc/arm-atollic-eabi/6.3.1/armv7-m/crtbegin.o
 .init_array    0x080070e8        0x4 Core\Src\AllTasks.o
 .init_array    0x080070ec        0x4 Core\Src\CanSendManager.o
 .init_array    0x080070f0        0x4 Core\Src\Futaba.o
 .init_array    0x080070f4        0x4 Core\Src\ModeManager.o
 .init_array    0x080070f8        0x4 Core\Src\MotorManager.o
 .init_array    0x080070fc        0x4 Core\Src\Tools.o
                0x08007100                PROVIDE (__init_array_end, .)

.fini_array     0x08007100        0x4
                [!provide]                PROVIDE (__fini_array_start, .)
 *(SORT(.fini_array.*))
 *(.fini_array*)
 .fini_array    0x08007100        0x4 d:/programs/atollic truestudio/truestudio for stm32 9.3.0/armtools/bin/../lib/gcc/arm-atollic-eabi/6.3.1/armv7-m/crtbegin.o
                [!provide]                PROVIDE (__fini_array_end, .)
                0x08007104                _sidata = LOADADDR (.data)

.data           0x20000000       0x84 load address 0x08007104
                0x20000000                . = ALIGN (0x4)
                0x20000000                _sdata = .
 *(.data)
 .data          0x20000000        0x4 d:/programs/atollic truestudio/truestudio for stm32 9.3.0/armtools/bin/../lib/gcc/arm-atollic-eabi/6.3.1/armv7-m/crtbegin.o
                0x20000000                __dso_handle
 .data          0x20000004        0x1 Core\Src\Futaba.o
 *(.data*)
 *fill*         0x20000005        0x3 
 .data.SystemCoreClock
                0x20000008        0x4 Core\Src\system_stm32f1xx.o
                0x20000008                SystemCoreClock
 .data.uwTickFreq
                0x2000000c        0x1 Drivers\STM32F1xx_HAL_Driver\Src\stm32f1xx_hal.o
                0x2000000c                uwTickFreq
 *fill*         0x2000000d        0x3 
 .data.uwTickPrio
                0x20000010        0x4 Drivers\STM32F1xx_HAL_Driver\Src\stm32f1xx_hal.o
                0x20000010                uwTickPrio
 .data._ZN10__cxxabiv119__terminate_handlerE
                0x20000014        0x4 d:/programs/atollic truestudio/truestudio for stm32 9.3.0/armtools/bin/../lib/gcc/arm-atollic-eabi/6.3.1/../../../../arm-atollic-eabi/lib/armv7-m\libstdc++_nano.a(eh_term_handler.o)
                0x20000014                __cxxabiv1::__terminate_handler
 .data._ZN10__cxxabiv120__unexpected_handlerE
                0x20000018        0x4 d:/programs/atollic truestudio/truestudio for stm32 9.3.0/armtools/bin/../lib/gcc/arm-atollic-eabi/6.3.1/../../../../arm-atollic-eabi/lib/armv7-m\libstdc++_nano.a(eh_unex_handler.o)
                0x20000018                __cxxabiv1::__unexpected_handler
 .data.__fdlib_version
                0x2000001c        0x1 d:/programs/atollic truestudio/truestudio for stm32 9.3.0/armtools/bin/../lib/gcc/arm-atollic-eabi/6.3.1/../../../../arm-atollic-eabi/lib/armv7-m\libm.a(lib_a-s_lib_ver.o)
                0x2000001c                __fdlib_version
 *fill*         0x2000001d        0x3 
 .data._impure_ptr
                0x20000020        0x4 d:/programs/atollic truestudio/truestudio for stm32 9.3.0/armtools/bin/../lib/gcc/arm-atollic-eabi/6.3.1/../../../../arm-atollic-eabi/lib/armv7-m\libc_nano.a(lib_a-impure.o)
                0x20000020                _impure_ptr
 .data.impure_data
                0x20000024       0x60 d:/programs/atollic truestudio/truestudio for stm32 9.3.0/armtools/bin/../lib/gcc/arm-atollic-eabi/6.3.1/../../../../arm-atollic-eabi/lib/armv7-m\libc_nano.a(lib_a-impure.o)
                0x20000084                . = ALIGN (0x4)
                0x20000084                _edata = .

.igot.plt       0x20000084        0x0 load address 0x08007188
 .igot.plt      0x20000084        0x0 d:/programs/atollic truestudio/truestudio for stm32 9.3.0/armtools/bin/../lib/gcc/arm-atollic-eabi/6.3.1/armv7-m/crtbegin.o
                0x20000084                . = ALIGN (0x4)

.bss            0x20000084      0x240 load address 0x08007188
                0x20000084                _sbss = .
                0x20000084                __bss_start__ = _sbss
 *(.bss)
 .bss           0x20000084       0x1c d:/programs/atollic truestudio/truestudio for stm32 9.3.0/armtools/bin/../lib/gcc/arm-atollic-eabi/6.3.1/armv7-m/crtbegin.o
 .bss           0x200000a0        0x4 Core\Src\AllTasks.o
                0x200000a0                allTasks
 .bss           0x200000a4        0x4 Core\Src\CanSendManager.o
                0x200000a4                canSendManager
 .bss           0x200000a8       0xb2 Core\Src\Futaba.o
                0x200000a8                futaba
 *fill*         0x2000015a        0x2 
 .bss           0x2000015c       0x14 Core\Src\ModeManager.o