Archive member included to satisfy reference by file (symbol)

d:/programs/atollic truestudio/truestudio for stm32 9.3.0/armtools/bin/../lib/gcc/arm-atollic-eabi/6.3.1/../../../../arm-atollic-eabi/lib/armv7-m\libstdc++_nano.a(si_class_type_info.o)
                              Core\Src\Filters.o (vtable for __cxxabiv1::__si_class_type_info)
d:/programs/atollic truestudio/truestudio for stm32 9.3.0/armtools/bin/../lib/gcc/arm-atollic-eabi/6.3.1/../../../../arm-atollic-eabi/lib/armv7-m\libstdc++_nano.a(del_op.o)
                              Core\Src\AllTasks.o (operator delete(void*))
d:/programs/atollic truestudio/truestudio for stm32 9.3.0/armtools/bin/../lib/gcc/arm-atollic-eabi/6.3.1/../../../../arm-atollic-eabi/lib/armv7-m\libstdc++_nano.a(del_opv.o)
                              Core\Src\CanSendManager.o (operator delete[](void*))
d:/programs/atollic truestudio/truestudio for stm32 9.3.0/armtools/bin/../lib/gcc/arm-atollic-eabi/6.3.1/../../../../arm-atollic-eabi/lib/armv7-m\libstdc++_nano.a(atexit_arm.o)
                              Core\Src\AllTasks.o (__aeabi_atexit)
d:/programs/atollic truestudio/truestudio for stm32 9.3.0/armtools/bin/../lib/gcc/arm-atollic-eabi/6.3.1/../../../../arm-atollic-eabi/lib/armv7-m\libstdc++_nano.a(pure.o)
                              Core\Src\Filters.o (__cxa_pure_virtual)
d:/programs/atollic truestudio/truestudio for stm32 9.3.0/armtools/bin/../lib/gcc/arm-atollic-eabi/6.3.1/../../../../arm-atollic-eabi/lib/armv7-m\libstdc++_nano.a(eh_terminate.o)
                              d:/programs/atollic truestudio/truestudio for stm32 9.3.0/armtools/bin/../lib/gcc/arm-atollic-eabi/6.3.1/../../../../arm-atollic-eabi/lib/armv7-m\libstdc++_nano.a(pure.o) (std::terminate())
d:/programs/atollic truestudio/truestudio for stm32 9.3.0/armtools/bin/../lib/gcc/arm-atollic-eabi/6.3.1/../../../../arm-atollic-eabi/lib/armv7-m\libstdc++_nano.a(new_op.o)
                              Core\Src\Futaba.o (operator new(unsigned int))
d:/programs/atollic truestudio/truestudio for stm32 9.3.0/armtools/bin/../lib/gcc/arm-atollic-eabi/6.3.1/../../../../arm-atollic-eabi/lib/armv7-m\libstdc++_nano.a(new_opv.o)
                              Core\Src\CanSendManager.o (operator new[](unsigned int))
d:/programs/atollic truestudio/truestudio for stm32 9.3.0/armtools/bin/../lib/gcc/arm-atollic-eabi/6.3.1/../../../../arm-atollic-eabi/lib/armv7-m\libstdc++_nano.a(eh_arm.o)
                              Core\Src\Filters.o (__cxa_end_cleanup)
d:/programs/atollic truestudio/truestudio for stm32 9.3.0/armtools/bin/../lib/gcc/arm-atollic-eabi/6.3.1/../../../../arm-atollic-eabi/lib/armv7-m\libstdc++_nano.a(eh_personality.o)
                              Core\Src\Filters.o (__gxx_personality_v0)
d:/programs/atollic truestudio/truestudio for stm32 9.3.0/armtools/bin/../lib/gcc/arm-atollic-eabi/6.3.1/../../../../arm-atollic-eabi/lib/armv7-m\libstdc++_nano.a(eh_term_handler.o)
                              d:/programs/atollic truestudio/truestudio for stm32 9.3.0/armtools/bin/../lib/gcc/arm-atollic-eabi/6.3.1/../../../../arm-atollic-eabi/lib/armv7-m\libstdc++_nano.a(eh_terminate.o) (__cxxabiv1::__terminate_handler)
d:/programs/atollic truestudio/truestudio for stm32 9.3.0/armtools/bin/../lib/gcc/arm-atollic-eabi/6.3.1/../../../../arm-atollic-eabi/lib/armv7-m\libstdc++_nano.a(del_ops.o)
                              d:/programs/atollic truestudio/truestudio for stm32 9.3.0/armtools/bin/../lib/gcc/arm-atollic-eabi/6.3.1/../../../../arm-atollic-eabi/lib/armv7-m\libstdc++_nano.a(si_class_type_info.o) (operator delete(void*, unsigned int))
d:/programs/atollic truestudio/truestudio for stm32 9.3.0/armtools/bin/../lib/gcc/arm-atollic-eabi/6.3.1/../../../../arm-atollic-eabi/lib/armv7-m\libstdc++_nano.a(new_handler.o)
                              d:/programs/atollic truestudio/truestudio for stm32 9.3.0/armtools/bin/../lib/gcc/arm-atollic-eabi/6.3.1/../../../../arm-atollic-eabi/lib/armv7-m\libstdc++_nano.a(new_op.o) (std::get_new_handler())
d:/programs/atollic truestudio/truestudio for stm32 9.3.0/armtools/bin/../lib/gcc/arm-atollic-eabi/6.3.1/../../../../arm-atollic-eabi/lib/armv7-m\libstdc++_nano.a(class_type_info.o)
                              d:/programs/atollic truestudio/truestudio for stm32 9.3.0/armtools/bin/../lib/gcc/arm-atollic-eabi/6.3.1/../../../../arm-atollic-eabi/lib/armv7-m\libstdc++_nano.a(si_class_type_info.o) (__cxxabiv1::__class_type_info::__do_upcast(__cxxabiv1::__class_type_info const*, void**) const)
d:/programs/atollic truestudio/truestudio for stm32 9.3.0/armtools/bin/../lib/gcc/arm-atollic-eabi/6.3.1/../../../../arm-atollic-eabi/lib/armv7-m\libstdc++_nano.a(eh_unex_handler.o)
                              d:/programs/atollic truestudio/truestudio for stm32 9.3.0/armtools/bin/../lib/gcc/arm-atollic-eabi/6.3.1/../../../../arm-atollic-eabi/lib/armv7-m\libstdc++_nano.a(eh_terminate.o) (__cxxabiv1::__unexpected_handler)
[...]
Memory Configuration

Name             Origin             Length             Attributes
RAM              0x20000000         0x00005000         xrw
FLASH            0x08000000         0x00020000         xr
*default*        0x00000000         0xffffffff

Linker script and memory map

LOAD d:/programs/atollic truestudio/truestudio for stm32 9.3.0/armtools/bin/../lib/gcc/arm-atollic-eabi/6.3.1/armv7-m/crti.o
LOAD d:/programs/atollic truestudio/truestudio for stm32 9.3.0/armtools/bin/../lib/gcc/arm-atollic-eabi/6.3.1/armv7-m/crtbegin.o
LOAD Core\Src\AllTasks.o
LOAD Core\Src\CanSendManager.o
LOAD Core\Src\Filters.o
LOAD Core\Src\Futaba.o
LOAD Core\Src\Mathematics.o
LOAD Core\Src\ModeManager.o
LOAD Core\Src\MotorManager.o
LOAD Core\Src\Tools.o
LOAD Core\Src\bitoperations.o
LOAD Core\Src\can.o
LOAD Core\Src\gpio.o
LOAD Core\Src\main.o
LOAD Core\Src\stm32f1xx_hal_msp.o
LOAD Core\Src\stm32f1xx_it.o
LOAD Core\Src\syscalls.o
LOAD Core\Src\system_stm32f1xx.o
LOAD Core\Src\tim.o
LOAD Core\Src\usart.o
LOAD Drivers\STM32F1xx_HAL_Driver\Src\stm32f1xx_hal.o
LOAD Drivers\STM32F1xx_HAL_Driver\Src\stm32f1xx_hal_can.o
LOAD Drivers\STM32F1xx_HAL_Driver\Src\stm32f1xx_hal_cortex.o
LOAD Drivers\STM32F1xx_HAL_Driver\Src\stm32f1xx_hal_dma.o
LOAD Drivers\STM32F1xx_HAL_Driver\Src\stm32f1xx_hal_exti.o
LOAD Drivers\STM32F1xx_HAL_Driver\Src\stm32f1xx_hal_flash.o
LOAD Drivers\STM32F1xx_HAL_Driver\Src\stm32f1xx_hal_flash_ex.o
LOAD Drivers\STM32F1xx_HAL_Driver\Src\stm32f1xx_hal_gpio.o
LOAD Drivers\STM32F1xx_HAL_Driver\Src\stm32f1xx_hal_gpio_ex.o
LOAD Drivers\STM32F1xx_HAL_Driver\Src\stm32f1xx_hal_pwr.o
LOAD Drivers\STM32F1xx_HAL_Driver\Src\stm32f1xx_hal_rcc.o
LOAD Drivers\STM32F1xx_HAL_Driver\Src\stm32f1xx_hal_rcc_ex.o
LOAD Drivers\STM32F1xx_HAL_Driver\Src\stm32f1xx_hal_tim.o
LOAD Drivers\STM32F1xx_HAL_Driver\Src\stm32f1xx_hal_tim_ex.o
LOAD Drivers\STM32F1xx_HAL_Driver\Src\stm32f1xx_hal_uart.o
LOAD startup\startup_stm32f103xb.o
                0x00001000                malloc_getpagesize_P = 0x1000
START GROUP
LOAD d:/programs/atollic truestudio/truestudio for stm32 9.3.0/armtools/bin/../lib/gcc/arm-atollic-eabi/6.3.1/../../../../arm-atollic-eabi/lib/armv7-m\libstdc++_nano.a
LOAD d:/programs/atollic truestudio/truestudio for stm32 9.3.0/armtools/bin/../lib/gcc/arm-atollic-eabi/6.3.1/../../../../arm-atollic-eabi/lib/armv7-m\libsupc++_nano.a
END GROUP
LOAD d:/programs/atollic truestudio/truestudio for stm32 9.3.0/armtools/bin/../lib/gcc/arm-atollic-eabi/6.3.1/../../../../arm-atollic-eabi/lib/armv7-m\libstdc++_nano.a
LOAD d:/programs/atollic truestudio/truestudio for stm32 9.3.0/armtools/bin/../lib/gcc/arm-atollic-eabi/6.3.1/../../../../arm-atollic-eabi/lib/armv7-m\libm.a
LOAD d:/programs/atollic truestudio/truestudio for stm32 9.3.0/armtools/bin/../lib/gcc/arm-atollic-eabi/6.3.1/../../../../arm-atollic-eabi/lib/armv7-m\libc_nano.a
START GROUP
LOAD d:/programs/atollic truestudio/truestudio for stm32 9.3.0/armtools/bin/../lib/gcc/arm-atollic-eabi/6.3.1/armv7-m\libgcc.a
LOAD d:/programs/atollic truestudio/truestudio for stm32 9.3.0/armtools/bin/../lib/gcc/arm-atollic-eabi/6.3.1/../../../../arm-atollic-eabi/lib/armv7-m\libc_nano.a
END GROUP
START GROUP
LOAD d:/programs/atollic truestudio/truestudio for stm32 9.3.0/armtools/bin/../lib/gcc/arm-atollic-eabi/6.3.1/armv7-m\libgcc.a
LOAD d:/programs/atollic truestudio/truestudio for stm32 9.3.0/armtools/bin/../lib/gcc/arm-atollic-eabi/6.3.1/../../../../arm-atollic-eabi/lib/armv7-m\libc_nano.a
LOAD d:/programs/atollic truestudio/truestudio for stm32 9.3.0/armtools/bin/../lib/gcc/arm-atollic-eabi/6.3.1/../../../../arm-atollic-eabi/lib/armv7-m\libnosys.a
END GROUP
START GROUP
LOAD d:/programs/atollic truestudio/truestudio for stm32 9.3.0/armtools/bin/../lib/gcc/arm-atollic-eabi/6.3.1/armv7-m\libgcc.a
LOAD d:/programs/atollic truestudio/truestudio for stm32 9.3.0/armtools/bin/../lib/gcc/arm-atollic-eabi/6.3.1/../../../../arm-atollic-eabi/lib/armv7-m\libc_nano.a
LOAD d:/programs/atollic truestudio/truestudio for stm32 9.3.0/armtools/bin/../lib/gcc/arm-atollic-eabi/6.3.1/../../../../arm-atollic-eabi/lib/armv7-m\libnosys.a
END GROUP
LOAD d:/programs/atollic truestudio/truestudio for stm32 9.3.0/armtools/bin/../lib/gcc/arm-atollic-eabi/6.3.1/armv7-m/crtend.o
LOAD d:/programs/atollic truestudio/truestudio for stm32 9.3.0/armtools/bin/../lib/gcc/arm-atollic-eabi/6.3.1/armv7-m/crtn.o
                0x20005000                _estack = 0x20005000
                0x00000200                _Min_Heap_Size = 0x200
                0x00000400                _Min_Stack_Size = 0x400

.isr_vector     0x08000000      0x10c
                0x08000000                . = ALIGN (0x4)
 *(.isr_vector)
 .isr_vector    0x08000000      0x10c startup\startup_stm32f103xb.o
                0x08000000                g_pfnVectors
                0x0800010c                . = ALIGN (0x4)

.text           0x08000110     0x837c
                0x08000110                . = ALIGN (0x4)
 *(.text)
 .text          0x08000110       0x40 d:/programs/atollic truestudio/truestudio for stm32 9.3.0/armtools/bin/../lib/gcc/arm-atollic-eabi/6.3.1/armv7-m/crtbegin.o
 .text          0x08000150       0x14 d:/programs/atollic truestudio/truestudio for stm32 9.3.0/armtools/bin/../lib/gcc/arm-atollic-eabi/6.3.1/../../../../arm-atollic-eabi/lib/armv7-m\libc_nano.a(lib_a-strcmp.o)
                0x08000150                strcmp
 .text          0x08000164      0x370 d:/programs/atollic truestudio/truestudio for stm32 9.3.0/armtools/bin/../lib/gcc/arm-atollic-eabi/6.3.1/armv7-m\libgcc.a(_arm_addsubdf3.o)
                0x08000164                __aeabi_drsub
                0x0800016c                __aeabi_dsub
                0x0800016c                __subdf3
                0x08000170                __aeabi_dadd
                0x08000170                __adddf3
                0x080003e8                __floatunsidf
                0x080003e8                __aeabi_ui2d
                0x08000408                __floatsidf
                0x08000408                __aeabi_i2d
                0x0800042c                __aeabi_f2d
                0x0800042c                __extendsfdf2
                0x08000468                __floatundidf
                0x08000468                __aeabi_ul2d
                0x08000478                __floatdidf
                0x08000478                __aeabi_l2d
 .text          0x080004d4      0x424 d:/programs/atollic truestudio/truestudio for stm32 9.3.0/armtools/bin/../lib/gcc/arm-atollic-eabi/6.3.1/armv7-m\libgcc.a(_arm_muldivdf3.o)
                0x080004d4                __aeabi_dmul
                0x080004d4                __muldf3
                0x08000728                __divdf3
                0x08000728                __aeabi_ddiv
 .text          0x080008f8      0x110 d:/programs/atollic truestudio/truestudio for stm32 9.3.0/armtools/bin/../lib/gcc/arm-atollic-eabi/6.3.1/armv7-m\libgcc.a(_arm_cmpdf2.o)
                0x080008f8                __gtdf2
                0x080008f8                __gedf2
                0x08000900                __ltdf2
                0x08000900                __ledf2
                0x08000908                __nedf2
                0x08000908                __eqdf2
                0x08000908                __cmpdf2
                0x08000984                __aeabi_cdrcmple
                0x08000994                __aeabi_cdcmpeq
                0x08000994                __aeabi_cdcmple
                0x080009a4                __aeabi_dcmpeq
                0x080009b8                __aeabi_dcmplt
                0x080009cc                __aeabi_dcmple
                0x080009e0                __aeabi_dcmpge
                0x080009f4                __aeabi_dcmpgt
 .text          0x08000a08       0x50 d:/programs/atollic truestudio/truestudio for stm32 9.3.0/armtools/bin/../lib/gcc/arm-atollic-eabi/6.3.1/armv7-m\libgcc.a(_arm_fixdfsi.o)
                0x08000a08                __aeabi_d2iz
                0x08000a08                __fixdfsi
 .text          0x08000a58       0xa0 d:/programs/atollic truestudio/truestudio for stm32 9.3.0/armtools/bin/../lib/gcc/arm-atollic-eabi/6.3.1/armv7-m\libgcc.a(_arm_truncdfsf2.o)
                0x08000a58                __truncdfsf2
                0x08000a58                __aeabi_d2f
 .text          0x08000af8      0x21c d:/programs/atollic truestudio/truestudio for stm32 9.3.0/armtools/bin/../lib/gcc/arm-atollic-eabi/6.3.1/armv7-m\libgcc.a(_arm_addsubsf3.o)
                0x08000af8                __aeabi_frsub
                0x08000b00                __subsf3
                0x08000b00                __aeabi_fsub
                0x08000b04                __aeabi_fadd
                0x08000b04                __addsf3
                0x08000c64                __aeabi_ui2f
                0x08000c64                __floatunsisf
                0x08000c6c                __aeabi_i2f
                0x08000c6c                __floatsisf
                0x08000c88                __aeabi_ul2f
                0x08000c88                __floatundisf
                0x08000c98                __aeabi_l2f
                0x08000c98                __floatdisf
 .text          0x08000d14      0x2a0 d:/programs/atollic truestudio/truestudio for stm32 9.3.0/armtools/bin/../lib/gcc/arm-atollic-eabi/6.3.1/armv7-m\libgcc.a(_arm_muldivsf3.o)
                0x08000d14                __mulsf3
                0x08000d14                __aeabi_fmul
                0x08000e7c                __aeabi_fdiv
                0x08000e7c                __divsf3
 .text          0x08000fb4       0xec d:/programs/atollic truestudio/truestudio for stm32 9.3.0/armtools/bin/../lib/gcc/arm-atollic-eabi/6.3.1/armv7-m\libgcc.a(_arm_cmpsf2.o)
                0x08000fb4                __gesf2
                0x08000fb4                __gtsf2
                0x08000fbc                __lesf2
                0x08000fbc                __ltsf2
                0x08000fc4                __nesf2
                0x08000fc4                __eqsf2
                0x08000fc4                __cmpsf2
                0x08001024                __aeabi_cfrcmple
                0x0800102c                __aeabi_cfcmpeq
                0x0800102c                __aeabi_cfcmple
                0x0800103c                __aeabi_fcmpeq
                0x08001050                __aeabi_fcmplt
                0x08001064                __aeabi_fcmple
                0x08001078                __aeabi_fcmpge
                0x0800108c                __aeabi_fcmpgt
 .text          0x080010a0       0x2c d:/programs/atollic truestudio/truestudio for stm32 9.3.0/armtools/bin/../lib/gcc/arm-atollic-eabi/6.3.1/armv7-m\libgcc.a(_arm_unordsf2.o)
                0x080010a0                __unordsf2
                0x080010a0                __aeabi_fcmpun
 .text          0x080010cc       0x4c d:/programs/atollic truestudio/truestudio for stm32 9.3.0/armtools/bin/../lib/gcc/arm-atollic-eabi/6.3.1/armv7-m\libgcc.a(_arm_fixsfsi.o)
                0x080010cc                __aeabi_f2iz
                0x080010cc                __fixsfsi
 .text          0x08001118       0x40 d:/programs/atollic truestudio/truestudio for stm32 9.3.0/armtools/bin/../lib/gcc/arm-atollic-eabi/6.3.1/armv7-m\libgcc.a(_arm_fixunssfsi.o)
                0x08001118                __fixunssfsi
                0x08001118                __aeabi_f2uiz
 .text          0x08001158      0x9dc d:/programs/atollic truestudio/truestudio for stm32 9.3.0/armtools/bin/../lib/gcc/arm-atollic-eabi/6.3.1/armv7-m\libgcc.a(unwind-arm.o)
                0x0800141c                _Unwind_GetCFA
                0x08001420                __gnu_Unwind_RaiseException
                0x08001480                __gnu_Unwind_ForcedUnwind
                0x08001494                __gnu_Unwind_Resume
                0x080014d8                __gnu_Unwind_Resume_or_Rethrow
                0x080014ec                _Unwind_Complete
                0x080014f0                _Unwind_DeleteException
                0x080014fc                _Unwind_VRS_Get
                0x08001548                _Unwind_VRS_Set
                0x08001598                __gnu_Unwind_Backtrace
                0x080018dc                __aeabi_unwind_cpp_pr0
                0x080018e0                __aeabi_unwind_cpp_pr1
                0x080018e4                __aeabi_unwind_cpp_pr2
                0x080018e8                _Unwind_VRS_Pop
 .text          0x08001b34      0x1ac d:/programs/atollic truestudio/truestudio for stm32 9.3.0/armtools/bin/../lib/gcc/arm-atollic-eabi/6.3.1/armv7-m\libgcc.a(libunwind.o)
                0x08001b34                __restore_core_regs
                0x08001b34                restore_core_regs
                0x08001b4c                __gnu_Unwind_Restore_VFP
                0x08001b54                __gnu_Unwind_Save_VFP
                0x08001b5c                __gnu_Unwind_Restore_VFP_D
                0x08001b64                __gnu_Unwind_Save_VFP_D
                0x08001b6c                __gnu_Unwind_Restore_VFP_D_16_to_31
                0x08001b74                __gnu_Unwind_Save_VFP_D_16_to_31
                0x08001b7c                __gnu_Unwind_Restore_WMMXD
                0x08001bc0                __gnu_Unwind_Save_WMMXD
                0x08001c04                __gnu_Unwind_Restore_WMMXC
                0x08001c18                __gnu_Unwind_Save_WMMXC
                0x08001c2c                ___Unwind_RaiseException
                0x08001c2c                _Unwind_RaiseException
                0x08001c50                _Unwind_Resume
                0x08001c50                ___Unwind_Resume
                0x08001c74                _Unwind_Resume_or_Rethrow
                0x08001c74                ___Unwind_Resume_or_Rethrow
                0x08001c98                _Unwind_ForcedUnwind
                0x08001c98                ___Unwind_ForcedUnwind
                0x08001cbc                ___Unwind_Backtrace
                0x08001cbc                _Unwind_Backtrace
 .text          0x08001ce0      0x384 d:/programs/atollic truestudio/truestudio for stm32 9.3.0/armtools/bin/../lib/gcc/arm-atollic-eabi/6.3.1/armv7-m\libgcc.a(pr-support.o)
                0x08001d38                __gnu_unwind_execute
                0x08002008                __gnu_unwind_frame
                0x08002034                _Unwind_GetRegionStart
                0x08002040                _Unwind_GetLanguageSpecificData
                0x08002054                _Unwind_GetTextRelBase
                0x0800205c                _Unwind_GetDataRelBase
 *(.text*)
 .text._ZN8AllTasksC2Ev
                0x08002064       0x20 Core\Src\AllTasks.o
                0x08002064                AllTasks::AllTasks()
                0x08002064                AllTasks::AllTasks()
 .text._ZN8AllTasks4initEv
                0x08002084       0x44 Core\Src\AllTasks.o
                0x08002084                AllTasks::init()
 .text._ZN8AllTasks7processEv
                0x080020c8       0x24 Core\Src\AllTasks.o
                0x080020c8                AllTasks::process()
 .text._ZN8AllTasksD2Ev
                0x080020ec       0x20 Core\Src\AllTasks.o
                0x080020ec                AllTasks::~AllTasks()
                0x080020ec                AllTasks::~AllTasks()
 .text._ZN8AllTasksD0Ev
                0x0800210c       0x1e Core\Src\AllTasks.o
                0x0800210c                AllTasks::~AllTasks()
 *fill*         0x0800212a        0x2 
 .text._Z41__static_initialization_and_destruction_0ii
                0x0800212c       0x40 Core\Src\AllTasks.o
 .text._GLOBAL__sub_I_allTasks
                0x0800216c       0x10 Core\Src\AllTasks.o
 .text._ZN14CanSendManager4initEv
                0x0800217c       0x2e Core\Src\CanSendManager.o
                0x0800217c                CanSendManager::init()
 .text._ZN14CanSendManager11clearTxBuffEv
                0x080021aa       0x30 Core\Src\CanSendManager.o
                0x080021aa                CanSendManager::clearTxBuff()
 .text._ZN14CanSendManager7sendMsgENS_9SEND_MODEE
                0x080021da       0x54 Core\Src\CanSendManager.o
                0x080021da                CanSendManager::sendMsg(CanSendManager::SEND_MODE)
 .text._ZN14CanSendManager7getSignEf
                0x0800222e       0x28 Core\Src\CanSendManager.o
                0x0800222e                CanSendManager::getSign(float)
 .text._ZN14CanSendManager21convertFloatToUint16tEf
                0x08002256       0x48 Core\Src\CanSendManager.o
                0x08002256                CanSendManager::convertFloatToUint16t(float)
 .text._ZN14CanSendManager23encode_frame_big_endianEh
                0x0800229e       0x86 Core\Src\CanSendManager.o
                0x0800229e                CanSendManager::encode_frame_big_endian(unsigned char)
 .text._ZN14CanSendManager7processEffNS_9SEND_MODEE
                0x08002324       0x78 Core\Src\CanSendManager.o
                0x08002324                CanSendManager::process(float, float, CanSendManager::SEND_MODE)
 .text._ZN14CanSendManager11setVelocityEff
                0x0800239c       0x20 Core\Src\CanSendManager.o
                0x0800239c                CanSendManager::setVelocity(float, float)
 .text._ZN14CanSendManager7setTurnEff
                0x080023bc       0x20 Core\Src\CanSendManager.o
                0x080023bc                CanSendManager::setTurn(float, float)
 .text._ZN14CanSendManager9setStatusEN11ModeManager7RC_MODEENS0_10DRIVE_MODEE
                0x080023dc       0x8c Core\Src\CanSendManager.o
                0x080023dc                CanSendManager::setStatus(ModeManager::RC_MODE, ModeManager::DRIVE_MODE)
 .text._ZN14CanSendManager12hal_can_sendEmm
                0x08002468       0x38 Core\Src\CanSendManager.o
                0x08002468                CanSendManager::hal_can_send(unsigned long, unsigned long)
 .text._ZN14CanSendManagerC2Ev
                0x080024a0       0x20 Core\Src\CanSendManager.o
                0x080024a0                CanSendManager::CanSendManager()
                0x080024a0                CanSendManager::CanSendManager()
 .text._ZN14CanSendManagerD2Ev
                0x080024c0       0x20 Core\Src\CanSendManager.o
                0x080024c0                CanSendManager::~CanSendManager()
                0x080024c0                CanSendManager::~CanSendManager()
 .text._ZN14CanSendManagerD0Ev
                0x080024e0       0x1e Core\Src\CanSendManager.o
                0x080024e0                CanSendManager::~CanSendManager()
 *fill*         0x080024fe        0x2 
 .text._Z41__static_initialization_and_destruction_0ii
                0x08002500       0x40 Core\Src\CanSendManager.o
 .text._GLOBAL__sub_I_canSendManager
                0x08002540       0x10 Core\Src\CanSendManager.o
 .text._ZN6FilterC2Ev
                0x08002550       0x20 Core\Src\Filters.o
                0x08002550                Filter::Filter()
                0x08002550                Filter::Filter()
 .text._ZN6FilterD2Ev
                0x08002570       0x20 Core\Src\Filters.o
                0x08002570                Filter::~Filter()
                0x08002570                Filter::~Filter()
 .text._ZN6FilterD0Ev
                0x08002590       0x1e Core\Src\Filters.o
                0x08002590                Filter::~Filter()
 *fill*         0x080025ae        0x2 
 .text._ZN10NullFilterD2Ev
                0x080025b0       0x24 Core\Src\Filters.o
                0x080025b0                NullFilter::~NullFilter()
                0x080025b0                NullFilter::~NullFilter()
 .text._ZN10NullFilterD0Ev
                0x080025d4       0x1e Core\Src\Filters.o
                0x080025d4                NullFilter::~NullFilter()
 .text._ZN9PT1Filter5applyEf
                0x080025f2       0x46 Core\Src\Filters.o
                0x080025f2                PT1Filter::apply(float)
 .text._ZN9PT1FilterD2Ev
                0x08002638       0x24 Core\Src\Filters.o
                0x08002638                PT1Filter::~PT1Filter()
                0x08002638                PT1Filter::~PT1Filter()
 .text._ZN9PT1FilterD0Ev
                0x0800265c       0x1e Core\Src\Filters.o
                0x0800265c                PT1Filter::~PT1Filter()
 .text._ZN12BiquadFilter5applyEf
                0x0800267a       0xa0 Core\Src\Filters.o
                0x0800267a                BiquadFilter::apply(float)
 *fill*         0x0800271a        0x2 
 .text._ZN12BiquadFilterC2E18biquadFilterType_efff
                0x0800271c      0x2e4 Core\Src\Filters.o
                0x0800271c                BiquadFilter::BiquadFilter(biquadFilterType_e, float, float, float)
                0x0800271c                BiquadFilter::BiquadFilter(biquadFilterType_e, float, float, float)
 .text._ZN12BiquadFilterD2Ev
                0x08002a00       0x24 Core\Src\Filters.o
                0x08002a00                BiquadFilter::~BiquadFilter()
                0x08002a00                BiquadFilter::~BiquadFilter()
 .text._ZN12BiquadFilterD0Ev
                0x08002a24       0x1e Core\Src\Filters.o
                0x08002a24                BiquadFilter::~BiquadFilter()
 .text._ZN12KalmanFilter5applyEf
                0x08002a42       0xd8 Core\Src\Filters.o
                0x08002a42                KalmanFilter::apply(float)
 *fill*         0x08002b1a        0x2 
 .text._ZN12KalmanFilterD2Ev
                0x08002b1c       0x24 Core\Src\Filters.o
                0x08002b1c                KalmanFilter::~KalmanFilter()
                0x08002b1c                KalmanFilter::~KalmanFilter()
 .text._ZN12KalmanFilterD0Ev
                0x08002b40       0x1e Core\Src\Filters.o
                0x08002b40                KalmanFilter::~KalmanFilter()
 .text._ZN10NullFilter5applyEf
                0x08002b5e       0x16 Core\Src\Filters.o
                0x08002b5e                NullFilter::apply(float)
 .text._ZN6Futaba15sbusDataReceiveEh
                0x08002b74       0xac Core\Src\Futaba.o
                0x08002b74                Futaba::sbusDataReceive(unsigned char)
 .text._ZN6Futaba15sbusFrameStatusEv
                0x08002c20       0x66 Core\Src\Futaba.o
                0x08002c20                Futaba::sbusFrameStatus()
 .text._ZN6Futaba18sbusChannelsDecodeEv
                0x08002c86      0x1c6 Core\Src\Futaba.o
                0x08002c86                Futaba::sbusChannelsDecode()
 .text._ZN6Futaba16sbusChannelsInitEv
                0x08002e4c       0xac Core\Src\Futaba.o
                0x08002e4c                Futaba::sbusChannelsInit()
 .text._ZN6Futaba4InitEv
                0x08002ef8       0x38 Core\Src\Futaba.o
                0x08002ef8                Futaba::Init()
 .text._ZN6Futaba11Get_RCStateEv
                0x08002f30       0x1a Core\Src\Futaba.o
                0x08002f30                Futaba::Get_RCState()
 *fill*         0x08002f4a        0x2 
 .text._ZN6Futaba7ProcessEv
                0x08002f4c       0xc4 Core\Src\Futaba.o
                0x08002f4c                Futaba::Process()
 .text._ZN6Futaba18ConfigureSmoothingEff
                0x08003010       0x58 Core\Src\Futaba.o
                0x08003010                Futaba::ConfigureSmoothing(float, float)
 .text._ZN6Futaba16ProcessSmoothingEv
                0x08003068       0x38 Core\Src\Futaba.o
                0x08003068                Futaba::ProcessSmoothing()
 .text._ZN6Futaba11ConversionsEv
                0x080030a0      0x1f0 Core\Src\Futaba.o
                0x080030a0                Futaba::Conversions()
 .text._ZN6Futaba10RCCommandsEv
                0x08003290      0x2f0 Core\Src\Futaba.o
                0x08003290                Futaba::RCCommands()
 .text._ZN6Futaba10RxCallbackEv
                0x08003580       0x16 Core\Src\Futaba.o
                0x08003580                Futaba::RxCallback()
 *fill*         0x08003596        0x2 
 .text._ZN6FutabaC2Ev
                0x08003598       0x90 Core\Src\Futaba.o
                0x08003598                Futaba::Futaba()
                0x08003598                Futaba::Futaba()
 .text._ZN6FutabaD2Ev
                0x08003628       0x20 Core\Src\Futaba.o
                0x08003628                Futaba::~Futaba()
                0x08003628                Futaba::~Futaba()
 .text._ZN6FutabaD0Ev
                0x08003648       0x1e Core\Src\Futaba.o
                0x08003648                Futaba::~Futaba()
 .text._ZSt3absImEN9__gnu_cxx11__enable_ifIXsrSt12__is_integerIT_E7__valueEdE6__typeES3_
                0x08003666       0x1c Core\Src\Futaba.o
                0x08003666                __gnu_cxx::__enable_if<std::__is_integer<unsigned long>::__value, double>::__type std::abs<unsigned long>(unsigned long)
 *fill*         0x08003682        0x2 
 .text._Z41__static_initialization_and_destruction_0ii
                0x08003684       0x40 Core\Src\Futaba.o
 .text._GLOBAL__sub_I_futaba
                0x080036c4       0x10 Core\Src\Futaba.o
 *fill*         0x080036d4        0x4 
 .text._ZN11ModeManager4initEv
                0x080036d8       0x58 Core\Src\ModeManager.o
                0x080036d8                ModeManager::init()
 .text._ZN11ModeManager8proccessEv
                0x08003730       0x40 Core\Src\ModeManager.o
                0x08003730                ModeManager::proccess()
 .text._ZN11ModeManager8setModesEv
                0x08003770       0x8c Core\Src\ModeManager.o
                0x08003770                ModeManager::setModes()
 .text._ZN11ModeManager13checkRideModeEv
                0x080037fc       0x38 Core\Src\ModeManager.o
                0x080037fc                ModeManager::checkRideMode()
 .text._ZN11ModeManager21checkUnlockDriveTimerEv
                0x08003834       0x4e Core\Src\ModeManager.o
                0x08003834                ModeManager::checkUnlockDriveTimer()
 .text._ZN11ModeManager21startUnlockDriveTimerEv
                0x08003882       0x18 Core\Src\ModeManager.o
                0x08003882                ModeManager::startUnlockDriveTimer()
 .text._ZN11ModeManager21breakUnlockDriveTimerEv
                0x0800389a       0x18 Core\Src\ModeManager.o
                0x0800389a                ModeManager::breakUnlockDriveTimer()
 .text._ZN11ModeManager9getRCmodeEv
                0x080038b2       0x16 Core\Src\ModeManager.o
                0x080038b2                ModeManager::getRCmode()
 .text._ZN11ModeManager12getDriveModeEv
                0x080038c8       0x16 Core\Src\ModeManager.o
                0x080038c8                ModeManager::getDriveMode()
 .text._ZN11ModeManager11getRideModeEv
                0x080038de       0x16 Core\Src\ModeManager.o
                0x080038de                ModeManager::getRideMode()
 .text._ZN11ModeManagerC2Ev
                0x080038f4       0x48 Core\Src\ModeManager.o
                0x080038f4                ModeManager::ModeManager()
                0x080038f4                ModeManager::ModeManager()
 .text._ZN11ModeManagerD2Ev
                0x0800393c       0x20 Core\Src\ModeManager.o
                0x0800393c                ModeManager::~ModeManager()
                0x0800393c                ModeManager::~ModeManager()
 .text._ZN11ModeManagerD0Ev
                0x0800395c       0x1e Core\Src\ModeManager.o
                0x0800395c                ModeManager::~ModeManager()
 *fill*         0x0800397a        0x2 
 .text._Z41__static_initialization_and_destruction_0ii
                0x0800397c       0x40 Core\Src\ModeManager.o
 .text._GLOBAL__sub_I_mode_manager
                0x080039bc       0x10 Core\Src\ModeManager.o
 .text._ZN12MotorManager4initEv
                0x080039cc       0x1c Core\Src\MotorManager.o
                0x080039cc                MotorManager::init()
 .text._ZN12MotorManager7processEv
                0x080039e8       0x22 Core\Src\MotorManager.o
                0x080039e8                MotorManager::process()
 *fill*         0x08003a0a        0x2 
 .text._ZN12MotorManager14DriveModeCheckEv
                0x08003a0c       0x24 Core\Src\MotorManager.o
                0x08003a0c                MotorManager::DriveModeCheck()
 .text._ZN12MotorManager11RCModeCheckEv
                0x08003a30      0x148 Core\Src\MotorManager.o
                0x08003a30                MotorManager::RCModeCheck()
 .text._ZN12MotorManager14setMaxVelocityEv
                0x08003b78       0x78 Core\Src\MotorManager.o
                0x08003b78                MotorManager::setMaxVelocity()
 .text._ZN12MotorManager14getMaxVelocityEv
                0x08003bf0       0x16 Core\Src\MotorManager.o
                0x08003bf0                MotorManager::getMaxVelocity()
 *fill*         0x08003c06        0x2 
 .text._ZN12MotorManagerC2Ev
                0x08003c08       0x24 Core\Src\MotorManager.o
                0x08003c08                MotorManager::MotorManager()
                0x08003c08                MotorManager::MotorManager()
 .text._ZN12MotorManagerD2Ev
                0x08003c2c       0x20 Core\Src\MotorManager.o
                0x08003c2c                MotorManager::~MotorManager()
                0x08003c2c                MotorManager::~MotorManager()
 .text._ZN12MotorManagerD0Ev
                0x08003c4c       0x1e Core\Src\MotorManager.o
                0x08003c4c                MotorManager::~MotorManager()
 *fill*         0x08003c6a        0x2 
 .text._Z41__static_initialization_and_destruction_0ii
                0x08003c6c       0x40 Core\Src\MotorManager.o
 .text._GLOBAL__sub_I_motor_manager
                0x08003cac       0x10 Core\Src\MotorManager.o
 .text._ZN5Tools9GetMicrosEv
                0x08003cbc       0x18 Core\Src\Tools.o
                0x08003cbc                Tools::GetMicros()
 .text._ZN5Tools4InitEv
                0x08003cd4       0x34 Core\Src\Tools.o
                0x08003cd4                Tools::Init()
 .text._ZN5ToolsC2Ev
                0x08003d08       0x24 Core\Src\Tools.o
                0x08003d08                Tools::Tools()
                0x08003d08                Tools::Tools()
 .text._ZN5ToolsD2Ev
                0x08003d2c       0x20 Core\Src\Tools.o
                0x08003d2c                Tools::~Tools()
                0x08003d2c                Tools::~Tools()
 .text._ZN5ToolsD0Ev
                0x08003d4c       0x1e Core\Src\Tools.o
                0x08003d4c                Tools::~Tools()
 *fill*         0x08003d6a        0x2 
 .text._Z41__static_initialization_and_destruction_0ii
                0x08003d6c       0x40 Core\Src\Tools.o
 .text._GLOBAL__sub_I_tools
                0x08003dac       0x10 Core\Src\Tools.o
 .text.MX_CAN_Init
                0x08003dbc       0x48 Core\Src\can.o
                0x08003dbc                MX_CAN_Init
 .text.HAL_CAN_MspInit
                0x08003e04       0xa0 Core\Src\can.o
                0x08003e04                HAL_CAN_MspInit
 .text.hal_can_filter_init
                0x08003ea4       0x2c Core\Src\can.o
                0x08003ea4                hal_can_filter_init
 .text.HAL_CAN_RxFifo0MsgPendingCallback
                0x08003ed0       0x14 Core\Src\can.o
                0x08003ed0                HAL_CAN_RxFifo0MsgPendingCallback
 .text.MX_GPIO_Init
                0x08003ee4      0x120 Core\Src\gpio.o
                0x08003ee4                MX_GPIO_Init
 .text.HAL_TIM_PeriodElapsedCallback
                0x08004004       0x28 Core\Src\main.o
                0x08004004                HAL_TIM_PeriodElapsedCallback
 .text.HAL_UART_RxCpltCallback
                0x0800402c       0x28 Core\Src\main.o
                0x0800402c                HAL_UART_RxCpltCallback
 .text.main     0x08004054       0x50 Core\Src\main.o
                0x08004054                main
 .text._Z18SystemClock_Configv
                0x080040a4       0x8a Core\Src\main.o
                0x080040a4                SystemClock_Config()
 .text.Error_Handler
                0x0800412e        0xc Core\Src\main.o
                0x0800412e                Error_Handler
 *fill*         0x0800413a        0x2 
 .text.HAL_MspInit
                0x0800413c       0x44 Core\Src\stm32f1xx_hal_msp.o
                0x0800413c                HAL_MspInit
 .text.NMI_Handler
                0x08004180        0x2 Core\Src\stm32f1xx_it.o
                0x08004180                NMI_Handler
 .text.HardFault_Handler
                0x08004182        0x2 Core\Src\stm32f1xx_it.o
                0x08004182                HardFault_Handler
 .text.MemManage_Handler
                0x08004184        0x2 Core\Src\stm32f1xx_it.o
                0x08004184                MemManage_Handler
 .text.BusFault_Handler
                0x08004186        0x2 Core\Src\stm32f1xx_it.o
                0x08004186                BusFault_Handler
 .text.UsageFault_Handler
                0x08004188        0x2 Core\Src\stm32f1xx_it.o
                0x08004188                UsageFault_Handler
 .text.SVC_Handler
                0x0800418a        0x2 Core\Src\stm32f1xx_it.o
                0x0800418a                SVC_Handler
 .text.DebugMon_Handler
                0x0800418c        0x2 Core\Src\stm32f1xx_it.o
                0x0800418c                DebugMon_Handler
 .text.PendSV_Handler
                0x0800418e        0x2 Core\Src\stm32f1xx_it.o
                0x0800418e                PendSV_Handler
 .text.SysTick_Handler
                0x08004190        0x4 Core\Src\stm32f1xx_it.o
                0x08004190                SysTick_Handler
 .text.EXTI1_IRQHandler
                0x08004194        0x6 Core\Src\stm32f1xx_it.o
                0x08004194                EXTI1_IRQHandler
 *fill*         0x0800419a        0x2 
 .text.CAN1_RX1_IRQHandler
                0x0800419c        0xc Core\Src\stm32f1xx_it.o
                0x0800419c                CAN1_RX1_IRQHandler
 .text.USB_LP_CAN1_RX0_IRQHandler
                0x080041a8        0x4 Core\Src\stm32f1xx_it.o
                0x080041a8                USB_LP_CAN1_RX0_IRQHandler
 .text.USB_HP_CAN1_TX_IRQHandler
                0x080041ac        0x4 Core\Src\stm32f1xx_it.o
                0x080041ac                USB_HP_CAN1_TX_IRQHandler
 .text.TIM3_IRQHandler
                0x080041b0        0xc Core\Src\stm32f1xx_it.o
                0x080041b0                TIM3_IRQHandler
 .text.USART2_IRQHandler
                0x080041bc        0xc Core\Src\stm32f1xx_it.o
                0x080041bc                USART2_IRQHandler
 .text._getpid  0x080041c8        0x4 Core\Src\syscalls.o
                0x080041c8                _getpid
 .text._kill    0x080041cc       0x10 Core\Src\syscalls.o
                0x080041cc                _kill
 .text._exit    0x080041dc        0xc Core\Src\syscalls.o
                0x080041dc                _exit
 .text._sbrk    0x080041e8       0x34 Core\Src\syscalls.o
                0x080041e8                _sbrk
 .text.SystemInit
                0x0800421c        0x2 Core\Src\system_stm32f1xx.o
                0x0800421c                SystemInit
 *fill*         0x0800421e        0x2 
 .text.MX_TIM2_Init
                0x08004220       0x68 Core\Src\tim.o
                0x08004220                MX_TIM2_Init
 .text.MX_TIM3_Init
                0x08004288       0x6c Core\Src\tim.o
                0x08004288                MX_TIM3_Init
 .text.HAL_TIM_Base_MspInit
                0x080042f4       0x5c Core\Src\tim.o
                0x080042f4                HAL_TIM_Base_MspInit
 .text.MX_USART2_UART_Init
                0x08004350       0x40 Core\Src\usart.o
                0x08004350                MX_USART2_UART_Init
 .text.HAL_UART_MspInit
                0x08004390       0x84 Core\Src\usart.o
                0x08004390                HAL_UART_MspInit
 .text.HAL_UART_MspDeInit
                0x08004414       0x34 Core\Src\usart.o
                0x08004414                HAL_UART_MspDeInit
 .text.HAL_InitTick
                0x08004448       0x48 Drivers\STM32F1xx_HAL_Driver\Src\stm32f1xx_hal.o
                0x08004448                HAL_InitTick
 .text.HAL_Init
                0x08004490       0x24 Drivers\STM32F1xx_HAL_Driver\Src\stm32f1xx_hal.o
                0x08004490                HAL_Init
 .text.HAL_IncTick
                0x080044b4       0x18 Drivers\STM32F1xx_HAL_Driver\Src\stm32f1xx_hal.o
                0x080044b4                HAL_IncTick
 .text.HAL_GetTick
                0x080044cc        0xc Drivers\STM32F1xx_HAL_Driver\Src\stm32f1xx_hal.o
                0x080044cc                HAL_GetTick
 .text.HAL_CAN_Init
                0x080044d8       0xf6 Drivers\STM32F1xx_HAL_Driver\Src\stm32f1xx_hal_can.o
                0x080044d8                HAL_CAN_Init
 .text.HAL_CAN_ConfigFilter
                0x080045ce       0xd8 Drivers\STM32F1xx_HAL_Driver\Src\stm32f1xx_hal_can.o
                0x080045ce                HAL_CAN_ConfigFilter
 .text.HAL_CAN_Start
                0x080046a6       0x56 Drivers\STM32F1xx_HAL_Driver\Src\stm32f1xx_hal_can.o
                0x080046a6                HAL_CAN_Start
 .text.HAL_CAN_AddTxMessage
                0x080046fc       0x9c Drivers\STM32F1xx_HAL_Driver\Src\stm32f1xx_hal_can.o
                0x080046fc                HAL_CAN_AddTxMessage
 .text.HAL_CAN_GetRxMessage
                0x08004798       0xec Drivers\STM32F1xx_HAL_Driver\Src\stm32f1xx_hal_can.o
                0x08004798                HAL_CAN_GetRxMessage
 .text.HAL_CAN_ActivateNotification
                0x08004884       0x22 Drivers\STM32F1xx_HAL_Driver\Src\stm32f1xx_hal_can.o
                0x08004884                HAL_CAN_ActivateNotification
 .text.HAL_CAN_TxMailbox0CompleteCallback
                0x080048a6        0x2 Drivers\STM32F1xx_HAL_Driver\Src\stm32f1xx_hal_can.o
                0x080048a6                HAL_CAN_TxMailbox0CompleteCallback
 .text.HAL_CAN_TxMailbox1CompleteCallback
                0x080048a8        0x2 Drivers\STM32F1xx_HAL_Driver\Src\stm32f1xx_hal_can.o
                0x080048a8                HAL_CAN_TxMailbox1CompleteCallback
 .text.HAL_CAN_TxMailbox2CompleteCallback
                0x080048aa        0x2 Drivers\STM32F1xx_HAL_Driver\Src\stm32f1xx_hal_can.o
                0x080048aa                HAL_CAN_TxMailbox2CompleteCallback
 .text.HAL_CAN_TxMailbox0AbortCallback
                0x080048ac        0x2 Drivers\STM32F1xx_HAL_Driver\Src\stm32f1xx_hal_can.o
                0x080048ac                HAL_CAN_TxMailbox0AbortCallback
 .text.HAL_CAN_TxMailbox1AbortCallback
                0x080048ae        0x2 Drivers\STM32F1xx_HAL_Driver\Src\stm32f1xx_hal_can.o
                0x080048ae                HAL_CAN_TxMailbox1AbortCallback
 .text.HAL_CAN_TxMailbox2AbortCallback
                0x080048b0        0x2 Drivers\STM32F1xx_HAL_Driver\Src\stm32f1xx_hal_can.o
                0x080048b0                HAL_CAN_TxMailbox2AbortCallback
 .text.HAL_CAN_RxFifo0FullCallback
                0x080048b2        0x2 Drivers\STM32F1xx_HAL_Driver\Src\stm32f1xx_hal_can.o
                0x080048b2                HAL_CAN_RxFifo0FullCallback
 .text.HAL_CAN_RxFifo1MsgPendingCallback
                0x080048b4        0x2 Drivers\STM32F1xx_HAL_Driver\Src\stm32f1xx_hal_can.o
                0x080048b4                HAL_CAN_RxFifo1MsgPendingCallback
 .text.HAL_CAN_RxFifo1FullCallback
                0x080048b6        0x2 Drivers\STM32F1xx_HAL_Driver\Src\stm32f1xx_hal_can.o
                0x080048b6                HAL_CAN_RxFifo1FullCallback
 .text.HAL_CAN_SleepCallback
                0x080048b8        0x2 Drivers\STM32F1xx_HAL_Driver\Src\stm32f1xx_hal_can.o
                0x080048b8                HAL_CAN_SleepCallback
 .text.HAL_CAN_WakeUpFromRxMsgCallback
                0x080048ba        0x2 Drivers\STM32F1xx_HAL_Driver\Src\stm32f1xx_hal_can.o
                0x080048ba                HAL_CAN_WakeUpFromRxMsgCallback
 .text.HAL_CAN_ErrorCallback
                0x080048bc        0x2 Drivers\STM32F1xx_HAL_Driver\Src\stm32f1xx_hal_can.o
                0x080048bc                HAL_CAN_ErrorCallback
 .text.HAL_CAN_IRQHandler
                0x080048be      0x1fc Drivers\STM32F1xx_HAL_Driver\Src\stm32f1xx_hal_can.o
                0x080048be                HAL_CAN_IRQHandler
 *fill*         0x08004aba        0x2 
 .text.HAL_NVIC_SetPriorityGrouping
                0x08004abc       0x24 Drivers\STM32F1xx_HAL_Driver\Src\stm32f1xx_hal_cortex.o
                0x08004abc                HAL_NVIC_SetPriorityGrouping
 .text.HAL_NVIC_SetPriority
                0x08004ae0       0x68 Drivers\STM32F1xx_HAL_Driver\Src\stm32f1xx_hal_cortex.o
                0x08004ae0                HAL_NVIC_SetPriority
 .text.HAL_NVIC_EnableIRQ
                0x08004b48       0x1c Drivers\STM32F1xx_HAL_Driver\Src\stm32f1xx_hal_cortex.o
                0x08004b48                HAL_NVIC_EnableIRQ
 .text.HAL_NVIC_DisableIRQ
                0x08004b64       0x28 Drivers\STM32F1xx_HAL_Driver\Src\stm32f1xx_hal_cortex.o
                0x08004b64                HAL_NVIC_DisableIRQ
 .text.HAL_SYSTICK_Config
                0x08004b8c       0x2c Drivers\STM32F1xx_HAL_Driver\Src\stm32f1xx_hal_cortex.o
                0x08004b8c                HAL_SYSTICK_Config
 .text.HAL_DMA_Abort_IT
                0x08004bb8       0x90 Drivers\STM32F1xx_HAL_Driver\Src\stm32f1xx_hal_dma.o
                0x08004bb8                HAL_DMA_Abort_IT
 .text.HAL_GPIO_Init
                0x08004c48      0x1c4 Drivers\STM32F1xx_HAL_Driver\Src\stm32f1xx_hal_gpio.o
                0x08004c48                HAL_GPIO_Init
 .text.HAL_GPIO_DeInit
                0x08004e0c       0xdc Drivers\STM32F1xx_HAL_Driver\Src\stm32f1xx_hal_gpio.o
                0x08004e0c                HAL_GPIO_DeInit
 .text.HAL_GPIO_WritePin
                0x08004ee8        0xa Drivers\STM32F1xx_HAL_Driver\Src\stm32f1xx_hal_gpio.o
                0x08004ee8                HAL_GPIO_WritePin
 .text.HAL_GPIO_EXTI_Callback
                0x08004ef2        0x2 Drivers\STM32F1xx_HAL_Driver\Src\stm32f1xx_hal_gpio.o
                0x08004ef2                HAL_GPIO_EXTI_Callback
 .text.HAL_GPIO_EXTI_IRQHandler
                0x08004ef4       0x18 Drivers\STM32F1xx_HAL_Driver\Src\stm32f1xx_hal_gpio.o
                0x08004ef4                HAL_GPIO_EXTI_IRQHandler
 .text.HAL_RCC_OscConfig
                0x08004f0c      0x33c Drivers\STM32F1xx_HAL_Driver\Src\stm32f1xx_hal_rcc.o
                0x08004f0c                HAL_RCC_OscConfig
 .text.HAL_RCC_GetSysClockFreq
                0x08005248       0x78 Drivers\STM32F1xx_HAL_Driver\Src\stm32f1xx_hal_rcc.o
                0x08005248                HAL_RCC_GetSysClockFreq
 .text.HAL_RCC_ClockConfig
                0x080052c0      0x13c Drivers\STM32F1xx_HAL_Driver\Src\stm32f1xx_hal_rcc.o
                0x080052c0                HAL_RCC_ClockConfig
 .text.HAL_RCC_GetPCLK1Freq
                0x080053fc       0x20 Drivers\STM32F1xx_HAL_Driver\Src\stm32f1xx_hal_rcc.o
                0x080053fc                HAL_RCC_GetPCLK1Freq
 .text.HAL_RCC_GetPCLK2Freq
                0x0800541c       0x20 Drivers\STM32F1xx_HAL_Driver\Src\stm32f1xx_hal_rcc.o
                0x0800541c                HAL_RCC_GetPCLK2Freq
 .text.HAL_TIM_Base_Start
                0x0800543c       0x4c Drivers\STM32F1xx_HAL_Driver\Src\stm32f1xx_hal_tim.o
                0x0800543c                HAL_TIM_Base_Start
 .text.HAL_TIM_Base_Start_IT
                0x08005488       0x54 Drivers\STM32F1xx_HAL_Driver\Src\stm32f1xx_hal_tim.o
                0x08005488                HAL_TIM_Base_Start_IT
 .text.HAL_TIM_OC_DelayElapsedCallback
                0x080054dc        0x2 Drivers\STM32F1xx_HAL_Driver\Src\stm32f1xx_hal_tim.o
                0x080054dc                HAL_TIM_OC_DelayElapsedCallback
 .text.HAL_TIM_IC_CaptureCallback
                0x080054de        0x2 Drivers\STM32F1xx_HAL_Driver\Src\stm32f1xx_hal_tim.o
                0x080054de                HAL_TIM_IC_CaptureCallback
 .text.HAL_TIM_PWM_PulseFinishedCallback
                0x080054e0        0x2 Drivers\STM32F1xx_HAL_Driver\Src\stm32f1xx_hal_tim.o
                0x080054e0                HAL_TIM_PWM_PulseFinishedCallback
 .text.HAL_TIM_TriggerCallback
                0x080054e2        0x2 Drivers\STM32F1xx_HAL_Driver\Src\stm32f1xx_hal_tim.o
                0x080054e2                HAL_TIM_TriggerCallback
 .text.HAL_TIM_IRQHandler
                0x080054e4      0x144 Drivers\STM32F1xx_HAL_Driver\Src\stm32f1xx_hal_tim.o
                0x080054e4                HAL_TIM_IRQHandler
 .text.TIM_Base_SetConfig
                0x08005628       0x70 Drivers\STM32F1xx_HAL_Driver\Src\stm32f1xx_hal_tim.o
                0x08005628                TIM_Base_SetConfig
 .text.HAL_TIM_Base_Init
                0x08005698       0x58 Drivers\STM32F1xx_HAL_Driver\Src\stm32f1xx_hal_tim.o
                0x08005698                HAL_TIM_Base_Init
 .text.TIM_ETR_SetConfig
                0x080056f0       0x14 Drivers\STM32F1xx_HAL_Driver\Src\stm32f1xx_hal_tim.o
                0x080056f0                TIM_ETR_SetConfig
 .text.HAL_TIM_ConfigClockSource
                0x08005704      0x128 Drivers\STM32F1xx_HAL_Driver\Src\stm32f1xx_hal_tim.o
                0x08005704                HAL_TIM_ConfigClockSource
 .text.HAL_TIMEx_MasterConfigSynchronization
                0x0800582c       0x64 Drivers\STM32F1xx_HAL_Driver\Src\stm32f1xx_hal_tim_ex.o
                0x0800582c                HAL_TIMEx_MasterConfigSynchronization
 .text.HAL_TIMEx_CommutCallback
                0x08005890        0x2 Drivers\STM32F1xx_HAL_Driver\Src\stm32f1xx_hal_tim_ex.o
                0x08005890                HAL_TIMEx_CommutCallback
 .text.HAL_TIMEx_BreakCallback
                0x08005892        0x2 Drivers\STM32F1xx_HAL_Driver\Src\stm32f1xx_hal_tim_ex.o
                0x08005892                HAL_TIMEx_BreakCallback
 .text.UART_EndRxTransfer
                0x08005894       0x1a Drivers\STM32F1xx_HAL_Driver\Src\stm32f1xx_hal_uart.o
 *fill*         0x080058ae        0x2 
 .text.UART_SetConfig
                0x080058b0       0x74 Drivers\STM32F1xx_HAL_Driver\Src\stm32f1xx_hal_uart.o
 .text.HAL_UART_Init
                0x08005924       0x5c Drivers\STM32F1xx_HAL_Driver\Src\stm32f1xx_hal_uart.o
                0x08005924                HAL_UART_Init
 .text.HAL_UART_DeInit
                0x08005980       0x30 Drivers\STM32F1xx_HAL_Driver\Src\stm32f1xx_hal_uart.o
                0x08005980                HAL_UART_DeInit
 .text.HAL_UART_Receive_IT
                0x080059b0       0x4e Drivers\STM32F1xx_HAL_Driver\Src\stm32f1xx_hal_uart.o
                0x080059b0                HAL_UART_Receive_IT
 .text.HAL_UART_TxCpltCallback
                0x080059fe        0x2 Drivers\STM32F1xx_HAL_Driver\Src\stm32f1xx_hal_uart.o
                0x080059fe                HAL_UART_TxCpltCallback
 .text.UART_Receive_IT
                0x08005a00       0x74 Drivers\STM32F1xx_HAL_Driver\Src\stm32f1xx_hal_uart.o
 .text.HAL_UART_ErrorCallback
                0x08005a74        0x2 Drivers\STM32F1xx_HAL_Driver\Src\stm32f1xx_hal_uart.o
                0x08005a74                HAL_UART_ErrorCallback
 *fill*         0x08005a76        0x2 
 .text.HAL_UART_IRQHandler
                0x08005a78      0x140 Drivers\STM32F1xx_HAL_Driver\Src\stm32f1xx_hal_uart.o
                0x08005a78                HAL_UART_IRQHandler
 .text.UART_DMAAbortOnError
                0x08005bb8       0x10 Drivers\STM32F1xx_HAL_Driver\Src\stm32f1xx_hal_uart.o
 .text.Reset_Handler
                0x08005bc8       0x48 startup\startup_stm32f103xb.o
                0x08005bc8                Reset_Handler
 .text.Default_Handler
                0x08005c10        0x2 startup\startup_stm32f103xb.o
                0x08005c10                RTC_Alarm_IRQHandler
                0x08005c10                EXTI2_IRQHandler
                0x08005c10                TIM1_CC_IRQHandler
                0x08005c10                PVD_IRQHandler
                0x08005c10                EXTI3_IRQHandler
                0x08005c10                EXTI0_IRQHandler
                0x08005c10                I2C2_EV_IRQHandler
                0x08005c10                ADC1_2_IRQHandler
                0x08005c10                SPI1_IRQHandler
                0x08005c10                TAMPER_IRQHandler
                0x08005c10                DMA1_Channel4_IRQHandler
                0x08005c10                USART3_IRQHandler
                0x08005c10                RTC_IRQHandler
                0x08005c10                DMA1_Channel7_IRQHandler
                0x08005c10                TIM4_IRQHandler
                0x08005c10                I2C1_EV_IRQHandler
                0x08005c10                DMA1_Channel6_IRQHandler
                0x08005c10                RCC_IRQHandler
                0x08005c10                TIM1_TRG_COM_IRQHandler
                0x08005c10                DMA1_Channel1_IRQHandler
                0x08005c10                Default_Handler
                0x08005c10                EXTI15_10_IRQHandler
                0x08005c10                EXTI9_5_IRQHandler
                0x08005c10                SPI2_IRQHandler
                0x08005c10                DMA1_Channel5_IRQHandler
                0x08005c10                EXTI4_IRQHandler
                0x08005c10                DMA1_Channel3_IRQHandler
                0x08005c10                TIM1_UP_IRQHandler
                0x08005c10                WWDG_IRQHandler
                0x08005c10                TIM2_IRQHandler
                0x08005c10                TIM1_BRK_IRQHandler
                0x08005c10                I2C2_ER_IRQHandler
                0x08005c10                DMA1_Channel2_IRQHandler
                0x08005c10                CAN1_SCE_IRQHandler
                0x08005c10                FLASH_IRQHandler
                0x08005c10                USART1_IRQHandler
                0x08005c10                I2C1_ER_IRQHandler
                0x08005c10                USBWakeUp_IRQHandler
 *fill*         0x08005c12        0x2 
 .text._ZN10__cxxabiv120__si_class_type_infoD2Ev
                0x08005c14       0x14 d:/programs/atollic truestudio/truestudio for stm32 9.3.0/armtools/bin/../lib/gcc/arm-atollic-eabi/6.3.1/../../../../arm-atollic-eabi/lib/armv7-m\libstdc++_nano.a(si_class_type_info.o)
                0x08005c14                __cxxabiv1::__si_class_type_info::~__si_class_type_info()
                0x08005c14                __cxxabiv1::__si_class_type_info::~__si_class_type_info()
 .text._ZN10__cxxabiv120__si_class_type_infoD0Ev
                0x08005c28       0x14 d:/programs/atollic truestudio/truestudio for stm32 9.3.0/armtools/bin/../lib/gcc/arm-atollic-eabi/6.3.1/../../../../arm-atollic-eabi/lib/armv7-m\libstdc++_nano.a(si_class_type_info.o)
                0x08005c28                __cxxabiv1::__si_class_type_info::~__si_class_type_info()
 .text._ZNK10__cxxabiv120__si_class_type_info20__do_find_public_srcEiPKvPKNS_17__class_type_infoES2_
                0x08005c3c       0x38 d:/programs/atollic truestudio/truestudio for stm32 9.3.0/armtools/bin/../lib/gcc/arm-atollic-eabi/6.3.1/../../../../arm-atollic-eabi/lib/armv7-m\libstdc++_nano.a(si_class_type_info.o)
                0x08005c3c                __cxxabiv1::__si_class_type_info::__do_find_public_src(int, void const*, __cxxabiv1::__class_type_info const*, void const*) const
 .text._ZNK10__cxxabiv120__si_class_type_info12__do_dyncastEiNS_17__class_type_info10__sub_kindEPKS1_PKvS4_S6_RNS1_16__dyncast_resultE
                0x08005c74       0x7c d:/programs/atollic truestudio/truestudio for stm32 9.3.0/armtools/bin/../lib/gcc/arm-atollic-eabi/6.3.1/../../../../arm-atollic-eabi/lib/armv7-m\libstdc++_nano.a(si_class_type_info.o)
                0x08005c74                __cxxabiv1::__si_class_type_info::__do_dyncast(int, __cxxabiv1::__class_type_info::__sub_kind, __cxxabiv1::__class_type_info const*, void const*, __cxxabiv1::__class_type_info const*, void const*, __cxxabiv1::__class_type_info::__dyncast_result&) const
 .text._ZNK10__cxxabiv120__si_class_type_info11__do_upcastEPKNS_17__class_type_infoEPKvRNS1_15__upcast_resultE
                0x08005cf0       0x2a d:/programs/atollic truestudio/truestudio for stm32 9.3.0/armtools/bin/../lib/gcc/arm-atollic-eabi/6.3.1/../../../../arm-atollic-eabi/lib/armv7-m\libstdc++_nano.a(si_class_type_info.o)
                0x08005cf0                __cxxabiv1::__si_class_type_info::__do_upcast(__cxxabiv1::__class_type_info const*, void const*, __cxxabiv1::__class_type_info::__upcast_result&) const
 .text._ZdlPv   0x08005d1a        0x4 d:/programs/atollic truestudio/truestudio for stm32 9.3.0/armtools/bin/../lib/gcc/arm-atollic-eabi/6.3.1/../../../../arm-atollic-eabi/lib/armv7-m\libstdc++_nano.a(del_op.o)
                0x08005d1a                operator delete(void*)
 .text._ZdaPv   0x08005d1e        0x4 d:/programs/atollic truestudio/truestudio for stm32 9.3.0/armtools/bin/../lib/gcc/arm-atollic-eabi/6.3.1/../../../../arm-atollic-eabi/lib/armv7-m\libstdc++_nano.a(del_opv.o)
                0x08005d1e                operator delete[](void*)
 .text.__aeabi_atexit
                0x08005d22        0xa d:/programs/atollic truestudio/truestudio for stm32 9.3.0/armtools/bin/../lib/gcc/arm-atollic-eabi/6.3.1/../../../../arm-atollic-eabi/lib/armv7-m\libstdc++_nano.a(atexit_arm.o)
                0x08005d22                __aeabi_atexit
 .text.__cxa_pure_virtual
                0x08005d2c        0x6 d:/programs/atollic truestudio/truestudio for stm32 9.3.0/armtools/bin/../lib/gcc/arm-atollic-eabi/6.3.1/../../../../arm-atollic-eabi/lib/armv7-m\libstdc++_nano.a(pure.o)
                0x08005d2c                __cxa_pure_virtual
 .text._ZN10__cxxabiv111__terminateEPFvvE
                0x08005d32        0x8 d:/programs/atollic truestudio/truestudio for stm32 9.3.0/armtools/bin/../lib/gcc/arm-atollic-eabi/6.3.1/../../../../arm-atollic-eabi/lib/armv7-m\libstdc++_nano.a(eh_terminate.o)
                0x08005d32                __cxxabiv1::__terminate(void (*)())
 *fill*         0x08005d3a        0x2 
 .text._ZSt13get_terminatev
                0x08005d3c       0x10 d:/programs/atollic truestudio/truestudio for stm32 9.3.0/armtools/bin/../lib/gcc/arm-atollic-eabi/6.3.1/../../../../arm-atollic-eabi/lib/armv7-m\libstdc++_nano.a(eh_terminate.o)
                0x08005d3c                std::get_terminate()
 .text._ZSt9terminatev
                0x08005d4c        0xa d:/programs/atollic truestudio/truestudio for stm32 9.3.0/armtools/bin/../lib/gcc/arm-atollic-eabi/6.3.1/../../../../arm-atollic-eabi/lib/armv7-m\libstdc++_nano.a(eh_terminate.o)
                0x08005d4c                std::terminate()
 .text._ZN10__cxxabiv112__unexpectedEPFvvE
                0x08005d56        0x8 d:/programs/atollic truestudio/truestudio for stm32 9.3.0/armtools/bin/../lib/gcc/arm-atollic-eabi/6.3.1/../../../../arm-atollic-eabi/lib/armv7-m\libstdc++_nano.a(eh_terminate.o)
                0x08005d56                __cxxabiv1::__unexpected(void (*)())
 *fill*         0x08005d5e        0x2 
 .text._ZSt14get_unexpectedv
                0x08005d60       0x10 d:/programs/atollic truestudio/truestudio for stm32 9.3.0/armtools/bin/../lib/gcc/arm-atollic-eabi/6.3.1/../../../../arm-atollic-eabi/lib/armv7-m\libstdc++_nano.a(eh_terminate.o)
                0x08005d60                std::get_unexpected()
 .text._ZSt10unexpectedv
                0x08005d70        0xa d:/programs/atollic truestudio/truestudio for stm32 9.3.0/armtools/bin/../lib/gcc/arm-atollic-eabi/6.3.1/../../../../arm-atollic-eabi/lib/armv7-m\libstdc++_nano.a(eh_terminate.o)
                0x08005d70                std::unexpected()
 .text._Znwj    0x08005d7a       0x22 d:/programs/atollic truestudio/truestudio for stm32 9.3.0/armtools/bin/../lib/gcc/arm-atollic-eabi/6.3.1/../../../../arm-atollic-eabi/lib/armv7-m\libstdc++_nano.a(new_op.o)
                0x08005d7a                operator new(unsigned int)
 .text._Znaj    0x08005d9c        0x4 d:/programs/atollic truestudio/truestudio for stm32 9.3.0/armtools/bin/../lib/gcc/arm-atollic-eabi/6.3.1/../../../../arm-atollic-eabi/lib/armv7-m\libstdc++_nano.a(new_opv.o)
                0x08005d9c                operator new[](unsigned int)
 .text.__cxa_end_cleanup
                0x08005da0        0xc d:/programs/atollic truestudio/truestudio for stm32 9.3.0/armtools/bin/../lib/gcc/arm-atollic-eabi/6.3.1/../../../../arm-atollic-eabi/lib/armv7-m\libstdc++_nano.a(eh_arm.o)
                0x08005da0                __cxa_end_cleanup
 .text._ZN10__cxxabiv1L24__is_gxx_exception_classEPc
                0x08005dac       0x3a d:/programs/atollic truestudio/truestudio for stm32 9.3.0/armtools/bin/../lib/gcc/arm-atollic-eabi/6.3.1/../../../../arm-atollic-eabi/lib/armv7-m\libstdc++_nano.a(eh_arm.o)
 *fill*         0x08005de6        0x2 
 .text.__cxa_type_match
                0x08005de8       0xbc d:/programs/atollic truestudio/truestudio for stm32 9.3.0/armtools/bin/../lib/gcc/arm-atollic-eabi/6.3.1/../../../../arm-atollic-eabi/lib/armv7-m\libstdc++_nano.a(eh_arm.o)
                0x08005de8                __cxa_type_match
 .text.__cxa_begin_cleanup
                0x08005ea4       0x3a d:/programs/atollic truestudio/truestudio for stm32 9.3.0/armtools/bin/../lib/gcc/arm-atollic-eabi/6.3.1/../../../../arm-atollic-eabi/lib/armv7-m\libstdc++_nano.a(eh_arm.o)
                0x08005ea4                __cxa_begin_cleanup
 .text.__gnu_end_cleanup
                0x08005ede       0x32 d:/programs/atollic truestudio/truestudio for stm32 9.3.0/armtools/bin/../lib/gcc/arm-atollic-eabi/6.3.1/../../../../arm-atollic-eabi/lib/armv7-m\libstdc++_nano.a(eh_arm.o)
                0x08005ede                __gnu_end_cleanup
 .text._ZL12read_uleb128PKhPm
                0x08005f10       0x22 d:/programs/atollic truestudio/truestudio for stm32 9.3.0/armtools/bin/../lib/gcc/arm-atollic-eabi/6.3.1/../../../../arm-atollic-eabi/lib/armv7-m\libstdc++_nano.a(eh_personality.o)
 .text._ZL12read_sleb128PKhPl
                0x08005f32       0x30 d:/programs/atollic truestudio/truestudio for stm32 9.3.0/armtools/bin/../lib/gcc/arm-atollic-eabi/6.3.1/../../../../arm-atollic-eabi/lib/armv7-m\libstdc++_nano.a(eh_personality.o)
 .text._ZL28read_encoded_value_with_basehjPKhPj
                0x08005f62       0x88 d:/programs/atollic truestudio/truestudio for stm32 9.3.0/armtools/bin/../lib/gcc/arm-atollic-eabi/6.3.1/../../../../arm-atollic-eabi/lib/armv7-m\libstdc++_nano.a(eh_personality.o)
 .text._ZL21base_of_encoded_valuehP15_Unwind_Context
                0x08005fea       0x46 d:/programs/atollic truestudio/truestudio for stm32 9.3.0/armtools/bin/../lib/gcc/arm-atollic-eabi/6.3.1/../../../../arm-atollic-eabi/lib/armv7-m\libstdc++_nano.a(eh_personality.o)
 .text._ZL18read_encoded_valueP15_Unwind_ContexthPKhPj
                0x08006030       0x20 d:/programs/atollic truestudio/truestudio for stm32 9.3.0/armtools/bin/../lib/gcc/arm-atollic-eabi/6.3.1/../../../../arm-atollic-eabi/lib/armv7-m\libstdc++_nano.a(eh_personality.o)
 .text._ZL17parse_lsda_headerP15_Unwind_ContextPKhP16lsda_header_info
                0x08006050       0x5c d:/programs/atollic truestudio/truestudio for stm32 9.3.0/armtools/bin/../lib/gcc/arm-atollic-eabi/6.3.1/../../../../arm-atollic-eabi/lib/armv7-m\libstdc++_nano.a(eh_personality.o)
 .text._Unwind_GetGR
                0x080060ac       0x18 d:/programs/atollic truestudio/truestudio for stm32 9.3.0/armtools/bin/../lib/gcc/arm-atollic-eabi/6.3.1/../../../../arm-atollic-eabi/lib/armv7-m\libstdc++_nano.a(eh_personality.o)
 .text.__gxx_personality_v0
                0x080060c4      0x370 d:/programs/atollic truestudio/truestudio for stm32 9.3.0/armtools/bin/../lib/gcc/arm-atollic-eabi/6.3.1/../../../../arm-atollic-eabi/lib/armv7-m\libstdc++_nano.a(eh_personality.o)
                0x080060c4                __gxx_personality_v0
 .text._ZdlPvj  0x08006434        0x4 d:/programs/atollic truestudio/truestudio for stm32 9.3.0/armtools/bin/../lib/gcc/arm-atollic-eabi/6.3.1/../../../../arm-atollic-eabi/lib/armv7-m\libstdc++_nano.a(del_ops.o)
                0x08006434                operator delete(void*, unsigned int)
 .text._ZSt15get_new_handlerv
                0x08006438       0x10 d:/programs/atollic truestudio/truestudio for stm32 9.3.0/armtools/bin/../lib/gcc/arm-atollic-eabi/6.3.1/../../../../arm-atollic-eabi/lib/armv7-m\libstdc++_nano.a(new_handler.o)
                0x08006438                std::get_new_handler()
 .text._ZNK10__cxxabiv117__class_type_info11__do_upcastEPKS0_PPv
                0x08006448       0x34 d:/programs/atollic truestudio/truestudio for stm32 9.3.0/armtools/bin/../lib/gcc/arm-atollic-eabi/6.3.1/../../../../arm-atollic-eabi/lib/armv7-m\libstdc++_nano.a(class_type_info.o)
                0x08006448                __cxxabiv1::__class_type_info::__do_upcast(__cxxabiv1::__class_type_info const*, void**) const
 .text._ZNK10__cxxabiv117__class_type_info20__do_find_public_srcEiPKvPKS0_S2_
                0x0800647c        0xc d:/programs/atollic truestudio/truestudio for stm32 9.3.0/armtools/bin/../lib/gcc/arm-atollic-eabi/6.3.1/../../../../arm-atollic-eabi/lib/armv7-m\libstdc++_nano.a(class_type_info.o)
                0x0800647c                __cxxabiv1::__class_type_info::__do_find_public_src(int, void const*, __cxxabiv1::__class_type_info const*, void const*) const
 .text._ZN10__cxxabiv117__class_type_infoD2Ev
                0x08006488       0x14 d:/programs/atollic truestudio/truestudio for stm32 9.3.0/armtools/bin/../lib/gcc/arm-atollic-eabi/6.3.1/../../../../arm-atollic-eabi/lib/armv7-m\libstdc++_nano.a(class_type_info.o)
                0x08006488                __cxxabiv1::__class_type_info::~__class_type_info()
                0x08006488                __cxxabiv1::__class_type_info::~__class_type_info()
 .text._ZN10__cxxabiv117__class_type_infoD0Ev
                0x0800649c       0x14 d:/programs/atollic truestudio/truestudio for stm32 9.3.0/armtools/bin/../lib/gcc/arm-atollic-eabi/6.3.1/../../../../arm-atollic-eabi/lib/armv7-m\libstdc++_nano.a(class_type_info.o)
                0x0800649c                __cxxabiv1::__class_type_info::~__class_type_info()
 .text._ZNK10__cxxabiv117__class_type_info11__do_upcastEPKS0_PKvRNS0_15__upcast_resultE
                0x080064b0       0x18 d:/programs/atollic truestudio/truestudio for stm32 9.3.0/armtools/bin/../lib/gcc/arm-atollic-eabi/6.3.1/../../../../arm-atollic-eabi/lib/armv7-m\libstdc++_nano.a(class_type_info.o)
                0x080064b0                __cxxabiv1::__class_type_info::__do_upcast(__cxxabiv1::__class_type_info const*, void const*, __cxxabiv1::__class_type_info::__upcast_result&) const
 .text._ZNK10__cxxabiv117__class_type_info10__do_catchEPKSt9type_infoPPvj
                0x080064c8       0x2a d:/programs/atollic truestudio/truestudio for stm32 9.3.0/armtools/bin/../lib/gcc/arm-atollic-eabi/6.3.1/../../../../arm-atollic-eabi/lib/armv7-m\libstdc++_nano.a(class_type_info.o)
                0x080064c8                __cxxabiv1::__class_type_info::__do_catch(std::type_info const*, void**, unsigned int) const
 .text._ZNK10__cxxabiv117__class_type_info12__do_dyncastEiNS0_10__sub_kindEPKS0_PKvS3_S5_RNS0_16__dyncast_resultE
                0x080064f2       0x38 d:/programs/atollic truestudio/truestudio for stm32 9.3.0/armtools/bin/../lib/gcc/arm-atollic-eabi/6.3.1/../../../../arm-atollic-eabi/lib/armv7-m\libstdc++_nano.a(class_type_info.o)
                0x080064f2                __cxxabiv1::__class_type_info::__do_dyncast(int, __cxxabiv1::__class_type_info::__sub_kind, __cxxabiv1::__class_type_info const*, void const*, __cxxabiv1::__class_type_info const*, void const*, __cxxabiv1::__class_type_info::__dyncast_result&) const
 .text._ZNSt9type_infoD2Ev
                0x0800652a        0x2 d:/programs/atollic truestudio/truestudio for stm32 9.3.0/armtools/bin/../lib/gcc/arm-atollic-eabi/6.3.1/../../../../arm-atollic-eabi/lib/armv7-m\libstdc++_nano.a(tinfo.o)
                0x0800652a                std::type_info::~type_info()
                0x0800652a                std::type_info::~type_info()
 .text._ZNKSt9type_info15__is_function_pEv
                0x0800652c        0x4 d:/programs/atollic truestudio/truestudio for stm32 9.3.0/armtools/bin/../lib/gcc/arm-atollic-eabi/6.3.1/../../../../arm-atollic-eabi/lib/armv7-m\libstdc++_nano.a(tinfo.o)
                0x0800652c                std::type_info::__is_pointer_p() const
                0x0800652c                std::type_info::__is_function_p() const
 .text._ZNKSt9type_infoeqERKS_
                0x08006530       0x2c d:/programs/atollic truestudio/truestudio for stm32 9.3.0/armtools/bin/../lib/gcc/arm-atollic-eabi/6.3.1/../../../../arm-atollic-eabi/lib/armv7-m\libstdc++_nano.a(tinfo.o)
                0x08006530                std::type_info::operator==(std::type_info const&) const
 .text._ZN10__cxxabiv1L24__is_gxx_exception_classEPc
                0x0800655c       0x3a d:/programs/atollic truestudio/truestudio for stm32 9.3.0/armtools/bin/../lib/gcc/arm-atollic-eabi/6.3.1/../../../../arm-atollic-eabi/lib/armv7-m\libstdc++_nano.a(eh_call.o)
 .text.__cxa_call_terminate
                0x08006596       0x1e d:/programs/atollic truestudio/truestudio for stm32 9.3.0/armtools/bin/../lib/gcc/arm-atollic-eabi/6.3.1/../../../../arm-atollic-eabi/lib/armv7-m\libstdc++_nano.a(eh_call.o)
                0x08006596                __cxa_call_terminate
 .text.__cxa_call_unexpected
                0x080065b4       0x28 d:/programs/atollic truestudio/truestudio for stm32 9.3.0/armtools/bin/../lib/gcc/arm-atollic-eabi/6.3.1/../../../../arm-atollic-eabi/lib/armv7-m\libstdc++_nano.a(eh_call.o)
                0x080065b4                __cxa_call_unexpected
 .text._ZN10__cxxabiv1L24__is_gxx_exception_classEPc
                0x080065dc       0x3a d:/programs/atollic truestudio/truestudio for stm32 9.3.0/armtools/bin/../lib/gcc/arm-atollic-eabi/6.3.1/../../../../arm-atollic-eabi/lib/armv7-m\libstdc++_nano.a(eh_catch.o)
 .text.__cxa_begin_catch
                0x08006616       0x54 d:/programs/atollic truestudio/truestudio for stm32 9.3.0/armtools/bin/../lib/gcc/arm-atollic-eabi/6.3.1/../../../../arm-atollic-eabi/lib/armv7-m\libstdc++_nano.a(eh_catch.o)
                0x08006616                __cxa_begin_catch
 *fill*         0x0800666a        0x2 
 .text.__cxa_get_globals
                0x0800666c        0x8 d:/programs/atollic truestudio/truestudio for stm32 9.3.0/armtools/bin/../lib/gcc/arm-atollic-eabi/6.3.1/../../../../arm-atollic-eabi/lib/armv7-m\libstdc++_nano.a(eh_globals.o)
                0x0800666c                __cxa_get_globals
 .text.cosf     0x08006674       0x68 d:/programs/atollic truestudio/truestudio for stm32 9.3.0/armtools/bin/../lib/gcc/arm-atollic-eabi/6.3.1/../../../../arm-atollic-eabi/lib/armv7-m\libm.a(lib_a-sf_cos.o)
                0x08006674                cosf
 .text.log2f    0x080066dc       0x14 d:/programs/atollic truestudio/truestudio for stm32 9.3.0/armtools/bin/../lib/gcc/arm-atollic-eabi/6.3.1/../../../../arm-atollic-eabi/lib/armv7-m\libm.a(lib_a-sf_log2.o)
                0x080066dc                log2f
 .text.sinf     0x080066f0       0x6c d:/programs/atollic truestudio/truestudio for stm32 9.3.0/armtools/bin/../lib/gcc/arm-atollic-eabi/6.3.1/../../../../arm-atollic-eabi/lib/armv7-m\libm.a(lib_a-sf_sin.o)
                0x080066f0                sinf
 .text.logf     0x0800675c       0xe4 d:/programs/atollic truestudio/truestudio for stm32 9.3.0/armtools/bin/../lib/gcc/arm-atollic-eabi/6.3.1/../../../../arm-atollic-eabi/lib/armv7-m\libm.a(lib_a-wf_log.o)
                0x0800675c                logf
 .text.powf     0x08006840      0x2d8 d:/programs/atollic truestudio/truestudio for stm32 9.3.0/armtools/bin/../lib/gcc/arm-atollic-eabi/6.3.1/../../../../arm-atollic-eabi/lib/armv7-m\libm.a(lib_a-wf_pow.o)
                0x08006840                powf
 .text.sqrtf    0x08006b18       0x94 d:/programs/atollic truestudio/truestudio for stm32 9.3.0/armtools/bin/../lib/gcc/arm-atollic-eabi/6.3.1/../../../../arm-atollic-eabi/lib/armv7-m\libm.a(lib_a-wf_sqrt.o)
                0x08006b18                sqrtf
 .text.__ieee754_logf
                0x08006bac      0x280 d:/programs/atollic truestudio/truestudio for stm32 9.3.0/armtools/bin/../lib/gcc/arm-atollic-eabi/6.3.1/../../../../arm-atollic-eabi/lib/armv7-m\libm.a(lib_a-ef_log.o)
                0x08006bac                __ieee754_logf
 .text.__ieee754_powf
                0x08006e2c      0x698 d:/programs/atollic truestudio/truestudio for stm32 9.3.0/armtools/bin/../lib/gcc/arm-atollic-eabi/6.3.1/../../../../arm-atollic-eabi/lib/armv7-m\libm.a(lib_a-ef_pow.o)
                0x08006e2c                __ieee754_powf
 .text.__ieee754_rem_pio2f
                0x080074c4      0x2b0 d:/programs/atollic truestudio/truestudio for stm32 9.3.0/armtools/bin/../lib/gcc/arm-atollic-eabi/6.3.1/../../../../arm-atollic-eabi/lib/armv7-m\libm.a(lib_a-ef_rem_pio2.o)
                0x080074c4                __ieee754_rem_pio2f
 .text.__ieee754_sqrtf
                0x08007774       0xa4 d:/programs/atollic truestudio/truestudio for stm32 9.3.0/armtools/bin/../lib/gcc/arm-atollic-eabi/6.3.1/../../../../arm-atollic-eabi/lib/armv7-m\libm.a(lib_a-ef_sqrt.o)
                0x08007774                __ieee754_sqrtf
 .text.__kernel_cosf
                0x08007818      0x128 d:/programs/atollic truestudio/truestudio for stm32 9.3.0/armtools/bin/../lib/gcc/arm-atollic-eabi/6.3.1/../../../../arm-atollic-eabi/lib/armv7-m\libm.a(lib_a-kf_cos.o)
                0x08007818                __kernel_cosf
 .text.__kernel_rem_pio2f
                0x08007940      0x51c d:/programs/atollic truestudio/truestudio for stm32 9.3.0/armtools/bin/../lib/gcc/arm-atollic-eabi/6.3.1/../../../../arm-atollic-eabi/lib/armv7-m\libm.a(lib_a-kf_rem_pio2.o)
                0x08007940                __kernel_rem_pio2f
 .text.__kernel_sinf
                0x08007e5c       0xec d:/programs/atollic truestudio/truestudio for stm32 9.3.0/armtools/bin/../lib/gcc/arm-atollic-eabi/6.3.1/../../../../arm-atollic-eabi/lib/armv7-m\libm.a(lib_a-kf_sin.o)
                0x08007e5c                __kernel_sinf
 .text.matherr  0x08007f48        0x4 d:/programs/atollic truestudio/truestudio for stm32 9.3.0/armtools/bin/../lib/gcc/arm-atollic-eabi/6.3.1/../../../../arm-atollic-eabi/lib/armv7-m\libm.a(lib_a-s_matherr.o)
                0x08007f48                matherr
 .text.nan      0x08007f4c        0xc d:/programs/atollic truestudio/truestudio for stm32 9.3.0/armtools/bin/../lib/gcc/arm-atollic-eabi/6.3.1/../../../../arm-atollic-eabi/lib/armv7-m\libm.a(lib_a-s_nan.o)
                0x08007f4c                nan
 .text.rint     0x08007f58      0x110 d:/programs/atollic truestudio/truestudio for stm32 9.3.0/armtools/bin/../lib/gcc/arm-atollic-eabi/6.3.1/../../../../arm-atollic-eabi/lib/armv7-m\libm.a(lib_a-s_rint.o)
                0x08007f58                rint
 .text.fabsf    0x08008068        0x6 d:/programs/atollic truestudio/truestudio for stm32 9.3.0/armtools/bin/../lib/gcc/arm-atollic-eabi/6.3.1/../../../../arm-atollic-eabi/lib/armv7-m\libm.a(lib_a-sf_fabs.o)
                0x08008068                fabsf
 .text.finitef  0x0800806e       0x10 d:/programs/atollic truestudio/truestudio for stm32 9.3.0/armtools/bin/../lib/gcc/arm-atollic-eabi/6.3.1/../../../../arm-atollic-eabi/lib/armv7-m\libm.a(lib_a-sf_finite.o)
                0x0800806e                finitef
 *fill*         0x0800807e        0x2 
 .text.floorf   0x08008080       0x80 d:/programs/atollic truestudio/truestudio for stm32 9.3.0/armtools/bin/../lib/gcc/arm-atollic-eabi/6.3.1/../../../../arm-atollic-eabi/lib/armv7-m\libm.a(lib_a-sf_floor.o)
                0x08008080                floorf
 .text.nanf     0x08008100        0x8 d:/programs/atollic truestudio/truestudio for stm32 9.3.0/armtools/bin/../lib/gcc/arm-atollic-eabi/6.3.1/../../../../arm-atollic-eabi/lib/armv7-m\libm.a(lib_a-sf_nan.o)
                0x08008100                nanf
 .text.scalbnf  0x08008108       0x98 d:/programs/atollic truestudio/truestudio for stm32 9.3.0/armtools/bin/../lib/gcc/arm-atollic-eabi/6.3.1/../../../../arm-atollic-eabi/lib/armv7-m\libm.a(lib_a-sf_scalbn.o)
                0x08008108                scalbnf
 .text.copysignf
                0x080081a0        0xc d:/programs/atollic truestudio/truestudio for stm32 9.3.0/armtools/bin/../lib/gcc/arm-atollic-eabi/6.3.1/../../../../arm-atollic-eabi/lib/armv7-m\libm.a(lib_a-sf_copysign.o)
                0x080081a0                copysignf
 .text.abort    0x080081ac        0xe d:/programs/atollic truestudio/truestudio for stm32 9.3.0/armtools/bin/../lib/gcc/arm-atollic-eabi/6.3.1/../../../../arm-atollic-eabi/lib/armv7-m\libc_nano.a(lib_a-abort.o)
                0x080081ac                abort
 *fill*         0x080081ba        0x2 
 .text.__cxa_atexit
                0x080081bc       0x1c d:/programs/atollic truestudio/truestudio for stm32 9.3.0/armtools/bin/../lib/gcc/arm-atollic-eabi/6.3.1/../../../../arm-atollic-eabi/lib/armv7-m\libc_nano.a(lib_a-cxa_atexit.o)
                0x080081bc                __cxa_atexit
 .text.__errno  0x080081d8        0xc d:/programs/atollic truestudio/truestudio for stm32 9.3.0/armtools/bin/../lib/gcc/arm-atollic-eabi/6.3.1/../../../../arm-atollic-eabi/lib/armv7-m\libc_nano.a(lib_a-errno.o)
                0x080081d8                __errno
 .text.__libc_init_array
                0x080081e4       0x48 d:/programs/atollic truestudio/truestudio for stm32 9.3.0/armtools/bin/../lib/gcc/arm-atollic-eabi/6.3.1/../../../../arm-atollic-eabi/lib/armv7-m\libc_nano.a(lib_a-init.o)
                0x080081e4                __libc_init_array
 .text.malloc   0x0800822c       0x10 d:/programs/atollic truestudio/truestudio for stm32 9.3.0/armtools/bin/../lib/gcc/arm-atollic-eabi/6.3.1/../../../../arm-atollic-eabi/lib/armv7-m\libc_nano.a(lib_a-malloc.o)
                0x0800822c                malloc
 .text.free     0x0800823c       0x10 d:/programs/atollic truestudio/truestudio for stm32 9.3.0/armtools/bin/../lib/gcc/arm-atollic-eabi/6.3.1/../../../../arm-atollic-eabi/lib/armv7-m\libc_nano.a(lib_a-malloc.o)
                0x0800823c                free
 .text.memset   0x0800824c       0x10 d:/programs/atollic truestudio/truestudio for stm32 9.3.0/armtools/bin/../lib/gcc/arm-atollic-eabi/6.3.1/../../../../arm-atollic-eabi/lib/armv7-m\libc_nano.a(lib_a-memset.o)
                0x0800824c                memset
 .text._free_r  0x0800825c       0x98 d:/programs/atollic truestudio/truestudio for stm32 9.3.0/armtools/bin/../lib/gcc/arm-atollic-eabi/6.3.1/../../../../arm-atollic-eabi/lib/armv7-m\libc_nano.a(lib_a-nano-freer.o)
                0x0800825c                _free_r
 .text._malloc_r
                0x080082f4       0xbc d:/programs/atollic truestudio/truestudio for stm32 9.3.0/armtools/bin/../lib/gcc/arm-atollic-eabi/6.3.1/../../../../arm-atollic-eabi/lib/armv7-m\libc_nano.a(lib_a-nano-mallocr.o)
                0x080082f4                _malloc_r
 .text._sbrk_r  0x080083b0       0x20 d:/programs/atollic truestudio/truestudio for stm32 9.3.0/armtools/bin/../lib/gcc/arm-atollic-eabi/6.3.1/../../../../arm-atollic-eabi/lib/armv7-m\libc_nano.a(lib_a-sbrkr.o)
                0x080083b0                _sbrk_r
 .text._raise_r
                0x080083d0       0x50 d:/programs/atollic truestudio/truestudio for stm32 9.3.0/armtools/bin/../lib/gcc/arm-atollic-eabi/6.3.1/../../../../arm-atollic-eabi/lib/armv7-m\libc_nano.a(lib_a-signal.o)
                0x080083d0                _raise_r
 .text.raise    0x08008420       0x10 d:/programs/atollic truestudio/truestudio for stm32 9.3.0/armtools/bin/../lib/gcc/arm-atollic-eabi/6.3.1/../../../../arm-atollic-eabi/lib/armv7-m\libc_nano.a(lib_a-signal.o)
                0x08008420                raise
 .text._kill_r  0x08008430       0x24 d:/programs/atollic truestudio/truestudio for stm32 9.3.0/armtools/bin/../lib/gcc/arm-atollic-eabi/6.3.1/../../../../arm-atollic-eabi/lib/armv7-m\libc_nano.a(lib_a-signalr.o)
                0x08008430                _kill_r
 .text._getpid_r
                0x08008454        0x4 d:/programs/atollic truestudio/truestudio for stm32 9.3.0/armtools/bin/../lib/gcc/arm-atollic-eabi/6.3.1/../../../../arm-atollic-eabi/lib/armv7-m\libc_nano.a(lib_a-signalr.o)
                0x08008454                _getpid_r
 .text.__malloc_lock
                0x08008458        0x2 d:/programs/atollic truestudio/truestudio for stm32 9.3.0/armtools/bin/../lib/gcc/arm-atollic-eabi/6.3.1/../../../../arm-atollic-eabi/lib/armv7-m\libc_nano.a(lib_a-mlock.o)
                0x08008458                __malloc_lock
 .text.__malloc_unlock
                0x0800845a        0x2 d:/programs/atollic truestudio/truestudio for stm32 9.3.0/armtools/bin/../lib/gcc/arm-atollic-eabi/6.3.1/../../../../arm-atollic-eabi/lib/armv7-m\libc_nano.a(lib_a-mlock.o)
                0x0800845a                __malloc_unlock
 .text.memcpy   0x0800845c       0x16 d:/programs/atollic truestudio/truestudio for stm32 9.3.0/armtools/bin/../lib/gcc/arm-atollic-eabi/6.3.1/../../../../arm-atollic-eabi/lib/armv7-m\libc_nano.a(lib_a-memcpy-stub.o)
                0x0800845c                memcpy
 *(.glue_7)
 .glue_7        0x08008472        0x0 linker stubs
 *(.glue_7t)
 .glue_7t       0x08008472        0x0 linker stubs
 *(.eh_frame)
 *fill*         0x08008472        0x2 
 .eh_frame      0x08008474        0x0 d:/programs/atollic truestudio/truestudio for stm32 9.3.0/armtools/bin/../lib/gcc/arm-atollic-eabi/6.3.1/armv7-m/crtbegin.o
 *(.init)
 .init          0x08008474        0x4 d:/programs/atollic truestudio/truestudio for stm32 9.3.0/armtools/bin/../lib/gcc/arm-atollic-eabi/6.3.1/armv7-m/crti.o
                0x08008474                _init
 .init          0x08008478        0x8 d:/programs/atollic truestudio/truestudio for stm32 9.3.0/armtools/bin/../lib/gcc/arm-atollic-eabi/6.3.1/armv7-m/crtn.o
 *(.fini)
 .fini          0x08008480        0x4 d:/programs/atollic truestudio/truestudio for stm32 9.3.0/armtools/bin/../lib/gcc/arm-atollic-eabi/6.3.1/armv7-m/crti.o
                0x08008480                _fini
 .fini          0x08008484        0x8 d:/programs/atollic truestudio/truestudio for stm32 9.3.0/armtools/bin/../lib/gcc/arm-atollic-eabi/6.3.1/armv7-m/crtn.o
                0x0800848c                . = ALIGN (0x4)
                0x0800848c                _etext = .

.vfp11_veneer   0x0800848c        0x0
 .vfp11_veneer  0x0800848c        0x0 linker stubs

.v4_bx          0x0800848c        0x0
 .v4_bx         0x0800848c        0x0 linker stubs

.iplt           0x0800848c        0x0
 .iplt          0x0800848c        0x0 d:/programs/atollic truestudio/truestudio for stm32 9.3.0/armtools/bin/../lib/gcc/arm-atollic-eabi/6.3.1/armv7-m/crtbegin.o

.rodata         0x08008490      0x718
                0x08008490                . = ALIGN (0x4)
 *(.rodata)
 .rodata        0x08008490       0x22 Core\Src\AllTasks.o
                0x08008490                vtable for AllTasks
                0x080084a0                typeinfo for AllTasks
                0x080084a8                typeinfo name for AllTasks
 *fill*         0x080084b2        0x2 
 .rodata        0x080084b4       0x29 Core\Src\CanSendManager.o
                0x080084b4                vtable for CanSendManager
                0x080084c4                typeinfo for CanSendManager
                0x080084cc                typeinfo name for CanSendManager
 *fill*         0x080084dd        0x3 
 .rodata        0x080084e0       0xbb Core\Src\Filters.o
                0x080084e0                vtable for NullFilter
                0x080084f4                vtable for KalmanFilter
                0x08008508                vtable for BiquadFilter
                0x0800851c                vtable for PT1Filter
                0x08008530                typeinfo for NullFilter
                0x0800853c                typeinfo name for NullFilter
                0x0800854c                typeinfo for KalmanFilter
                0x08008558                typeinfo name for KalmanFilter
                0x08008568                typeinfo for BiquadFilter
                0x08008574                typeinfo name for BiquadFilter
                0x08008584                typeinfo for PT1Filter
                0x08008590                typeinfo name for PT1Filter
 *fill*         0x0800859b        0x1 
 .rodata        0x0800859c       0x20 Core\Src\Futaba.o
                0x0800859c                vtable for Futaba
                0x080085ac                typeinfo for Futaba
                0x080085b4                typeinfo name for Futaba
 .rodata        0x080085bc       0x26 Core\Src\ModeManager.o
                0x080085bc                vtable for ModeManager
                0x080085cc                typeinfo for ModeManager
                0x080085d4                typeinfo name for ModeManager
 *fill*         0x080085e2        0x2 
 .rodata        0x080085e4       0x27 Core\Src\MotorManager.o
                0x080085e4                vtable for MotorManager
                0x080085f4                typeinfo for MotorManager
                0x080085fc                typeinfo name for MotorManager
 *fill*         0x0800860b        0x1 
 .rodata        0x0800860c       0x1f Core\Src\Tools.o
                0x0800860c                vtable for Tools
                0x0800861c                typeinfo for Tools
                0x08008624                typeinfo name for Tools
 .rodata        0x0800862b       0x10 Drivers\STM32F1xx_HAL_Driver\Src\stm32f1xx_hal_rcc.o
 *(.rodata*)
 *fill*         0x0800863b        0x1 
 .rodata._ZTV6Filter
                0x0800863c       0x14 Core\Src\Filters.o
                0x0800863c                vtable for Filter
 .rodata._ZTI6Filter
                0x08008650        0x8 Core\Src\Filters.o
                0x08008650                typeinfo for Filter
 .rodata._ZTS6Filter
                0x08008658        0x8 Core\Src\Filters.o
                0x08008658                typeinfo name for Filter
 .rodata.AHBPrescTable
                0x08008660       0x10 Core\Src\system_stm32f1xx.o
                0x08008660                AHBPrescTable
 .rodata.APBPrescTable
                0x08008670        0x8 Core\Src\system_stm32f1xx.o
                0x08008670                APBPrescTable
 .rodata._ZTIN10__cxxabiv120__si_class_type_infoE
                0x08008678        0xc d:/programs/atollic truestudio/truestudio for stm32 9.3.0/armtools/bin/../lib/gcc/arm-atollic-eabi/6.3.1/../../../../arm-atollic-eabi/lib/armv7-m\libstdc++_nano.a(si_class_type_info.o)
                0x08008678                typeinfo for __cxxabiv1::__si_class_type_info
 .rodata._ZTSN10__cxxabiv120__si_class_type_infoE
                0x08008684       0x25 d:/programs/atollic truestudio/truestudio for stm32 9.3.0/armtools/bin/../lib/gcc/arm-atollic-eabi/6.3.1/../../../../arm-atollic-eabi/lib/armv7-m\libstdc++_nano.a(si_class_type_info.o)
                0x08008684                typeinfo name for __cxxabiv1::__si_class_type_info
 *fill*         0x080086a9        0x3 
 .rodata._ZTVN10__cxxabiv120__si_class_type_infoE
                0x080086ac       0x2c d:/programs/atollic truestudio/truestudio for stm32 9.3.0/armtools/bin/../lib/gcc/arm-atollic-eabi/6.3.1/../../../../arm-atollic-eabi/lib/armv7-m\libstdc++_nano.a(si_class_type_info.o)
                0x080086ac                vtable for __cxxabiv1::__si_class_type_info
 .rodata._ZTIN10__cxxabiv117__class_type_infoE
                0x080086d8        0xc d:/programs/atollic truestudio/truestudio for stm32 9.3.0/armtools/bin/../lib/gcc/arm-atollic-eabi/6.3.1/../../../../arm-atollic-eabi/lib/armv7-m\libstdc++_nano.a(class_type_info.o)
                0x080086d8                typeinfo for __cxxabiv1::__class_type_info
 .rodata._ZTSN10__cxxabiv117__class_type_infoE
                0x080086e4       0x22 d:/programs/atollic truestudio/truestudio for stm32 9.3.0/armtools/bin/../lib/gcc/arm-atollic-eabi/6.3.1/../../../../arm-atollic-eabi/lib/armv7-m\libstdc++_nano.a(class_type_info.o)
                0x080086e4                typeinfo name for __cxxabiv1::__class_type_info
 *fill*         0x08008706        0x2 
 .rodata._ZTVN10__cxxabiv117__class_type_infoE
                0x08008708       0x2c d:/programs/atollic truestudio/truestudio for stm32 9.3.0/armtools/bin/../lib/gcc/arm-atollic-eabi/6.3.1/../../../../arm-atollic-eabi/lib/armv7-m\libstdc++_nano.a(class_type_info.o)
                0x08008708                vtable for __cxxabiv1::__class_type_info
 .rodata._ZTISt9type_info
                0x08008734        0x8 d:/programs/atollic truestudio/truestudio for stm32 9.3.0/armtools/bin/../lib/gcc/arm-atollic-eabi/6.3.1/../../../../arm-atollic-eabi/lib/armv7-m\libstdc++_nano.a(tinfo.o)
                0x08008734                typeinfo for std::type_info
 .rodata._ZTSSt9type_info
                0x0800873c        0xd d:/programs/atollic truestudio/truestudio for stm32 9.3.0/armtools/bin/../lib/gcc/arm-atollic-eabi/6.3.1/../../../../arm-atollic-eabi/lib/armv7-m\libstdc++_nano.a(tinfo.o)
                0x0800873c                typeinfo name for std::type_info
 *fill*         0x08008749        0x3 
 .rodata._ZTIN10__cxxabiv115__forced_unwindE
                0x0800874c        0x8 d:/programs/atollic truestudio/truestudio for stm32 9.3.0/armtools/bin/../lib/gcc/arm-atollic-eabi/6.3.1/../../../../arm-atollic-eabi/lib/armv7-m\libstdc++_nano.a(eh_exception.o)
                0x0800874c                typeinfo for __cxxabiv1::__forced_unwind
 .rodata._ZTIN10__cxxabiv119__foreign_exceptionE
                0x08008754        0x8 d:/programs/atollic truestudio/truestudio for stm32 9.3.0/armtools/bin/../lib/gcc/arm-atollic-eabi/6.3.1/../../../../arm-atollic-eabi/lib/armv7-m\libstdc++_nano.a(eh_exception.o)
                0x08008754                typeinfo for __cxxabiv1::__foreign_exception
 .rodata._ZTSN10__cxxabiv115__forced_unwindE
                0x0800875c       0x20 d:/programs/atollic truestudio/truestudio for stm32 9.3.0/armtools/bin/../lib/gcc/arm-atollic-eabi/6.3.1/../../../../arm-atollic-eabi/lib/armv7-m\libstdc++_nano.a(eh_exception.o)
                0x0800875c                typeinfo name for __cxxabiv1::__forced_unwind
 .rodata._ZTSN10__cxxabiv119__foreign_exceptionE
                0x0800877c       0x24 d:/programs/atollic truestudio/truestudio for stm32 9.3.0/armtools/bin/../lib/gcc/arm-atollic-eabi/6.3.1/../../../../arm-atollic-eabi/lib/armv7-m\libstdc++_nano.a(eh_exception.o)
                0x0800877c                typeinfo name for __cxxabiv1::__foreign_exception
 .rodata.logf.str1.1
                0x080087a0        0x5 d:/programs/atollic truestudio/truestudio for stm32 9.3.0/armtools/bin/../lib/gcc/arm-atollic-eabi/6.3.1/../../../../arm-atollic-eabi/lib/armv7-m\libm.a(lib_a-wf_log.o)
                                  0x6 (size before relaxing)
 .rodata.powf.str1.1
                0x080087a5        0x5 d:/programs/atollic truestudio/truestudio for stm32 9.3.0/armtools/bin/../lib/gcc/arm-atollic-eabi/6.3.1/../../../../arm-atollic-eabi/lib/armv7-m\libm.a(lib_a-wf_pow.o)
 .rodata.sqrtf.str1.1
                0x080087aa        0x6 d:/programs/atollic truestudio/truestudio for stm32 9.3.0/armtools/bin/../lib/gcc/arm-atollic-eabi/6.3.1/../../../../arm-atollic-eabi/lib/armv7-m\libm.a(lib_a-wf_sqrt.o)
 .rodata.__ieee754_powf.str1.1
                0x080087b0        0x1 d:/programs/atollic truestudio/truestudio for stm32 9.3.0/armtools/bin/../lib/gcc/arm-atollic-eabi/6.3.1/../../../../arm-atollic-eabi/lib/armv7-m\libm.a(lib_a-ef_pow.o)
 .rodata.bp     0x080087b0        0x8 d:/programs/atollic truestudio/truestudio for stm32 9.3.0/armtools/bin/../lib/gcc/arm-atollic-eabi/6.3.1/../../../../arm-atollic-eabi/lib/armv7-m\libm.a(lib_a-ef_pow.o)
 .rodata.dp_h   0x080087b8        0x8 d:/programs/atollic truestudio/truestudio for stm32 9.3.0/armtools/bin/../lib/gcc/arm-atollic-eabi/6.3.1/../../../../arm-atollic-eabi/lib/armv7-m\libm.a(lib_a-ef_pow.o)
 .rodata.dp_l   0x080087c0        0x8 d:/programs/atollic truestudio/truestudio for stm32 9.3.0/armtools/bin/../lib/gcc/arm-atollic-eabi/6.3.1/../../../../arm-atollic-eabi/lib/armv7-m\libm.a(lib_a-ef_pow.o)
 .rodata.npio2_hw
                0x080087c8       0x80 d:/programs/atollic truestudio/truestudio for stm32 9.3.0/armtools/bin/../lib/gcc/arm-atollic-eabi/6.3.1/../../../../arm-atollic-eabi/lib/armv7-m\libm.a(lib_a-ef_rem_pio2.o)
 .rodata.two_over_pi
                0x08008848      0x318 d:/programs/atollic truestudio/truestudio for stm32 9.3.0/armtools/bin/../lib/gcc/arm-atollic-eabi/6.3.1/../../../../arm-atollic-eabi/lib/armv7-m\libm.a(lib_a-ef_rem_pio2.o)
 .rodata.PIo2   0x08008b60       0x2c d:/programs/atollic truestudio/truestudio for stm32 9.3.0/armtools/bin/../lib/gcc/arm-atollic-eabi/6.3.1/../../../../arm-atollic-eabi/lib/armv7-m\libm.a(lib_a-kf_rem_pio2.o)
 .rodata.init_jk
                0x08008b8c        0xc d:/programs/atollic truestudio/truestudio for stm32 9.3.0/armtools/bin/../lib/gcc/arm-atollic-eabi/6.3.1/../../../../arm-atollic-eabi/lib/armv7-m\libm.a(lib_a-kf_rem_pio2.o)
 .rodata.TWO52  0x08008b98       0x10 d:/programs/atollic truestudio/truestudio for stm32 9.3.0/armtools/bin/../lib/gcc/arm-atollic-eabi/6.3.1/../../../../arm-atollic-eabi/lib/armv7-m\libm.a(lib_a-s_rint.o)
                0x08008ba8                . = ALIGN (0x4)

.ARM.extab      0x08008ba8      0x188
 *(.ARM.extab* .gnu.linkonce.armextab.*)
 .ARM.extab.text._ZN8AllTasks4initEv
                0x08008ba8        0xc Core\Src\AllTasks.o
 .ARM.extab.text._ZN8AllTasks7processEv
                0x08008bb4        0xc Core\Src\AllTasks.o
 .ARM.extab.text._ZN14CanSendManager7sendMsgENS_9SEND_MODEE
                0x08008bc0        0xc Core\Src\CanSendManager.o
 .ARM.extab.text._ZN14CanSendManager23encode_frame_big_endianEh
                0x08008bcc        0xc Core\Src\CanSendManager.o
 .ARM.extab.text._ZN14CanSendManager7processEffNS_9SEND_MODEE
                0x08008bd8        0xc Core\Src\CanSendManager.o
 .ARM.extab.text._ZN14CanSendManager11setVelocityEff
                0x08008be4        0xc Core\Src\CanSendManager.o
 .ARM.extab.text._ZN14CanSendManager7setTurnEff
                0x08008bf0        0xc Core\Src\CanSendManager.o
 .ARM.extab.text._ZN14CanSendManager9setStatusEN11ModeManager7RC_MODEENS0_10DRIVE_MODEE
                0x08008bfc        0xc Core\Src\CanSendManager.o
 .ARM.extab.text._ZN14CanSendManager12hal_can_sendEmm
                0x08008c08        0xc Core\Src\CanSendManager.o
 .ARM.extab.text._ZN6FilterC2Ev
                0x08008c14        0x0 Core\Src\Filters.o
 .ARM.extab.text._ZN6FilterD2Ev
                0x08008c14        0x0 Core\Src\Filters.o
 .ARM.extab.text._ZN6FilterD0Ev
                0x08008c14        0x0 Core\Src\Filters.o
 .ARM.extab.text._ZN10NullFilterD2Ev
                0x08008c14        0x0 Core\Src\Filters.o
 .ARM.extab.text._ZN10NullFilterD0Ev
                0x08008c14        0x0 Core\Src\Filters.o
 .ARM.extab.text._ZN12BiquadFilterC2E18biquadFilterType_efff
                0x08008c14       0x1a Core\Src\Filters.o
 *fill*         0x08008c2e        0x2 
 .ARM.extab.text._ZN6Futaba15sbusDataReceiveEh
                0x08008c30        0xc Core\Src\Futaba.o
 .ARM.extab.text._ZN6Futaba4InitEv
                0x08008c3c        0xc Core\Src\Futaba.o
 .ARM.extab.text._ZN6Futaba7ProcessEv
                0x08008c48        0xc Core\Src\Futaba.o
 .ARM.extab.text._ZN6Futaba18ConfigureSmoothingEff
                0x08008c54       0x1c Core\Src\Futaba.o
 .ARM.extab.text._ZN6Futaba10RxCallbackEv
                0x08008c70        0xc Core\Src\Futaba.o
 .ARM.extab.text._ZSt3absImEN9__gnu_cxx11__enable_ifIXsrSt12__is_integerIT_E7__valueEdE6__typeES3_
                0x08008c7c        0x0 Core\Src\Futaba.o
 .ARM.extab.text._ZN11ModeManager4initEv
                0x08008c7c        0xc Core\Src\ModeManager.o
 .ARM.extab.text._ZN11ModeManager8proccessEv
                0x08008c88        0xc Core\Src\ModeManager.o
 .ARM.extab.text._ZN11ModeManager8setModesEv
                0x08008c94        0xc Core\Src\ModeManager.o
 .ARM.extab.text._ZN11ModeManager13checkRideModeEv
                0x08008ca0        0xc Core\Src\ModeManager.o
 .ARM.extab.text._ZN12MotorManager7processEv
                0x08008cac        0xc Core\Src\MotorManager.o
 .ARM.extab.text._ZN12MotorManager14DriveModeCheckEv
                0x08008cb8        0xc Core\Src\MotorManager.o
 .ARM.extab.text._ZN12MotorManager11RCModeCheckEv
                0x08008cc4        0xc Core\Src\MotorManager.o
 .ARM.extab.text._ZN12MotorManager14setMaxVelocityEv
                0x08008cd0        0xc Core\Src\MotorManager.o
 .ARM.extab.text._ZN5Tools4InitEv
                0x08008cdc        0xc Core\Src\Tools.o
 .ARM.extab.text.HAL_TIM_PeriodElapsedCallback
                0x08008ce8        0xc Core\Src\main.o
 .ARM.extab.text.HAL_UART_RxCpltCallback
                0x08008cf4        0xc Core\Src\main.o
 .ARM.extab.text.main
                0x08008d00        0xc Core\Src\main.o
 .ARM.extab.text._Z18SystemClock_Configv
                0x08008d0c        0xc Core\Src\main.o
 .ARM.extab     0x08008d18       0x18 d:/programs/atollic truestudio/truestudio for stm32 9.3.0/armtools/bin/../lib/gcc/arm-atollic-eabi/6.3.1/armv7-m\libgcc.a(pr-support.o)

.ARM            0x08008d30      0x1f8
                0x08008d30                __exidx_start = .
 *(.ARM.exidx*)
 .ARM.exidx.text._ZN8AllTasksC2Ev
                0x08008de8        0x0 Core\Src\AllTasks.o
                                  0x8 (size before relaxing)
 .ARM.exidx.text._ZN8AllTasks4initEv
                0x08008de8        0x8 Core\Src\AllTasks.o
 .ARM.exidx.text._ZN8AllTasks7processEv
                0x08008df0        0x8 Core\Src\AllTasks.o
 .ARM.exidx.text._ZN8AllTasksD2Ev
                0x08008df8        0x8 Core\Src\AllTasks.o
 .ARM.exidx.text._ZN8AllTasksD0Ev
                0x08008e00        0x0 Core\Src\AllTasks.o
                                  0x8 (size before relaxing)
 .ARM.exidx.text._Z41__static_initialization_and_destruction_0ii
                0x08008e00        0x0 Core\Src\AllTasks.o
                                  0x8 (size before relaxing)
 .ARM.exidx.text._GLOBAL__sub_I_allTasks
                0x08008e00        0x0 Core\Src\AllTasks.o
                                  0x8 (size before relaxing)
 .ARM.exidx.text._ZN14CanSendManager4initEv
                0x08008e00        0x0 Core\Src\CanSendManager.o
                                  0x8 (size before relaxing)
 .ARM.exidx.text._ZN14CanSendManager11clearTxBuffEv
                0x08008e00        0x0 Core\Src\CanSendManager.o
                                  0x8 (size before relaxing)
 .ARM.exidx.text._ZN14CanSendManager7sendMsgENS_9SEND_MODEE
                0x08008e00        0x8 Core\Src\CanSendManager.o