ModeManager.cpp:32:6:void ModeManager::init()	24	static
ModeManager.cpp:43:6:void ModeManager::proccess()	16	static
ModeManager.cpp:57:6:void ModeManager::setModes()	16	static
ModeManager.cpp:81:6:void ModeManager::checkRideMode()	16	static
ModeManager.cpp:92:6:void ModeManager::checkUnlockDriveTimer()	16	static
ModeManager.cpp:110:6:void ModeManager::ToggleServiceMode()	16	static
ModeManager.cpp:115:6:void ModeManager::unlockDriveTimmerIT()	16	static
ModeManager.cpp:123:6:void ModeManager::startUnlockDriveTimer()	16	static
ModeManager.cpp:128:6:void ModeManager::breakUnlockDriveTimer()	16	static
ModeManager.cpp:134:22:ModeManager::RC_MODE ModeManager::getRCmode()	16	static
ModeManager.cpp:138:25:ModeManager::DRIVE_MODE ModeManager::getDriveMode()	16	static
ModeManager.cpp:142:24:ModeManager::RIDE_MODE ModeManager::getRideMode()	16	static
ModeManager.cpp:148:1:ModeManager::ModeManager()	16	static
ModeManager.cpp:153:1:ModeManager::~ModeManager()	16	static
ModeManager.cpp:153:1:virtual ModeManager::~ModeManager()	16	static
ModeManager.cpp:155:1:void __static_initialization_and_destruction_0(int, int)	16	static
ModeManager.cpp:155:1:cpp)	8	static
